Archive member included to satisfy reference by file (symbol)

/usr/local/Cellar/arm-none-eabi-gcc/10.3-2021.07/gcc/bin/../lib/gcc/arm-none-eabi/10.3.1/thumb/v7e-m/nofp/libgcc.a(_aeabi_uldivmod.o)
                              CMakeFiles/led.elf.dir/Drivers/STM32F4xx_HAL_Driver/Src/stm32f4xx_hal_rcc.c.obj (__aeabi_uldivmod)
/usr/local/Cellar/arm-none-eabi-gcc/10.3-2021.07/gcc/bin/../lib/gcc/arm-none-eabi/10.3.1/thumb/v7e-m/nofp/libgcc.a(_udivmoddi4.o)
                              /usr/local/Cellar/arm-none-eabi-gcc/10.3-2021.07/gcc/bin/../lib/gcc/arm-none-eabi/10.3.1/thumb/v7e-m/nofp/libgcc.a(_aeabi_uldivmod.o) (__udivmoddi4)
/usr/local/Cellar/arm-none-eabi-gcc/10.3-2021.07/gcc/bin/../lib/gcc/arm-none-eabi/10.3.1/thumb/v7e-m/nofp/libgcc.a(_dvmd_tls.o)
                              /usr/local/Cellar/arm-none-eabi-gcc/10.3-2021.07/gcc/bin/../lib/gcc/arm-none-eabi/10.3.1/thumb/v7e-m/nofp/libgcc.a(_aeabi_uldivmod.o) (__aeabi_ldiv0)
/usr/local/Cellar/arm-none-eabi-gcc/10.3-2021.07/gcc/bin/../lib/gcc/arm-none-eabi/10.3.1/../../../../arm-none-eabi/lib/thumb/v7e-m/nofp/libg.a(lib_a-errno.o)
                              CMakeFiles/led.elf.dir/Core/Src/syscalls.c.obj (__errno)
/usr/local/Cellar/arm-none-eabi-gcc/10.3-2021.07/gcc/bin/../lib/gcc/arm-none-eabi/10.3.1/../../../../arm-none-eabi/lib/thumb/v7e-m/nofp/libg.a(lib_a-exit.o)
                              /usr/local/Cellar/arm-none-eabi-gcc/10.3-2021.07/gcc/bin/../lib/gcc/arm-none-eabi/10.3.1/../../../../arm-none-eabi/lib/thumb/v7e-m/nofp/crt0.o (exit)
/usr/local/Cellar/arm-none-eabi-gcc/10.3-2021.07/gcc/bin/../lib/gcc/arm-none-eabi/10.3.1/../../../../arm-none-eabi/lib/thumb/v7e-m/nofp/libg.a(lib_a-impure.o)
                              /usr/local/Cellar/arm-none-eabi-gcc/10.3-2021.07/gcc/bin/../lib/gcc/arm-none-eabi/10.3.1/../../../../arm-none-eabi/lib/thumb/v7e-m/nofp/libg.a(lib_a-exit.o) (_global_impure_ptr)
/usr/local/Cellar/arm-none-eabi-gcc/10.3-2021.07/gcc/bin/../lib/gcc/arm-none-eabi/10.3.1/../../../../arm-none-eabi/lib/thumb/v7e-m/nofp/libg.a(lib_a-init.o)
                              /usr/local/Cellar/arm-none-eabi-gcc/10.3-2021.07/gcc/bin/../lib/gcc/arm-none-eabi/10.3.1/../../../../arm-none-eabi/lib/thumb/v7e-m/nofp/crt0.o (__libc_init_array)
/usr/local/Cellar/arm-none-eabi-gcc/10.3-2021.07/gcc/bin/../lib/gcc/arm-none-eabi/10.3.1/../../../../arm-none-eabi/lib/thumb/v7e-m/nofp/libg.a(lib_a-memset.o)
                              /usr/local/Cellar/arm-none-eabi-gcc/10.3-2021.07/gcc/bin/../lib/gcc/arm-none-eabi/10.3.1/../../../../arm-none-eabi/lib/thumb/v7e-m/nofp/crt0.o (memset)
/usr/local/Cellar/arm-none-eabi-gcc/10.3-2021.07/gcc/bin/../lib/gcc/arm-none-eabi/10.3.1/../../../../arm-none-eabi/lib/thumb/v7e-m/nofp/libg.a(lib_a-__call_atexit.o)
                              /usr/local/Cellar/arm-none-eabi-gcc/10.3-2021.07/gcc/bin/../lib/gcc/arm-none-eabi/10.3.1/../../../../arm-none-eabi/lib/thumb/v7e-m/nofp/libg.a(lib_a-exit.o) (__call_exitprocs)
/usr/local/Cellar/arm-none-eabi-gcc/10.3-2021.07/gcc/bin/../lib/gcc/arm-none-eabi/10.3.1/../../../../arm-none-eabi/lib/thumb/v7e-m/nofp/libg.a(lib_a-atexit.o)
                              /usr/local/Cellar/arm-none-eabi-gcc/10.3-2021.07/gcc/bin/../lib/gcc/arm-none-eabi/10.3.1/../../../../arm-none-eabi/lib/thumb/v7e-m/nofp/libg.a(lib_a-__call_atexit.o) (atexit)
/usr/local/Cellar/arm-none-eabi-gcc/10.3-2021.07/gcc/bin/../lib/gcc/arm-none-eabi/10.3.1/../../../../arm-none-eabi/lib/thumb/v7e-m/nofp/libg.a(lib_a-fini.o)
                              /usr/local/Cellar/arm-none-eabi-gcc/10.3-2021.07/gcc/bin/../lib/gcc/arm-none-eabi/10.3.1/../../../../arm-none-eabi/lib/thumb/v7e-m/nofp/libg.a(lib_a-__call_atexit.o) (__libc_fini_array)
/usr/local/Cellar/arm-none-eabi-gcc/10.3-2021.07/gcc/bin/../lib/gcc/arm-none-eabi/10.3.1/../../../../arm-none-eabi/lib/thumb/v7e-m/nofp/libg.a(lib_a-lock.o)
                              /usr/local/Cellar/arm-none-eabi-gcc/10.3-2021.07/gcc/bin/../lib/gcc/arm-none-eabi/10.3.1/../../../../arm-none-eabi/lib/thumb/v7e-m/nofp/libg.a(lib_a-__call_atexit.o) (__retarget_lock_acquire_recursive)
/usr/local/Cellar/arm-none-eabi-gcc/10.3-2021.07/gcc/bin/../lib/gcc/arm-none-eabi/10.3.1/../../../../arm-none-eabi/lib/thumb/v7e-m/nofp/libg.a(lib_a-__atexit.o)
                              /usr/local/Cellar/arm-none-eabi-gcc/10.3-2021.07/gcc/bin/../lib/gcc/arm-none-eabi/10.3.1/../../../../arm-none-eabi/lib/thumb/v7e-m/nofp/libg.a(lib_a-atexit.o) (__register_exitproc)

Discarded input sections

 .text          0x0000000000000000        0x0 /usr/local/Cellar/arm-none-eabi-gcc/10.3-2021.07/gcc/bin/../lib/gcc/arm-none-eabi/10.3.1/thumb/v7e-m/nofp/crti.o
 .data          0x0000000000000000        0x0 /usr/local/Cellar/arm-none-eabi-gcc/10.3-2021.07/gcc/bin/../lib/gcc/arm-none-eabi/10.3.1/thumb/v7e-m/nofp/crti.o
 .bss           0x0000000000000000        0x0 /usr/local/Cellar/arm-none-eabi-gcc/10.3-2021.07/gcc/bin/../lib/gcc/arm-none-eabi/10.3.1/thumb/v7e-m/nofp/crti.o
[...]
Memory Configuration

Name             Origin             Length             Attributes
CCMRAM           0x0000000010000000 0x0000000000010000 xrw
RAM              0x0000000020000000 0x0000000000020000 xrw
FLASH            0x0000000008000000 0x0000000000100000 xr
*default*        0x0000000000000000 0xffffffffffffffff

Linker script and memory map

LOAD /usr/local/Cellar/arm-none-eabi-gcc/10.3-2021.07/gcc/bin/../lib/gcc/arm-none-eabi/10.3.1/thumb/v7e-m/nofp/crti.o
LOAD /usr/local/Cellar/arm-none-eabi-gcc/10.3-2021.07/gcc/bin/../lib/gcc/arm-none-eabi/10.3.1/thumb/v7e-m/nofp/crtbegin.o
LOAD /usr/local/Cellar/arm-none-eabi-gcc/10.3-2021.07/gcc/bin/../lib/gcc/arm-none-eabi/10.3.1/../../../../arm-none-eabi/lib/thumb/v7e-m/nofp/crt0.o
LOAD CMakeFiles/led.elf.dir/Core/Src/gpio.c.obj
LOAD CMakeFiles/led.elf.dir/Core/Src/main.c.obj
LOAD CMakeFiles/led.elf.dir/Core/Src/stm32f4xx_hal_msp.c.obj
LOAD CMakeFiles/led.elf.dir/Core/Src/stm32f4xx_it.c.obj
LOAD CMakeFiles/led.elf.dir/Core/Src/syscalls.c.obj
LOAD CMakeFiles/led.elf.dir/Core/Src/sysmem.c.obj
LOAD CMakeFiles/led.elf.dir/Core/Src/system_stm32f4xx.c.obj
LOAD CMakeFiles/led.elf.dir/Core/Startup/startup_stm32f407ighx.s.obj
LOAD CMakeFiles/led.elf.dir/Drivers/STM32F4xx_HAL_Driver/Src/stm32f4xx_hal.c.obj
LOAD CMakeFiles/led.elf.dir/Drivers/STM32F4xx_HAL_Driver/Src/stm32f4xx_hal_cortex.c.obj
LOAD CMakeFiles/led.elf.dir/Drivers/STM32F4xx_HAL_Driver/Src/stm32f4xx_hal_dma.c.obj
LOAD CMakeFiles/led.elf.dir/Drivers/STM32F4xx_HAL_Driver/Src/stm32f4xx_hal_dma_ex.c.obj
LOAD CMakeFiles/led.elf.dir/Drivers/STM32F4xx_HAL_Driver/Src/stm32f4xx_hal_exti.c.obj
LOAD CMakeFiles/led.elf.dir/Drivers/STM32F4xx_HAL_Driver/Src/stm32f4xx_hal_flash.c.obj
LOAD CMakeFiles/led.elf.dir/Drivers/STM32F4xx_HAL_Driver/Src/stm32f4xx_hal_flash_ex.c.obj
LOAD CMakeFiles/led.elf.dir/Drivers/STM32F4xx_HAL_Driver/Src/stm32f4xx_hal_flash_ramfunc.c.obj
LOAD CMakeFiles/led.elf.dir/Drivers/STM32F4xx_HAL_Driver/Src/stm32f4xx_hal_gpio.c.obj
LOAD CMakeFiles/led.elf.dir/Drivers/STM32F4xx_HAL_Driver/Src/stm32f4xx_hal_pwr.c.obj
LOAD CMakeFiles/led.elf.dir/Drivers/STM32F4xx_HAL_Driver/Src/stm32f4xx_hal_pwr_ex.c.obj
LOAD CMakeFiles/led.elf.dir/Drivers/STM32F4xx_HAL_Driver/Src/stm32f4xx_hal_rcc.c.obj
LOAD CMakeFiles/led.elf.dir/Drivers/STM32F4xx_HAL_Driver/Src/stm32f4xx_hal_rcc_ex.c.obj
LOAD CMakeFiles/led.elf.dir/Drivers/STM32F4xx_HAL_Driver/Src/stm32f4xx_hal_tim.c.obj
LOAD CMakeFiles/led.elf.dir/Drivers/STM32F4xx_HAL_Driver/Src/stm32f4xx_hal_tim_ex.c.obj
START GROUP
LOAD /usr/local/Cellar/arm-none-eabi-gcc/10.3-2021.07/gcc/bin/../lib/gcc/arm-none-eabi/10.3.1/thumb/v7e-m/nofp/libgcc.a
LOAD /usr/local/Cellar/arm-none-eabi-gcc/10.3-2021.07/gcc/bin/../lib/gcc/arm-none-eabi/10.3.1/../../../../arm-none-eabi/lib/thumb/v7e-m/nofp/libg.a
LOAD /usr/local/Cellar/arm-none-eabi-gcc/10.3-2021.07/gcc/bin/../lib/gcc/arm-none-eabi/10.3.1/../../../../arm-none-eabi/lib/thumb/v7e-m/nofp/libc.a
END GROUP
LOAD /usr/local/Cellar/arm-none-eabi-gcc/10.3-2021.07/gcc/bin/../lib/gcc/arm-none-eabi/10.3.1/thumb/v7e-m/nofp/crtend.o
LOAD /usr/local/Cellar/arm-none-eabi-gcc/10.3-2021.07/gcc/bin/../lib/gcc/arm-none-eabi/10.3.1/thumb/v7e-m/nofp/crtn.o
                0x0000000020020000                _estack = (ORIGIN (RAM) + LENGTH (RAM))
                0x0000000000000200                _Min_Heap_Size = 0x200
                0x0000000000000400                _Min_Stack_Size = 0x400

.isr_vector     0x0000000008000000      0x188
                0x0000000008000000                . = ALIGN (0x4)
 *(.isr_vector)
 .isr_vector    0x0000000008000000      0x188 CMakeFiles/led.elf.dir/Core/Startup/startup_stm32f407ighx.s.obj
                0x0000000008000000                g_pfnVectors
                0x0000000008000188                . = ALIGN (0x4)

.text           0x0000000008000188     0x10ac
                0x0000000008000188                . = ALIGN (0x4)
 *(.text)
 .text          0x0000000008000188       0x40 /usr/local/Cellar/arm-none-eabi-gcc/10.3-2021.07/gcc/bin/../lib/gcc/arm-none-eabi/10.3.1/thumb/v7e-m/nofp/crtbegin.o
 .text          0x00000000080001c8       0x30 /usr/local/Cellar/arm-none-eabi-gcc/10.3-2021.07/gcc/bin/../lib/gcc/arm-none-eabi/10.3.1/thumb/v7e-m/nofp/libgcc.a(_aeabi_uldivmod.o)
                0x00000000080001c8                __aeabi_uldivmod
 .text          0x00000000080001f8      0x2d0 /usr/local/Cellar/arm-none-eabi-gcc/10.3-2021.07/gcc/bin/../lib/gcc/arm-none-eabi/10.3.1/thumb/v7e-m/nofp/libgcc.a(_udivmoddi4.o)
                0x00000000080001f8                __udivmoddi4
 .text          0x00000000080004c8        0x4 /usr/local/Cellar/arm-none-eabi-gcc/10.3-2021.07/gcc/bin/../lib/gcc/arm-none-eabi/10.3.1/thumb/v7e-m/nofp/libgcc.a(_dvmd_tls.o)
                0x00000000080004c8                __aeabi_ldiv0
                0x00000000080004c8                __aeabi_idiv0
 *(.text*)
 .text.MX_GPIO_Init
                0x00000000080004cc       0x6c CMakeFiles/led.elf.dir/Core/Src/gpio.c.obj
                0x00000000080004cc                MX_GPIO_Init
 .text.Error_Handler
                0x0000000008000538        0x4 CMakeFiles/led.elf.dir/Core/Src/main.c.obj
                0x0000000008000538                Error_Handler
 .text.SystemClock_Config
                0x000000000800053c       0xa8 CMakeFiles/led.elf.dir/Core/Src/main.c.obj
                0x000000000800053c                SystemClock_Config
 .text.main     0x00000000080005e4       0x3c CMakeFiles/led.elf.dir/Core/Src/main.c.obj
                0x00000000080005e4                main
 .text.HAL_MspInit
                0x0000000008000620       0x38 CMakeFiles/led.elf.dir/Core/Src/stm32f4xx_hal_msp.c.obj
                0x0000000008000620                HAL_MspInit
 .text.NMI_Handler
                0x0000000008000658        0x2 CMakeFiles/led.elf.dir/Core/Src/stm32f4xx_it.c.obj
                0x0000000008000658                NMI_Handler
 .text.HardFault_Handler
                0x000000000800065a        0x2 CMakeFiles/led.elf.dir/Core/Src/stm32f4xx_it.c.obj
                0x000000000800065a                HardFault_Handler
 .text.MemManage_Handler
                0x000000000800065c        0x2 CMakeFiles/led.elf.dir/Core/Src/stm32f4xx_it.c.obj
                0x000000000800065c                MemManage_Handler
 .text.BusFault_Handler
                0x000000000800065e        0x2 CMakeFiles/led.elf.dir/Core/Src/stm32f4xx_it.c.obj
                0x000000000800065e                BusFault_Handler
 .text.UsageFault_Handler
                0x0000000008000660        0x2 CMakeFiles/led.elf.dir/Core/Src/stm32f4xx_it.c.obj
                0x0000000008000660                UsageFault_Handler
 .text.SVC_Handler
                0x0000000008000662        0x2 CMakeFiles/led.elf.dir/Core/Src/stm32f4xx_it.c.obj
                0x0000000008000662                SVC_Handler
 .text.DebugMon_Handler
                0x0000000008000664        0x2 CMakeFiles/led.elf.dir/Core/Src/stm32f4xx_it.c.obj
                0x0000000008000664                DebugMon_Handler
 .text.PendSV_Handler
                0x0000000008000666        0x2 CMakeFiles/led.elf.dir/Core/Src/stm32f4xx_it.c.obj
                0x0000000008000666                PendSV_Handler
 .text.SysTick_Handler
                0x0000000008000668        0x8 CMakeFiles/led.elf.dir/Core/Src/stm32f4xx_it.c.obj
                0x0000000008000668                SysTick_Handler
 .text.SystemInit
                0x0000000008000670        0x2 CMakeFiles/led.elf.dir/Core/Src/system_stm32f4xx.c.obj
                0x0000000008000670                SystemInit
 *fill*         0x0000000008000672        0x2 
 .text.Reset_Handler
                0x0000000008000674       0x50 CMakeFiles/led.elf.dir/Core/Startup/startup_stm32f407ighx.s.obj
                0x0000000008000674                Reset_Handler
 .text.Default_Handler
                0x00000000080006c4        0x2 CMakeFiles/led.elf.dir/Core/Startup/startup_stm32f407ighx.s.obj
                0x00000000080006c4                DMA1_Stream3_IRQHandler
                0x00000000080006c4                HASH_RNG_IRQHandler
                0x00000000080006c4                EXTI2_IRQHandler
                0x00000000080006c4                TIM8_CC_IRQHandler
                0x00000000080006c4                TIM1_CC_IRQHandler
                0x00000000080006c4                DMA2_Stream5_IRQHandler
                0x00000000080006c4                DMA1_Stream5_IRQHandler
                0x00000000080006c4                PVD_IRQHandler
                0x00000000080006c4                SDIO_IRQHandler
                0x00000000080006c4                TAMP_STAMP_IRQHandler
                0x00000000080006c4                CAN2_RX1_IRQHandler
                0x00000000080006c4                EXTI3_IRQHandler
                0x00000000080006c4                TIM8_TRG_COM_TIM14_IRQHandler
                0x00000000080006c4                TIM1_UP_TIM10_IRQHandler
                0x00000000080006c4                TIM8_UP_TIM13_IRQHandler
                0x00000000080006c4                I2C3_ER_IRQHandler
                0x00000000080006c4                EXTI0_IRQHandler
                0x00000000080006c4                I2C2_EV_IRQHandler
                0x00000000080006c4                DMA1_Stream2_IRQHandler
                0x00000000080006c4                CAN1_RX0_IRQHandler
                0x00000000080006c4                FPU_IRQHandler
                0x00000000080006c4                OTG_HS_WKUP_IRQHandler
                0x00000000080006c4                CAN2_SCE_IRQHandler
                0x00000000080006c4                DMA2_Stream2_IRQHandler
                0x00000000080006c4                SPI1_IRQHandler
                0x00000000080006c4                TIM6_DAC_IRQHandler
                0x00000000080006c4                TIM1_BRK_TIM9_IRQHandler
                0x00000000080006c4                DCMI_IRQHandler
                0x00000000080006c4                CAN2_RX0_IRQHandler
                0x00000000080006c4                DMA2_Stream3_IRQHandler
                0x00000000080006c4                USART6_IRQHandler
                0x00000000080006c4                USART3_IRQHandler
                0x00000000080006c4                CAN1_RX1_IRQHandler
                0x00000000080006c4                UART5_IRQHandler
                0x00000000080006c4                DMA2_Stream0_IRQHandler
                0x00000000080006c4                TIM4_IRQHandler
                0x00000000080006c4                I2C1_EV_IRQHandler
                0x00000000080006c4                DMA1_Stream6_IRQHandler
                0x00000000080006c4                DMA1_Stream1_IRQHandler
                0x00000000080006c4                UART4_IRQHandler
                0x00000000080006c4                TIM3_IRQHandler
                0x00000000080006c4                RCC_IRQHandler
                0x00000000080006c4                TIM8_BRK_TIM12_IRQHandler
                0x00000000080006c4                Default_Handler
                0x00000000080006c4                EXTI15_10_IRQHandler
                0x00000000080006c4                ADC_IRQHandler
                0x00000000080006c4                DMA1_Stream7_IRQHandler
                0x00000000080006c4                TIM7_IRQHandler
                0x00000000080006c4                CAN2_TX_IRQHandler
                0x00000000080006c4                TIM5_IRQHandler
                0x00000000080006c4                DMA2_Stream7_IRQHandler
                0x00000000080006c4                I2C3_EV_IRQHandler
                0x00000000080006c4                EXTI9_5_IRQHandler
                0x00000000080006c4                RTC_WKUP_IRQHandler
                0x00000000080006c4                ETH_WKUP_IRQHandler
                0x00000000080006c4                SPI2_IRQHandler
                0x00000000080006c4                OTG_HS_EP1_IN_IRQHandler
                0x00000000080006c4                DMA1_Stream0_IRQHandler
                0x00000000080006c4                CAN1_TX_IRQHandler
                0x00000000080006c4                EXTI4_IRQHandler
                0x00000000080006c4                FSMC_IRQHandler
                0x00000000080006c4                ETH_IRQHandler
                0x00000000080006c4                OTG_HS_EP1_OUT_IRQHandler
                0x00000000080006c4                WWDG_IRQHandler
                0x00000000080006c4                TIM2_IRQHandler
                0x00000000080006c4                OTG_FS_WKUP_IRQHandler
                0x00000000080006c4                TIM1_TRG_COM_TIM11_IRQHandler
                0x00000000080006c4                OTG_HS_IRQHandler
                0x00000000080006c4                EXTI1_IRQHandler
                0x00000000080006c4                USART2_IRQHandler
                0x00000000080006c4                I2C2_ER_IRQHandler
                0x00000000080006c4                DMA2_Stream1_IRQHandler
                0x00000000080006c4                CAN1_SCE_IRQHandler
                0x00000000080006c4                FLASH_IRQHandler
                0x00000000080006c4                DMA2_Stream4_IRQHandler
                0x00000000080006c4                USART1_IRQHandler
                0x00000000080006c4                OTG_FS_IRQHandler
                0x00000000080006c4                SPI3_IRQHandler
                0x00000000080006c4                DMA1_Stream4_IRQHandler
                0x00000000080006c4                I2C1_ER_IRQHandler
                0x00000000080006c4                DMA2_Stream6_IRQHandler
                0x00000000080006c4                RTC_Alarm_IRQHandler
 *fill*         0x00000000080006c6        0x2 
 .text.HAL_InitTick
                0x00000000080006c8       0x4c CMakeFiles/led.elf.dir/Drivers/STM32F4xx_HAL_Driver/Src/stm32f4xx_hal.c.obj
                0x00000000080006c8                HAL_InitTick
 .text.HAL_Init
                0x0000000008000714       0x34 CMakeFiles/led.elf.dir/Drivers/STM32F4xx_HAL_Driver/Src/stm32f4xx_hal.c.obj
                0x0000000008000714                HAL_Init
 .text.HAL_IncTick
                0x0000000008000748       0x18 CMakeFiles/led.elf.dir/Drivers/STM32F4xx_HAL_Driver/Src/stm32f4xx_hal.c.obj
                0x0000000008000748                HAL_IncTick
 .text.HAL_GetTick
                0x0000000008000760        0xc CMakeFiles/led.elf.dir/Drivers/STM32F4xx_HAL_Driver/Src/stm32f4xx_hal.c.obj
                0x0000000008000760                HAL_GetTick
 .text.HAL_Delay
                0x000000000800076c       0x28 CMakeFiles/led.elf.dir/Drivers/STM32F4xx_HAL_Driver/Src/stm32f4xx_hal.c.obj
                0x000000000800076c                HAL_Delay
 .text.HAL_NVIC_SetPriorityGrouping
                0x0000000008000794       0x24 CMakeFiles/led.elf.dir/Drivers/STM32F4xx_HAL_Driver/Src/stm32f4xx_hal_cortex.c.obj
                0x0000000008000794                HAL_NVIC_SetPriorityGrouping
 .text.HAL_NVIC_SetPriority
                0x00000000080007b8       0x70 CMakeFiles/led.elf.dir/Drivers/STM32F4xx_HAL_Driver/Src/stm32f4xx_hal_cortex.c.obj
                0x00000000080007b8                HAL_NVIC_SetPriority
 .text.HAL_SYSTICK_Config
                0x0000000008000828       0x28 CMakeFiles/led.elf.dir/Drivers/STM32F4xx_HAL_Driver/Src/stm32f4xx_hal_cortex.c.obj
                0x0000000008000828                HAL_SYSTICK_Config
 .text.HAL_GPIO_Init
                0x0000000008000850      0x1e4 CMakeFiles/led.elf.dir/Drivers/STM32F4xx_HAL_Driver/Src/stm32f4xx_hal_gpio.c.obj
                0x0000000008000850                HAL_GPIO_Init
 .text.HAL_GPIO_WritePin
                0x0000000008000a34        0xc CMakeFiles/led.elf.dir/Drivers/STM32F4xx_HAL_Driver/Src/stm32f4xx_hal_gpio.c.obj
                0x0000000008000a34                HAL_GPIO_WritePin
 .text.HAL_GPIO_TogglePin
                0x0000000008000a40       0x12 CMakeFiles/led.elf.dir/Drivers/STM32F4xx_HAL_Driver/Src/stm32f4xx_hal_gpio.c.obj
                0x0000000008000a40                HAL_GPIO_TogglePin
 *fill*         0x0000000008000a52        0x2 
 .text.HAL_RCC_OscConfig
                0x0000000008000a54      0x3f8 CMakeFiles/led.elf.dir/Drivers/STM32F4xx_HAL_Driver/Src/stm32f4xx_hal_rcc.c.obj
                0x0000000008000a54                HAL_RCC_OscConfig
 .text.HAL_RCC_GetSysClockFreq
                0x0000000008000e4c       0xa4 CMakeFiles/led.elf.dir/Drivers/STM32F4xx_HAL_Driver/Src/stm32f4xx_hal_rcc.c.obj
                0x0000000008000e4c                HAL_RCC_GetSysClockFreq
 .text.HAL_RCC_ClockConfig
                0x0000000008000ef0      0x160 CMakeFiles/led.elf.dir/Drivers/STM32F4xx_HAL_Driver/Src/stm32f4xx_hal_rcc.c.obj
                0x0000000008000ef0                HAL_RCC_ClockConfig
 .text.__libc_init_array
                0x0000000008001050       0x48 /usr/local/Cellar/arm-none-eabi-gcc/10.3-2021.07/gcc/bin/../lib/gcc/arm-none-eabi/10.3.1/../../../../arm-none-eabi/lib/thumb/v7e-m/nofp/libg.a(lib_a-init.o)
                0x0000000008001050                __libc_init_array
 .text.memset   0x0000000008001098       0xa4 /usr/local/Cellar/arm-none-eabi-gcc/10.3-2021.07/gcc/bin/../lib/gcc/arm-none-eabi/10.3.1/../../../../arm-none-eabi/lib/thumb/v7e-m/nofp/libg.a(lib_a-memset.o)
                0x0000000008001098                memset
 .text.startup.register_fini
                0x000000000800113c       0x14 /usr/local/Cellar/arm-none-eabi-gcc/10.3-2021.07/gcc/bin/../lib/gcc/arm-none-eabi/10.3.1/../../../../arm-none-eabi/lib/thumb/v7e-m/nofp/libg.a(lib_a-__call_atexit.o)
 .text.atexit   0x0000000008001150        0xc /usr/local/Cellar/arm-none-eabi-gcc/10.3-2021.07/gcc/bin/../lib/gcc/arm-none-eabi/10.3.1/../../../../arm-none-eabi/lib/thumb/v7e-m/nofp/libg.a(lib_a-atexit.o)
                0x0000000008001150                atexit
 .text.__libc_fini_array
                0x000000000800115c       0x2c /usr/local/Cellar/arm-none-eabi-gcc/10.3-2021.07/gcc/bin/../lib/gcc/arm-none-eabi/10.3.1/../../../../arm-none-eabi/lib/thumb/v7e-m/nofp/libg.a(lib_a-fini.o)
                0x000000000800115c                __libc_fini_array
 .text.__retarget_lock_acquire_recursive
                0x0000000008001188        0x4 /usr/local/Cellar/arm-none-eabi-gcc/10.3-2021.07/gcc/bin/../lib/gcc/arm-none-eabi/10.3.1/../../../../arm-none-eabi/lib/thumb/v7e-m/nofp/libg.a(lib_a-lock.o)
                0x0000000008001188                __retarget_lock_acquire_recursive
 .text.__retarget_lock_release_recursive
                0x000000000800118c        0x4 /usr/local/Cellar/arm-none-eabi-gcc/10.3-2021.07/gcc/bin/../lib/gcc/arm-none-eabi/10.3.1/../../../../arm-none-eabi/lib/thumb/v7e-m/nofp/libg.a(lib_a-lock.o)
                0x000000000800118c                __retarget_lock_release_recursive
 .text.__register_exitproc
                0x0000000008001190       0x8c /usr/local/Cellar/arm-none-eabi-gcc/10.3-2021.07/gcc/bin/../lib/gcc/arm-none-eabi/10.3.1/../../../../arm-none-eabi/lib/thumb/v7e-m/nofp/libg.a(lib_a-__atexit.o)
                0x0000000008001190                __register_exitproc
 *(.glue_7)
 .glue_7        0x000000000800121c        0x0 linker stubs
 *(.glue_7t)
 .glue_7t       0x000000000800121c        0x0 linker stubs
 *(.eh_frame)
 .eh_frame      0x000000000800121c        0x0 /usr/local/Cellar/arm-none-eabi-gcc/10.3-2021.07/gcc/bin/../lib/gcc/arm-none-eabi/10.3.1/thumb/v7e-m/nofp/crtbegin.o
 *(.init)
 .init          0x000000000800121c        0x4 /usr/local/Cellar/arm-none-eabi-gcc/10.3-2021.07/gcc/bin/../lib/gcc/arm-none-eabi/10.3.1/thumb/v7e-m/nofp/crti.o
                0x000000000800121c                _init
 .init          0x0000000008001220        0x8 /usr/local/Cellar/arm-none-eabi-gcc/10.3-2021.07/gcc/bin/../lib/gcc/arm-none-eabi/10.3.1/thumb/v7e-m/nofp/crtn.o
 *(.fini)
 .fini          0x0000000008001228        0x4 /usr/local/Cellar/arm-none-eabi-gcc/10.3-2021.07/gcc/bin/../lib/gcc/arm-none-eabi/10.3.1/thumb/v7e-m/nofp/crti.o
                0x0000000008001228                _fini
 .fini          0x000000000800122c        0x8 /usr/local/Cellar/arm-none-eabi-gcc/10.3-2021.07/gcc/bin/../lib/gcc/arm-none-eabi/10.3.1/thumb/v7e-m/nofp/crtn.o
                0x0000000008001234                . = ALIGN (0x4)
                0x0000000008001234                _etext = .

.vfp11_veneer   0x0000000008001234        0x0
 .vfp11_veneer  0x0000000008001234        0x0 linker stubs

.v4_bx          0x0000000008001234        0x0
 .v4_bx         0x0000000008001234        0x0 linker stubs

.iplt           0x0000000008001234        0x0
 .iplt          0x0000000008001234        0x0 /usr/local/Cellar/arm-none-eabi-gcc/10.3-2021.07/gcc/bin/../lib/gcc/arm-none-eabi/10.3.1/thumb/v7e-m/nofp/crtbegin.o

.rodata         0x0000000008001234       0x14
                0x0000000008001234                . = ALIGN (0x4)
 *(.rodata)
 *(.rodata*)
 .rodata.AHBPrescTable
                0x0000000008001234       0x10 CMakeFiles/led.elf.dir/Core/Src/system_stm32f4xx.c.obj
                0x0000000008001234                AHBPrescTable
 .rodata._global_impure_ptr
                0x0000000008001244        0x4 /usr/local/Cellar/arm-none-eabi-gcc/10.3-2021.07/gcc/bin/../lib/gcc/arm-none-eabi/10.3.1/../../../../arm-none-eabi/lib/thumb/v7e-m/nofp/libg.a(lib_a-impure.o)
                0x0000000008001244                _global_impure_ptr
                0x0000000008001248                . = ALIGN (0x4)

.ARM.extab      0x0000000008001248        0x0
                0x0000000008001248                . = ALIGN (0x4)
 *(.ARM.extab* .gnu.linkonce.armextab.*)
                0x0000000008001248                . = ALIGN (0x4)

.ARM            0x0000000008001248        0x8
                0x0000000008001248                . = ALIGN (0x4)
                0x0000000008001248                __exidx_start = .
 *(.ARM.exidx*)
 .ARM.exidx     0x0000000008001248        0x8 /usr/local/Cellar/arm-none-eabi-gcc/10.3-2021.07/gcc/bin/../lib/gcc/arm-none-eabi/10.3.1/thumb/v7e-m/nofp/libgcc.a(_udivmoddi4.o)
                0x0000000008001250                __exidx_end = .
                0x0000000008001250                . = ALIGN (0x4)

.rel.dyn        0x0000000008001250        0x0
 .rel.iplt      0x0000000008001250        0x0 /usr/local/Cellar/arm-none-eabi-gcc/10.3-2021.07/gcc/bin/../lib/gcc/arm-none-eabi/10.3.1/thumb/v7e-m/nofp/crtbegin.o

.preinit_array  0x0000000008001250        0x0
                0x0000000008001250                . = ALIGN (0x4)
                0x0000000008001250                PROVIDE (__preinit_array_start = .)
 *(.preinit_array*)
                0x0000000008001250                PROVIDE (__preinit_array_end = .)
                0x0000000008001250                . = ALIGN (0x4)

.init_array     0x0000000008001250        0x8
                0x0000000008001250                . = ALIGN (0x4)
                0x0000000008001250                PROVIDE (__init_array_start = .)
 *(SORT_BY_NAME(.init_array.*))
 .init_array.00000
                0x0000000008001250        0x4 /usr/local/Cellar/arm-none-eabi-gcc/10.3-2021.07/gcc/bin/../lib/gcc/arm-none-eabi/10.3.1/../../../../arm-none-eabi/lib/thumb/v7e-m/nofp/libg.a(lib_a-__call_atexit.o)
 *(.init_array*)
 .init_array    0x0000000008001254        0x4 /usr/local/Cellar/arm-none-eabi-gcc/10.3-2021.07/gcc/bin/../lib/gcc/arm-none-eabi/10.3.1/thumb/v7e-m/nofp/crtbegin.o
                0x0000000008001258                PROVIDE (__init_array_end = .)
                0x0000000008001258                . = ALIGN (0x4)

.fini_array     0x0000000008001258        0x4
                0x0000000008001258                . = ALIGN (0x4)
                0x0000000008001258                PROVIDE (__fini_array_start = .)
 *(SORT_BY_NAME(.fini_array.*))
 *(.fini_array*)
 .fini_array    0x0000000008001258        0x4 /usr/local/Cellar/arm-none-eabi-gcc/10.3-2021.07/gcc/bin/../lib/gcc/arm-none-eabi/10.3.1/thumb/v7e-m/nofp/crtbegin.o
                0x000000000800125c                PROVIDE (__fini_array_end = .)
                0x000000000800125c                . = ALIGN (0x4)
                0x000000000800125c                _sidata = LOADADDR (.data)

.data           0x0000000020000000      0x43c load address 0x000000000800125c
                0x0000000020000000                . = ALIGN (0x4)
                0x0000000020000000                _sdata = .
 *(.data)
 *(.data*)
 .data.SystemCoreClock
                0x0000000020000000        0x4 CMakeFiles/led.elf.dir/Core/Src/system_stm32f4xx.c.obj
                0x0000000020000000                SystemCoreClock
 .data.uwTickFreq
                0x0000000020000004        0x1 CMakeFiles/led.elf.dir/Drivers/STM32F4xx_HAL_Driver/Src/stm32f4xx_hal.c.obj
                0x0000000020000004                uwTickFreq
 *fill*         0x0000000020000005        0x3 
 .data.uwTickPrio
                0x0000000020000008        0x4 CMakeFiles/led.elf.dir/Drivers/STM32F4xx_HAL_Driver/Src/stm32f4xx_hal.c.obj
                0x0000000020000008                uwTickPrio
 *fill*         0x000000002000000c        0x4 
 .data.impure_data
                0x0000000020000010      0x428 /usr/local/Cellar/arm-none-eabi-gcc/10.3-2021.07/gcc/bin/../lib/gcc/arm-none-eabi/10.3.1/../../../../arm-none-eabi/lib/thumb/v7e-m/nofp/libg.a(lib_a-impure.o)
 .data.__atexit_recursive_mutex
                0x0000000020000438        0x4 /usr/local/Cellar/arm-none-eabi-gcc/10.3-2021.07/gcc/bin/../lib/gcc/arm-none-eabi/10.3.1/../../../../arm-none-eabi/lib/thumb/v7e-m/nofp/libg.a(lib_a-__call_atexit.o)
                0x0000000020000438                __atexit_recursive_mutex
 *(.RamFunc)
 *(.RamFunc*)
                0x000000002000043c                . = ALIGN (0x4)
                0x000000002000043c                _edata = .
                0x0000000008001698                _siccmram = LOADADDR (.ccmram)

.igot.plt       0x000000002000043c        0x0 load address 0x0000000008001698
 .igot.plt      0x000000002000043c        0x0 /usr/local/Cellar/arm-none-eabi-gcc/10.3-2021.07/gcc/bin/../lib/gcc/arm-none-eabi/10.3.1/thumb/v7e-m/nofp/crtbegin.o

.ccmram         0x0000000010000000        0x0 load address 0x0000000008001698
                0x0000000010000000                . = ALIGN (0x4)
                0x0000000010000000                _sccmram = .
 *(.ccmram)
 *(.ccmram*)
                0x0000000010000000                . = ALIGN (0x4)
                0x0000000010000000                _eccmram = .
                0x0000000010000000                . = ALIGN (0x4)

.bss            0x000000002000043c       0x24
                0x000000002000043c                _sbss = .
                0x000000002000043c                __bss_start__ = _sbss
 *(.bss)
 .bss           0x000000002000043c       0x1c /usr/local/Cellar/arm-none-eabi-gcc/10.3-2021.07/gcc/bin/../lib/gcc/arm-none-eabi/10.3.1/thumb/v7e-m/nofp/crtbegin.o
 *(.bss*)
 .bss.uwTick    0x0000000020000458        0x4 CMakeFiles/led.elf.dir/Drivers/STM32F4xx_HAL_Driver/Src/stm32f4xx_hal.c.obj
                0x0000000020000458                uwTick
 .bss.__lock___atexit_recursive_mutex
                0x000000002000045c        0x1 /usr/local/Cellar/arm-none-eabi-gcc/10.3-2021.07/gcc/bin/../lib/gcc/arm-none-eabi/10.3.1/../../../../arm-none-eabi/lib/thumb/v7e-m/nofp/libg.a(lib_a-lock.o)
                0x000000002000045c                __lock___atexit_recursive_mutex
 *(COMMON)
                0x0000000020000460                . = ALIGN (0x4)
 *fill*         0x000000002000045d        0x3 
                0x0000000020000460                _ebss = .
                0x0000000020000460                __bss_end__ = _ebss

._user_heap_stack
                0x0000000020000460      0x600
                0x0000000020000460                . = ALIGN (0x8)
                [!provide]                        PROVIDE (end = .)
                0x0000000020000460                PROVIDE (_end = .)
                0x0000000020000660                . = (. + _Min_Heap_Size)
 *fill*         0x0000000020000460      0x200 
                0x0000000020000a60                . = (. + _Min_Stack_Size)
 *fill*         0x0000000020000660      0x400 
                0x0000000020000a60                . = ALIGN (0x8)

/DISCARD/
 libc.a(*)
 libm.a(*)
 libgcc.a(*)

.ARM.attributes
                0x0000000000000000       0x2a
 *(.ARM.attributes)
 .ARM.attributes
                0x0000000000000000       0x1e /usr/local/Cellar/arm-none-eabi-gcc/10.3-2021.07/gcc/bin/../lib/gcc/arm-none-eabi/10.3.1/thumb/v7e-m/nofp/crti.o
 .ARM.attributes
                0x000000000000001e       0x2e /usr/local/Cellar/arm-none-eabi-gcc/10.3-2021.07/gcc/bin/../lib/gcc/arm-none-eabi/10.3.1/thumb/v7e-m/nofp/crtbegin.o
 .ARM.attributes
                0x000000000000004c       0x2e CMakeFiles/led.elf.dir/Core/Src/gpio.c.obj
 .ARM.attributes
                0x000000000000007a       0x2e CMakeFiles/led.elf.dir/Core/Src/main.c.obj
 .ARM.attributes
                0x00000000000000a8       0x2e CMakeFiles/led.elf.dir/Core/Src/stm32f4xx_hal_msp.c.obj
 .ARM.attributes
                0x00000000000000d6       0x2e CMakeFiles/led.elf.dir/Core/Src/stm32f4xx_it.c.obj
 .ARM.attributes
                0x0000000000000104       0x2e CMakeFiles/led.elf.dir/Core/Src/system_stm32f4xx.c.obj
 .ARM.attributes
                0x0000000000000132       0x21 CMakeFiles/led.elf.dir/Core/Startup/startup_stm32f407ighx.s.obj
 .ARM.attributes
                0x0000000000000153       0x2e CMakeFiles/led.elf.dir/Drivers/STM32F4xx_HAL_Driver/Src/stm32f4xx_hal.c.obj
 .ARM.attributes
                0x0000000000000181       0x2e CMakeFiles/led.elf.dir/Drivers/STM32F4xx_HAL_Driver/Src/stm32f4xx_hal_cortex.c.obj
 .ARM.attributes
                0x00000000000001af       0x2e CMakeFiles/led.elf.dir/Drivers/STM32F4xx_HAL_Driver/Src/stm32f4xx_hal_gpio.c.obj
 .ARM.attributes
                0x00000000000001dd       0x2e CMakeFiles/led.elf.dir/Drivers/STM32F4xx_HAL_Driver/Src/stm32f4xx_hal_rcc.c.obj
 .ARM.attributes
                0x000000000000020b       0x1e /usr/local/Cellar/arm-none-eabi-gcc/10.3-2021.07/gcc/bin/../lib/gcc/arm-none-eabi/10.3.1/thumb/v7e-m/nofp/libgcc.a(_aeabi_uldivmod.o)
 .ARM.attributes
                0x0000000000000229       0x2e /usr/local/Cellar/arm-none-eabi-gcc/10.3-2021.07/gcc/bin/../lib/gcc/arm-none-eabi/10.3.1/thumb/v7e-m/nofp/libgcc.a(_udivmoddi4.o)
 .ARM.attributes
                0x0000000000000257       0x1e /usr/local/Cellar/arm-none-eabi-gcc/10.3-2021.07/gcc/bin/../lib/gcc/arm-none-eabi/10.3.1/thumb/v7e-m/nofp/libgcc.a(_dvmd_tls.o)
 .ARM.attributes
                0x0000000000000275       0x2e /usr/local/Cellar/arm-none-eabi-gcc/10.3-2021.07/gcc/bin/../lib/gcc/arm-none-eabi/10.3.1/../../../../arm-none-eabi/lib/thumb/v7e-m/nofp/libg.a(lib_a-impure.o)
 .ARM.attributes
                0x00000000000002a3       0x2e /usr/local/Cellar/arm-none-eabi-gcc/10.3-2021.07/gcc/bin/../lib/gcc/arm-none-eabi/10.3.1/../../../../arm-none-eabi/lib/thumb/v7e-m/nofp/libg.a(lib_a-init.o)
 .ARM.attributes
                0x00000000000002d1       0x2e /usr/local/Cellar/arm-none-eabi-gcc/10.3-2021.07/gcc/bin/../lib/gcc/arm-none-eabi/10.3.1/../../../../arm-none-eabi/lib/thumb/v7e-m/nofp/libg.a(lib_a-memset.o)
 .ARM.attributes
                0x00000000000002ff       0x2e /usr/local/Cellar/arm-none-eabi-gcc/10.3-2021.07/gcc/bin/../lib/gcc/arm-none-eabi/10.3.1/../../../../arm-none-eabi/lib/thumb/v7e-m/nofp/libg.a(lib_a-__call_atexit.o)
 .ARM.attributes
                0x000000000000032d       0x2e /usr/local/Cellar/arm-none-eabi-gcc/10.3-2021.07/gcc/bin/../lib/gcc/arm-none-eabi/10.3.1/../../../../arm-none-eabi/lib/thumb/v7e-m/nofp/libg.a(lib_a-atexit.o)
 .ARM.attributes
                0x000000000000035b       0x2e /usr/local/Cellar/arm-none-eabi-gcc/10.3-2021.07/gcc/bin/../lib/gcc/arm-none-eabi/10.3.1/../../../../arm-none-eabi/lib/thumb/v7e-m/nofp/libg.a(lib_a-fini.o)
 .ARM.attributes
                0x0000000000000389       0x2e /usr/local/Cellar/arm-none-eabi-gcc/10.3-2021.07/gcc/bin/../lib/gcc/arm-none-eabi/10.3.1/../../../../arm-none-eabi/lib/thumb/v7e-m/nofp/libg.a(lib_a-lock.o)
 .ARM.attributes
                0x00000000000003b7       0x2e /usr/local/Cellar/arm-none-eabi-gcc/10.3-2021.07/gcc/bin/../lib/gcc/arm-none-eabi/10.3.1/../../../../arm-none-eabi/lib/thumb/v7e-m/nofp/libg.a(lib_a-__atexit.o)
 .ARM.attributes
                0x00000000000003e5       0x1e /usr/local/Cellar/arm-none-eabi-gcc/10.3-2021.07/gcc/bin/../lib/gcc/arm-none-eabi/10.3.1/thumb/v7e-m/nofp/crtn.o
OUTPUT(led.elf elf32-littlearm)
LOAD linker stubs
LOAD /usr/local/Cellar/arm-none-eabi-gcc/10.3-2021.07/gcc/bin/../lib/gcc/arm-none-eabi/10.3.1/../../../../arm-none-eabi/lib/thumb/v7e-m/nofp/libc.a
LOAD /usr/local/Cellar/arm-none-eabi-gcc/10.3-2021.07/gcc/bin/../lib/gcc/arm-none-eabi/10.3.1/../../../../arm-none-eabi/lib/thumb/v7e-m/nofp/libm.a
LOAD /usr/local/Cellar/arm-none-eabi-gcc/10.3-2021.07/gcc/bin/../lib/gcc/arm-none-eabi/10.3.1/thumb/v7e-m/nofp/libgcc.a

.debug_info     0x0000000000000000     0x3f9b
 .debug_info    0x0000000000000000      0x43f CMakeFiles/led.elf.dir/Core/Src/gpio.c.obj
 .debug_info    0x000000000000043f      0x6af CMakeFiles/led.elf.dir/Core/Src/main.c.obj
 .debug_info    0x0000000000000aee      0x2a4 CMakeFiles/led.elf.dir/Core/Src/stm32f4xx_hal_msp.c.obj
 .debug_info    0x0000000000000d92      0x12f CMakeFiles/led.elf.dir/Core/Src/stm32f4xx_it.c.obj
 .debug_info    0x0000000000000ec1      0x37d CMakeFiles/led.elf.dir/Core/Src/system_stm32f4xx.c.obj
 .debug_info    0x000000000000123e       0x22 CMakeFiles/led.elf.dir/Core/Startup/startup_stm32f407ighx.s.obj
 .debug_info    0x0000000000001260      0x9f0 CMakeFiles/led.elf.dir/Drivers/STM32F4xx_HAL_Driver/Src/stm32f4xx_hal.c.obj
 .debug_info    0x0000000000001c50     0x1098 CMakeFiles/led.elf.dir/Drivers/STM32F4xx_HAL_Driver/Src/stm32f4xx_hal_cortex.c.obj
 .debug_info    0x0000000000002ce8      0x7b0 CMakeFiles/led.elf.dir/Drivers/STM32F4xx_HAL_Driver/Src/stm32f4xx_hal_gpio.c.obj
 .debug_info    0x0000000000003498      0xb03 CMakeFiles/led.elf.dir/Drivers/STM32F4xx_HAL_Driver/Src/stm32f4xx_hal_rcc.c.obj

.debug_abbrev   0x0000000000000000      0xf73
 .debug_abbrev  0x0000000000000000      0x14e CMakeFiles/led.elf.dir/Core/Src/gpio.c.obj
 .debug_abbrev  0x000000000000014e      0x1c2 CMakeFiles/led.elf.dir/Core/Src/main.c.obj
 .debug_abbrev  0x0000000000000310       0xd1 CMakeFiles/led.elf.dir/Core/Src/stm32f4xx_hal_msp.c.obj
 .debug_abbrev  0x00000000000003e1       0x7e CMakeFiles/led.elf.dir/Core/Src/stm32f4xx_it.c.obj
 .debug_abbrev  0x000000000000045f      0x119 CMakeFiles/led.elf.dir/Core/Src/system_stm32f4xx.c.obj
 .debug_abbrev  0x0000000000000578       0x12 CMakeFiles/led.elf.dir/Core/Startup/startup_stm32f407ighx.s.obj
 .debug_abbrev  0x000000000000058a      0x206 CMakeFiles/led.elf.dir/Drivers/STM32F4xx_HAL_Driver/Src/stm32f4xx_hal.c.obj
 .debug_abbrev  0x0000000000000790      0x36a CMakeFiles/led.elf.dir/Drivers/STM32F4xx_HAL_Driver/Src/stm32f4xx_hal_cortex.c.obj
 .debug_abbrev  0x0000000000000afa      0x1ef CMakeFiles/led.elf.dir/Drivers/STM32F4xx_HAL_Driver/Src/stm32f4xx_hal_gpio.c.obj
 .debug_abbrev  0x0000000000000ce9      0x28a CMakeFiles/led.elf.dir/Drivers/STM32F4xx_HAL_Driver/Src/stm32f4xx_hal_rcc.c.obj

.debug_aranges  0x0000000000000000      0x398
 .debug_aranges
                0x0000000000000000       0x20 CMakeFiles/led.elf.dir/Core/Src/gpio.c.obj
 .debug_aranges
                0x0000000000000020       0x30 CMakeFiles/led.elf.dir/Core/Src/main.c.obj
 .debug_aranges
                0x0000000000000050       0x20 CMakeFiles/led.elf.dir/Core/Src/stm32f4xx_hal_msp.c.obj
 .debug_aranges
                0x0000000000000070       0x60 CMakeFiles/led.elf.dir/Core/Src/stm32f4xx_it.c.obj
 .debug_aranges
                0x00000000000000d0       0x28 CMakeFiles/led.elf.dir/Core/Src/system_stm32f4xx.c.obj
 .debug_aranges
                0x00000000000000f8       0x28 CMakeFiles/led.elf.dir/Core/Startup/startup_stm32f407ighx.s.obj
 .debug_aranges
                0x0000000000000120       0xf0 CMakeFiles/led.elf.dir/Drivers/STM32F4xx_HAL_Driver/Src/stm32f4xx_hal.c.obj
 .debug_aranges
                0x0000000000000210       0xa8 CMakeFiles/led.elf.dir/Drivers/STM32F4xx_HAL_Driver/Src/stm32f4xx_hal_cortex.c.obj
 .debug_aranges
                0x00000000000002b8       0x58 CMakeFiles/led.elf.dir/Drivers/STM32F4xx_HAL_Driver/Src/stm32f4xx_hal_gpio.c.obj
 .debug_aranges
                0x0000000000000310       0x88 CMakeFiles/led.elf.dir/Drivers/STM32F4xx_HAL_Driver/Src/stm32f4xx_hal_rcc.c.obj

.debug_ranges   0x0000000000000000      0x378
 .debug_ranges  0x0000000000000000       0x10 CMakeFiles/led.elf.dir/Core/Src/gpio.c.obj
 .debug_ranges  0x0000000000000010       0x20 CMakeFiles/led.elf.dir/Core/Src/main.c.obj
 .debug_ranges  0x0000000000000030       0x10 CMakeFiles/led.elf.dir/Core/Src/stm32f4xx_hal_msp.c.obj
 .debug_ranges  0x0000000000000040       0x50 CMakeFiles/led.elf.dir/Core/Src/stm32f4xx_it.c.obj
 .debug_ranges  0x0000000000000090       0x18 CMakeFiles/led.elf.dir/Core/Src/system_stm32f4xx.c.obj
 .debug_ranges  0x00000000000000a8       0x20 CMakeFiles/led.elf.dir/Core/Startup/startup_stm32f407ighx.s.obj
 .debug_ranges  0x00000000000000c8       0xe0 CMakeFiles/led.elf.dir/Drivers/STM32F4xx_HAL_Driver/Src/stm32f4xx_hal.c.obj
 .debug_ranges  0x00000000000001a8       0xf8 CMakeFiles/led.elf.dir/Drivers/STM32F4xx_HAL_Driver/Src/stm32f4xx_hal_cortex.c.obj
 .debug_ranges  0x00000000000002a0       0x48 CMakeFiles/led.elf.dir/Drivers/STM32F4xx_HAL_Driver/Src/stm32f4xx_hal_gpio.c.obj
 .debug_ranges  0x00000000000002e8       0x90 CMakeFiles/led.elf.dir/Drivers/STM32F4xx_HAL_Driver/Src/stm32f4xx_hal_rcc.c.obj

.debug_line     0x0000000000000000     0x2d8d
 .debug_line    0x0000000000000000      0x226 CMakeFiles/led.elf.dir/Core/Src/gpio.c.obj
 .debug_line    0x0000000000000226      0x3eb CMakeFiles/led.elf.dir/Core/Src/main.c.obj
 .debug_line    0x0000000000000611      0x1aa CMakeFiles/led.elf.dir/Core/Src/stm32f4xx_hal_msp.c.obj
 .debug_line    0x00000000000007bb      0x1c3 CMakeFiles/led.elf.dir/Core/Src/stm32f4xx_it.c.obj
 .debug_line    0x000000000000097e      0x273 CMakeFiles/led.elf.dir/Core/Src/system_stm32f4xx.c.obj
 .debug_line    0x0000000000000bf1       0xab CMakeFiles/led.elf.dir/Core/Startup/startup_stm32f407ighx.s.obj
 .debug_line    0x0000000000000c9c      0x601 CMakeFiles/led.elf.dir/Drivers/STM32F4xx_HAL_Driver/Src/stm32f4xx_hal.c.obj
 .debug_line    0x000000000000129d      0x814 CMakeFiles/led.elf.dir/Drivers/STM32F4xx_HAL_Driver/Src/stm32f4xx_hal_cortex.c.obj
 .debug_line    0x0000000000001ab1      0x757 CMakeFiles/led.elf.dir/Drivers/STM32F4xx_HAL_Driver/Src/stm32f4xx_hal_gpio.c.obj
 .debug_line    0x0000000000002208      0xb85 CMakeFiles/led.elf.dir/Drivers/STM32F4xx_HAL_Driver/Src/stm32f4xx_hal_rcc.c.obj

.debug_str      0x0000000000000000     0x1803
 .debug_str     0x0000000000000000      0x354 CMakeFiles/led.elf.dir/Core/Src/gpio.c.obj
                                        0x3a4 (size before relaxing)
 .debug_str     0x0000000000000354      0x211 CMakeFiles/led.elf.dir/Core/Src/main.c.obj
                                        0x517 (size before relaxing)
 .debug_str     0x0000000000000565       0x4f CMakeFiles/led.elf.dir/Core/Src/stm32f4xx_hal_msp.c.obj
                                        0x2f3 (size before relaxing)
 .debug_str     0x00000000000005b4       0xda CMakeFiles/led.elf.dir/Core/Src/stm32f4xx_it.c.obj
                                        0x267 (size before relaxing)
 .debug_str     0x000000000000068e       0xaa CMakeFiles/led.elf.dir/Core/Src/system_stm32f4xx.c.obj
                                        0x359 (size before relaxing)
 .debug_str     0x0000000000000738       0x59 CMakeFiles/led.elf.dir/Core/Startup/startup_stm32f407ighx.s.obj
                                         0x91 (size before relaxing)
 .debug_str     0x0000000000000791      0x87d CMakeFiles/led.elf.dir/Drivers/STM32F4xx_HAL_Driver/Src/stm32f4xx_hal.c.obj
                                        0xb92 (size before relaxing)
 .debug_str     0x000000000000100e      0x4e6 CMakeFiles/led.elf.dir/Drivers/STM32F4xx_HAL_Driver/Src/stm32f4xx_hal_cortex.c.obj
                                        0xc64 (size before relaxing)
 .debug_str     0x00000000000014f4      0x148 CMakeFiles/led.elf.dir/Drivers/STM32F4xx_HAL_Driver/Src/stm32f4xx_hal_gpio.c.obj
                                        0x518 (size before relaxing)
 .debug_str     0x000000000000163c      0x1c7 CMakeFiles/led.elf.dir/Drivers/STM32F4xx_HAL_Driver/Src/stm32f4xx_hal_rcc.c.obj
                                        0x73e (size before relaxing)

.comment        0x0000000000000000       0x49
 .comment       0x0000000000000000       0x49 CMakeFiles/led.elf.dir/Core/Src/gpio.c.obj
                                         0x4a (size before relaxing)
 .comment       0x0000000000000049       0x4a CMakeFiles/led.elf.dir/Core/Src/main.c.obj
 .comment       0x0000000000000049       0x4a CMakeFiles/led.elf.dir/Core/Src/stm32f4xx_hal_msp.c.obj
 .comment       0x0000000000000049       0x4a CMakeFiles/led.elf.dir/Core/Src/stm32f4xx_it.c.obj
 .comment       0x0000000000000049       0x4a CMakeFiles/led.elf.dir/Core/Src/system_stm32f4xx.c.obj
 .comment       0x0000000000000049       0x4a CMakeFiles/led.elf.dir/Drivers/STM32F4xx_HAL_Driver/Src/stm32f4xx_hal.c.obj
 .comment       0x0000000000000049       0x4a CMakeFiles/led.elf.dir/Drivers/STM32F4xx_HAL_Driver/Src/stm32f4xx_hal_cortex.c.obj
 .comment       0x0000000000000049       0x4a CMakeFiles/led.elf.dir/Drivers/STM32F4xx_HAL_Driver/Src/stm32f4xx_hal_gpio.c.obj
 .comment       0x0000000000000049       0x4a CMakeFiles/led.elf.dir/Drivers/STM32F4xx_HAL_Driver/Src/stm32f4xx_hal_rcc.c.obj

.debug_frame    0x0000000000000000      0x94c
 .debug_frame   0x0000000000000000       0x30 CMakeFiles/led.elf.dir/Core/Src/gpio.c.obj
 .debug_frame   0x0000000000000030       0x58 CMakeFiles/led.elf.dir/Core/Src/main.c.obj
 .debug_frame   0x0000000000000088       0x28 CMakeFiles/led.elf.dir/Core/Src/stm32f4xx_hal_msp.c.obj
 .debug_frame   0x00000000000000b0       0xa8 CMakeFiles/led.elf.dir/Core/Src/stm32f4xx_it.c.obj
 .debug_frame   0x0000000000000158       0x30 CMakeFiles/led.elf.dir/Core/Src/system_stm32f4xx.c.obj
 .debug_frame   0x0000000000000188      0x1ec CMakeFiles/led.elf.dir/Drivers/STM32F4xx_HAL_Driver/Src/stm32f4xx_hal.c.obj
 .debug_frame   0x0000000000000374      0x148 CMakeFiles/led.elf.dir/Drivers/STM32F4xx_HAL_Driver/Src/stm32f4xx_hal_cortex.c.obj
 .debug_frame   0x00000000000004bc       0xd8 CMakeFiles/led.elf.dir/Drivers/STM32F4xx_HAL_Driver/Src/stm32f4xx_hal_gpio.c.obj
 .debug_frame   0x0000000000000594      0x16c CMakeFiles/led.elf.dir/Drivers/STM32F4xx_HAL_Driver/Src/stm32f4xx_hal_rcc.c.obj
 .debug_frame   0x0000000000000700       0x2c /usr/local/Cellar/arm-none-eabi-gcc/10.3-2021.07/gcc/bin/../lib/gcc/arm-none-eabi/10.3.1/thumb/v7e-m/nofp/libgcc.a(_aeabi_uldivmod.o)
 .debug_frame   0x000000000000072c       0x34 /usr/local/Cellar/arm-none-eabi-gcc/10.3-2021.07/gcc/bin/../lib/gcc/arm-none-eabi/10.3.1/thumb/v7e-m/nofp/libgcc.a(_udivmoddi4.o)
 .debug_frame   0x0000000000000760       0x2c /usr/local/Cellar/arm-none-eabi-gcc/10.3-2021.07/gcc/bin/../lib/gcc/arm-none-eabi/10.3.1/../../../../arm-none-eabi/lib/thumb/v7e-m/nofp/libg.a(lib_a-init.o)
 .debug_frame   0x000000000000078c       0x2c /usr/local/Cellar/arm-none-eabi-gcc/10.3-2021.07/gcc/bin/../lib/gcc/arm-none-eabi/10.3.1/../../../../arm-none-eabi/lib/thumb/v7e-m/nofp/libg.a(lib_a-memset.o)
 .debug_frame   0x00000000000007b8       0x5c /usr/local/Cellar/arm-none-eabi-gcc/10.3-2021.07/gcc/bin/../lib/gcc/arm-none-eabi/10.3.1/../../../../arm-none-eabi/lib/thumb/v7e-m/nofp/libg.a(lib_a-__call_atexit.o)
 .debug_frame   0x0000000000000814       0x20 /usr/local/Cellar/arm-none-eabi-gcc/10.3-2021.07/gcc/bin/../lib/gcc/arm-none-eabi/10.3.1/../../../../arm-none-eabi/lib/thumb/v7e-m/nofp/libg.a(lib_a-atexit.o)
 .debug_frame   0x0000000000000834       0x34 /usr/local/Cellar/arm-none-eabi-gcc/10.3-2021.07/gcc/bin/../lib/gcc/arm-none-eabi/10.3.1/../../../../arm-none-eabi/lib/thumb/v7e-m/nofp/libg.a(lib_a-fini.o)
 .debug_frame   0x0000000000000868       0xb0 /usr/local/Cellar/arm-none-eabi-gcc/10.3-2021.07/gcc/bin/../lib/gcc/arm-none-eabi/10.3.1/../../../../arm-none-eabi/lib/thumb/v7e-m/nofp/libg.a(lib_a-lock.o)
 .debug_frame   0x0000000000000918       0x34 /usr/local/Cellar/arm-none-eabi-gcc/10.3-2021.07/gcc/bin/../lib/gcc/arm-none-eabi/10.3.1/../../../../arm-none-eabi/lib/thumb/v7e-m/nofp/libg.a(lib_a-__atexit.o)

.debug_loc      0x0000000000000000     0x1489
 .debug_loc     0x0000000000000000      0x158 CMakeFiles/led.elf.dir/Core/Src/system_stm32f4xx.c.obj
 .debug_loc     0x0000000000000158      0x141 CMakeFiles/led.elf.dir/Drivers/STM32F4xx_HAL_Driver/Src/stm32f4xx_hal.c.obj
 .debug_loc     0x0000000000000299      0x744 CMakeFiles/led.elf.dir/Drivers/STM32F4xx_HAL_Driver/Src/stm32f4xx_hal_cortex.c.obj
 .debug_loc     0x00000000000009dd      0x520 CMakeFiles/led.elf.dir/Drivers/STM32F4xx_HAL_Driver/Src/stm32f4xx_hal_gpio.c.obj
 .debug_loc     0x0000000000000efd      0x58c CMakeFiles/led.elf.dir/Drivers/STM32F4xx_HAL_Driver/Src/stm32f4xx_hal_rcc.c.obj
