Archive member included to satisfy reference by file (symbol)

/usr/local/Cellar/arm-none-eabi-gcc/10.3-2021.07/gcc/bin/../lib/gcc/arm-none-eabi/10.3.1/thumb/v7e-m/nofp/libgcc.a(_arm_mulsf3.o)
                              CMakeFiles/motor_control_pid.elf.dir/Core/pid/pid.c.obj (__aeabi_fmul)
/usr/local/Cellar/arm-none-eabi-gcc/10.3-2021.07/gcc/bin/../lib/gcc/arm-none-eabi/10.3.1/thumb/v7e-m/nofp/libgcc.a(_arm_addsubsf3.o)
                              CMakeFiles/motor_control_pid.elf.dir/Core/pid/pid.c.obj (__aeabi_fsub)
/usr/local/Cellar/arm-none-eabi-gcc/10.3-2021.07/gcc/bin/../lib/gcc/arm-none-eabi/10.3.1/thumb/v7e-m/nofp/libgcc.a(_arm_cmpsf2.o)
                              CMakeFiles/motor_control_pid.elf.dir/Core/pid/pid.c.obj (__aeabi_fcmplt)
/usr/local/Cellar/arm-none-eabi-gcc/10.3-2021.07/gcc/bin/../lib/gcc/arm-none-eabi/10.3.1/thumb/v7e-m/nofp/libgcc.a(_arm_fixsfsi.o)
                              CMakeFiles/motor_control_pid.elf.dir/Core/Src/main.c.obj (__aeabi_f2iz)
/usr/local/Cellar/arm-none-eabi-gcc/10.3-2021.07/gcc/bin/../lib/gcc/arm-none-eabi/10.3.1/thumb/v7e-m/nofp/libgcc.a(_aeabi_uldivmod.o)
                              CMakeFiles/motor_control_pid.elf.dir/Drivers/STM32F4xx_HAL_Driver/Src/stm32f4xx_hal_rcc.c.obj (__aeabi_uldivmod)
/usr/local/Cellar/arm-none-eabi-gcc/10.3-2021.07/gcc/bin/../lib/gcc/arm-none-eabi/10.3.1/thumb/v7e-m/nofp/libgcc.a(_udivmoddi4.o)
                              /usr/local/Cellar/arm-none-eabi-gcc/10.3-2021.07/gcc/bin/../lib/gcc/arm-none-eabi/10.3.1/thumb/v7e-m/nofp/libgcc.a(_aeabi_uldivmod.o) (__udivmoddi4)
/usr/local/Cellar/arm-none-eabi-gcc/10.3-2021.07/gcc/bin/../lib/gcc/arm-none-eabi/10.3.1/thumb/v7e-m/nofp/libgcc.a(_dvmd_tls.o)
                              /usr/local/Cellar/arm-none-eabi-gcc/10.3-2021.07/gcc/bin/../lib/gcc/arm-none-eabi/10.3.1/thumb/v7e-m/nofp/libgcc.a(_aeabi_uldivmod.o) (__aeabi_ldiv0)
/usr/local/Cellar/arm-none-eabi-gcc/10.3-2021.07/gcc/bin/../lib/gcc/arm-none-eabi/10.3.1/../../../../arm-none-eabi/lib/thumb/v7e-m/nofp/libg.a(lib_a-errno.o)
                              CMakeFiles/motor_control_pid.elf.dir/Core/Src/syscalls.c.obj (__errno)
/usr/local/Cellar/arm-none-eabi-gcc/10.3-2021.07/gcc/bin/../lib/gcc/arm-none-eabi/10.3.1/../../../../arm-none-eabi/lib/thumb/v7e-m/nofp/libg.a(lib_a-exit.o)
                              /usr/local/Cellar/arm-none-eabi-gcc/10.3-2021.07/gcc/bin/../lib/gcc/arm-none-eabi/10.3.1/../../../../arm-none-eabi/lib/thumb/v7e-m/nofp/crt0.o (exit)
/usr/local/Cellar/arm-none-eabi-gcc/10.3-2021.07/gcc/bin/../lib/gcc/arm-none-eabi/10.3.1/../../../../arm-none-eabi/lib/thumb/v7e-m/nofp/libg.a(lib_a-impure.o)
                              /usr/local/Cellar/arm-none-eabi-gcc/10.3-2021.07/gcc/bin/../lib/gcc/arm-none-eabi/10.3.1/../../../../arm-none-eabi/lib/thumb/v7e-m/nofp/libg.a(lib_a-exit.o) (_global_impure_ptr)
/usr/local/Cellar/arm-none-eabi-gcc/10.3-2021.07/gcc/bin/../lib/gcc/arm-none-eabi/10.3.1/../../../../arm-none-eabi/lib/thumb/v7e-m/nofp/libg.a(lib_a-init.o)
                              /usr/local/Cellar/arm-none-eabi-gcc/10.3-2021.07/gcc/bin/../lib/gcc/arm-none-eabi/10.3.1/../../../../arm-none-eabi/lib/thumb/v7e-m/nofp/crt0.o (__libc_init_array)
/usr/local/Cellar/arm-none-eabi-gcc/10.3-2021.07/gcc/bin/../lib/gcc/arm-none-eabi/10.3.1/../../../../arm-none-eabi/lib/thumb/v7e-m/nofp/libg.a(lib_a-itoa.o)
                              CMakeFiles/motor_control_pid.elf.dir/Core/Src/main.c.obj (itoa)
/usr/local/Cellar/arm-none-eabi-gcc/10.3-2021.07/gcc/bin/../lib/gcc/arm-none-eabi/10.3.1/../../../../arm-none-eabi/lib/thumb/v7e-m/nofp/libg.a(lib_a-memset.o)
                              /usr/local/Cellar/arm-none-eabi-gcc/10.3-2021.07/gcc/bin/../lib/gcc/arm-none-eabi/10.3.1/../../../../arm-none-eabi/lib/thumb/v7e-m/nofp/crt0.o (memset)
/usr/local/Cellar/arm-none-eabi-gcc/10.3-2021.07/gcc/bin/../lib/gcc/arm-none-eabi/10.3.1/../../../../arm-none-eabi/lib/thumb/v7e-m/nofp/libg.a(lib_a-utoa.o)
                              /usr/local/Cellar/arm-none-eabi-gcc/10.3-2021.07/gcc/bin/../lib/gcc/arm-none-eabi/10.3.1/../../../../arm-none-eabi/lib/thumb/v7e-m/nofp/libg.a(lib_a-itoa.o) (__utoa)
/usr/local/Cellar/arm-none-eabi-gcc/10.3-2021.07/gcc/bin/../lib/gcc/arm-none-eabi/10.3.1/../../../../arm-none-eabi/lib/thumb/v7e-m/nofp/libg.a(lib_a-__call_atexit.o)
                              /usr/local/Cellar/arm-none-eabi-gcc/10.3-2021.07/gcc/bin/../lib/gcc/arm-none-eabi/10.3.1/../../../../arm-none-eabi/lib/thumb/v7e-m/nofp/libg.a(lib_a-exit.o) (__call_exitprocs)
/usr/local/Cellar/arm-none-eabi-gcc/10.3-2021.07/gcc/bin/../lib/gcc/arm-none-eabi/10.3.1/../../../../arm-none-eabi/lib/thumb/v7e-m/nofp/libg.a(lib_a-atexit.o)
                              /usr/local/Cellar/arm-none-eabi-gcc/10.3-2021.07/gcc/bin/../lib/gcc/arm-none-eabi/10.3.1/../../../../arm-none-eabi/lib/thumb/v7e-m/nofp/libg.a(lib_a-__call_atexit.o) (atexit)
[...]
Memory Configuration

Name             Origin             Length             Attributes
CCMRAM           0x0000000010000000 0x0000000000010000 xrw
RAM              0x0000000020000000 0x0000000000020000 xrw
FLASH            0x0000000008000000 0x0000000000100000 xr
*default*        0x0000000000000000 0xffffffffffffffff

Linker script and memory map

LOAD /usr/local/Cellar/arm-none-eabi-gcc/10.3-2021.07/gcc/bin/../lib/gcc/arm-none-eabi/10.3.1/thumb/v7e-m/nofp/crti.o
LOAD /usr/local/Cellar/arm-none-eabi-gcc/10.3-2021.07/gcc/bin/../lib/gcc/arm-none-eabi/10.3.1/thumb/v7e-m/nofp/crtbegin.o
LOAD /usr/local/Cellar/arm-none-eabi-gcc/10.3-2021.07/gcc/bin/../lib/gcc/arm-none-eabi/10.3.1/../../../../arm-none-eabi/lib/thumb/v7e-m/nofp/crt0.o
LOAD CMakeFiles/motor_control_pid.elf.dir/Core/Src/can.c.obj
LOAD CMakeFiles/motor_control_pid.elf.dir/Core/Src/gpio.c.obj
LOAD CMakeFiles/motor_control_pid.elf.dir/Core/Src/main.c.obj
LOAD CMakeFiles/motor_control_pid.elf.dir/Core/Src/stm32f4xx_hal_msp.c.obj
LOAD CMakeFiles/motor_control_pid.elf.dir/Core/Src/stm32f4xx_it.c.obj
LOAD CMakeFiles/motor_control_pid.elf.dir/Core/Src/syscalls.c.obj
LOAD CMakeFiles/motor_control_pid.elf.dir/Core/Src/sysmem.c.obj
LOAD CMakeFiles/motor_control_pid.elf.dir/Core/Src/system_stm32f4xx.c.obj
LOAD CMakeFiles/motor_control_pid.elf.dir/Core/Src/usart.c.obj
LOAD CMakeFiles/motor_control_pid.elf.dir/Core/Startup/startup_stm32f407ighx.s.obj
LOAD CMakeFiles/motor_control_pid.elf.dir/Core/application/CAN_receive.c.obj
LOAD CMakeFiles/motor_control_pid.elf.dir/Core/boards/bsp_can.c.obj
LOAD CMakeFiles/motor_control_pid.elf.dir/Core/pid/pid.c.obj
LOAD CMakeFiles/motor_control_pid.elf.dir/Drivers/STM32F4xx_HAL_Driver/Src/stm32f4xx_hal.c.obj
LOAD CMakeFiles/motor_control_pid.elf.dir/Drivers/STM32F4xx_HAL_Driver/Src/stm32f4xx_hal_can.c.obj
LOAD CMakeFiles/motor_control_pid.elf.dir/Drivers/STM32F4xx_HAL_Driver/Src/stm32f4xx_hal_cortex.c.obj
LOAD CMakeFiles/motor_control_pid.elf.dir/Drivers/STM32F4xx_HAL_Driver/Src/stm32f4xx_hal_dma.c.obj
LOAD CMakeFiles/motor_control_pid.elf.dir/Drivers/STM32F4xx_HAL_Driver/Src/stm32f4xx_hal_dma_ex.c.obj
LOAD CMakeFiles/motor_control_pid.elf.dir/Drivers/STM32F4xx_HAL_Driver/Src/stm32f4xx_hal_exti.c.obj
LOAD CMakeFiles/motor_control_pid.elf.dir/Drivers/STM32F4xx_HAL_Driver/Src/stm32f4xx_hal_flash.c.obj
LOAD CMakeFiles/motor_control_pid.elf.dir/Drivers/STM32F4xx_HAL_Driver/Src/stm32f4xx_hal_flash_ex.c.obj
LOAD CMakeFiles/motor_control_pid.elf.dir/Drivers/STM32F4xx_HAL_Driver/Src/stm32f4xx_hal_flash_ramfunc.c.obj
LOAD CMakeFiles/motor_control_pid.elf.dir/Drivers/STM32F4xx_HAL_Driver/Src/stm32f4xx_hal_gpio.c.obj
LOAD CMakeFiles/motor_control_pid.elf.dir/Drivers/STM32F4xx_HAL_Driver/Src/stm32f4xx_hal_pwr.c.obj
LOAD CMakeFiles/motor_control_pid.elf.dir/Drivers/STM32F4xx_HAL_Driver/Src/stm32f4xx_hal_pwr_ex.c.obj
LOAD CMakeFiles/motor_control_pid.elf.dir/Drivers/STM32F4xx_HAL_Driver/Src/stm32f4xx_hal_rcc.c.obj
LOAD CMakeFiles/motor_control_pid.elf.dir/Drivers/STM32F4xx_HAL_Driver/Src/stm32f4xx_hal_rcc_ex.c.obj
LOAD CMakeFiles/motor_control_pid.elf.dir/Drivers/STM32F4xx_HAL_Driver/Src/stm32f4xx_hal_tim.c.obj
LOAD CMakeFiles/motor_control_pid.elf.dir/Drivers/STM32F4xx_HAL_Driver/Src/stm32f4xx_hal_tim_ex.c.obj
LOAD CMakeFiles/motor_control_pid.elf.dir/Drivers/STM32F4xx_HAL_Driver/Src/stm32f4xx_hal_uart.c.obj
START GROUP
LOAD /usr/local/Cellar/arm-none-eabi-gcc/10.3-2021.07/gcc/bin/../lib/gcc/arm-none-eabi/10.3.1/thumb/v7e-m/nofp/libgcc.a
LOAD /usr/local/Cellar/arm-none-eabi-gcc/10.3-2021.07/gcc/bin/../lib/gcc/arm-none-eabi/10.3.1/../../../../arm-none-eabi/lib/thumb/v7e-m/nofp/libg.a
LOAD /usr/local/Cellar/arm-none-eabi-gcc/10.3-2021.07/gcc/bin/../lib/gcc/arm-none-eabi/10.3.1/../../../../arm-none-eabi/lib/thumb/v7e-m/nofp/libc.a
END GROUP
LOAD /usr/local/Cellar/arm-none-eabi-gcc/10.3-2021.07/gcc/bin/../lib/gcc/arm-none-eabi/10.3.1/thumb/v7e-m/nofp/crtend.o
LOAD /usr/local/Cellar/arm-none-eabi-gcc/10.3-2021.07/gcc/bin/../lib/gcc/arm-none-eabi/10.3.1/thumb/v7e-m/nofp/crtn.o
                0x0000000020020000                _estack = (ORIGIN (RAM) + LENGTH (RAM))
                0x0000000000000200                _Min_Heap_Size = 0x200
                0x0000000000000400                _Min_Stack_Size = 0x400

.isr_vector     0x0000000008000000      0x188
                0x0000000008000000                . = ALIGN (0x4)
 *(.isr_vector)
 .isr_vector    0x0000000008000000      0x188 CMakeFiles/motor_control_pid.elf.dir/Core/Startup/startup_stm32f407ighx.s.obj
                0x0000000008000000                g_pfnVectors
                0x0000000008000188                . = ALIGN (0x4)

.text           0x0000000008000188     0x28e8
                0x0000000008000188                . = ALIGN (0x4)
 *(.text)
 .text          0x0000000008000188       0x40 /usr/local/Cellar/arm-none-eabi-gcc/10.3-2021.07/gcc/bin/../lib/gcc/arm-none-eabi/10.3.1/thumb/v7e-m/nofp/crtbegin.o
 .text          0x00000000080001c8      0x168 /usr/local/Cellar/arm-none-eabi-gcc/10.3-2021.07/gcc/bin/../lib/gcc/arm-none-eabi/10.3.1/thumb/v7e-m/nofp/libgcc.a(_arm_mulsf3.o)
                0x00000000080001c8                __mulsf3
                0x00000000080001c8                __aeabi_fmul
 .text          0x0000000008000330      0x21c /usr/local/Cellar/arm-none-eabi-gcc/10.3-2021.07/gcc/bin/../lib/gcc/arm-none-eabi/10.3.1/thumb/v7e-m/nofp/libgcc.a(_arm_addsubsf3.o)
                0x0000000008000330                __aeabi_frsub
                0x0000000008000338                __aeabi_fsub
                0x0000000008000338                __subsf3
                0x000000000800033c                __aeabi_fadd
                0x000000000800033c                __addsf3
                0x000000000800049c                __aeabi_ui2f
                0x000000000800049c                __floatunsisf
                0x00000000080004a4                __floatsisf
                0x00000000080004a4                __aeabi_i2f
                0x00000000080004c0                __aeabi_ul2f
                0x00000000080004c0                __floatundisf
                0x00000000080004d0                __aeabi_l2f
                0x00000000080004d0                __floatdisf
 .text          0x000000000800054c       0xec /usr/local/Cellar/arm-none-eabi-gcc/10.3-2021.07/gcc/bin/../lib/gcc/arm-none-eabi/10.3.1/thumb/v7e-m/nofp/libgcc.a(_arm_cmpsf2.o)
                0x000000000800054c                __gesf2
                0x000000000800054c                __gtsf2
                0x0000000008000554                __ltsf2
                0x0000000008000554                __lesf2
                0x000000000800055c                __nesf2
                0x000000000800055c                __eqsf2
                0x000000000800055c                __cmpsf2
                0x00000000080005bc                __aeabi_cfrcmple
                0x00000000080005c4                __aeabi_cfcmpeq
                0x00000000080005c4                __aeabi_cfcmple
                0x00000000080005d4                __aeabi_fcmpeq
                0x00000000080005e8                __aeabi_fcmplt
                0x00000000080005fc                __aeabi_fcmple
                0x0000000008000610                __aeabi_fcmpge
                0x0000000008000624                __aeabi_fcmpgt
 .text          0x0000000008000638       0x4c /usr/local/Cellar/arm-none-eabi-gcc/10.3-2021.07/gcc/bin/../lib/gcc/arm-none-eabi/10.3.1/thumb/v7e-m/nofp/libgcc.a(_arm_fixsfsi.o)
                0x0000000008000638                __fixsfsi
                0x0000000008000638                __aeabi_f2iz
 .text          0x0000000008000684       0x30 /usr/local/Cellar/arm-none-eabi-gcc/10.3-2021.07/gcc/bin/../lib/gcc/arm-none-eabi/10.3.1/thumb/v7e-m/nofp/libgcc.a(_aeabi_uldivmod.o)
                0x0000000008000684                __aeabi_uldivmod
 .text          0x00000000080006b4      0x2d0 /usr/local/Cellar/arm-none-eabi-gcc/10.3-2021.07/gcc/bin/../lib/gcc/arm-none-eabi/10.3.1/thumb/v7e-m/nofp/libgcc.a(_udivmoddi4.o)
                0x00000000080006b4                __udivmoddi4
 .text          0x0000000008000984        0x4 /usr/local/Cellar/arm-none-eabi-gcc/10.3-2021.07/gcc/bin/../lib/gcc/arm-none-eabi/10.3.1/thumb/v7e-m/nofp/libgcc.a(_dvmd_tls.o)
                0x0000000008000984                __aeabi_ldiv0
                0x0000000008000984                __aeabi_idiv0
 *(.text*)
 .text.MX_CAN1_Init
                0x0000000008000988       0x40 CMakeFiles/motor_control_pid.elf.dir/Core/Src/can.c.obj
                0x0000000008000988                MX_CAN1_Init
 .text.MX_CAN2_Init
                0x00000000080009c8       0x40 CMakeFiles/motor_control_pid.elf.dir/Core/Src/can.c.obj
                0x00000000080009c8                MX_CAN2_Init
 .text.HAL_CAN_MspInit
                0x0000000008000a08      0x120 CMakeFiles/motor_control_pid.elf.dir/Core/Src/can.c.obj
                0x0000000008000a08                HAL_CAN_MspInit
 .text.MX_GPIO_Init
                0x0000000008000b28       0xbc CMakeFiles/motor_control_pid.elf.dir/Core/Src/gpio.c.obj
                0x0000000008000b28                MX_GPIO_Init
 .text.USART6_IRQHandler
                0x0000000008000be4       0x50 CMakeFiles/motor_control_pid.elf.dir/Core/Src/main.c.obj
                0x0000000008000be4                USART6_IRQHandler
 .text.Error_Handler
                0x0000000008000c34        0x4 CMakeFiles/motor_control_pid.elf.dir/Core/Src/main.c.obj
                0x0000000008000c34                Error_Handler
 .text.SystemClock_Config
                0x0000000008000c38       0xa8 CMakeFiles/motor_control_pid.elf.dir/Core/Src/main.c.obj
                0x0000000008000c38                SystemClock_Config
 .text.main     0x0000000008000ce0      0x23c CMakeFiles/motor_control_pid.elf.dir/Core/Src/main.c.obj
                0x0000000008000ce0                main
 .text.HAL_MspInit
                0x0000000008000f1c       0x38 CMakeFiles/motor_control_pid.elf.dir/Core/Src/stm32f4xx_hal_msp.c.obj
                0x0000000008000f1c                HAL_MspInit
 .text.NMI_Handler
                0x0000000008000f54        0x2 CMakeFiles/motor_control_pid.elf.dir/Core/Src/stm32f4xx_it.c.obj
                0x0000000008000f54                NMI_Handler
 .text.HardFault_Handler
                0x0000000008000f56        0x2 CMakeFiles/motor_control_pid.elf.dir/Core/Src/stm32f4xx_it.c.obj
                0x0000000008000f56                HardFault_Handler
 .text.MemManage_Handler
                0x0000000008000f58        0x2 CMakeFiles/motor_control_pid.elf.dir/Core/Src/stm32f4xx_it.c.obj
                0x0000000008000f58                MemManage_Handler
 .text.BusFault_Handler
                0x0000000008000f5a        0x2 CMakeFiles/motor_control_pid.elf.dir/Core/Src/stm32f4xx_it.c.obj
                0x0000000008000f5a                BusFault_Handler
 .text.UsageFault_Handler
                0x0000000008000f5c        0x2 CMakeFiles/motor_control_pid.elf.dir/Core/Src/stm32f4xx_it.c.obj
                0x0000000008000f5c                UsageFault_Handler
 .text.SVC_Handler
                0x0000000008000f5e        0x2 CMakeFiles/motor_control_pid.elf.dir/Core/Src/stm32f4xx_it.c.obj
                0x0000000008000f5e                SVC_Handler
 .text.DebugMon_Handler
                0x0000000008000f60        0x2 CMakeFiles/motor_control_pid.elf.dir/Core/Src/stm32f4xx_it.c.obj
                0x0000000008000f60                DebugMon_Handler
 .text.PendSV_Handler
                0x0000000008000f62        0x2 CMakeFiles/motor_control_pid.elf.dir/Core/Src/stm32f4xx_it.c.obj
                0x0000000008000f62                PendSV_Handler
 .text.SysTick_Handler
                0x0000000008000f64        0x8 CMakeFiles/motor_control_pid.elf.dir/Core/Src/stm32f4xx_it.c.obj
                0x0000000008000f64                SysTick_Handler
 .text.CAN1_TX_IRQHandler
                0x0000000008000f6c       0x10 CMakeFiles/motor_control_pid.elf.dir/Core/Src/stm32f4xx_it.c.obj
                0x0000000008000f6c                CAN1_TX_IRQHandler
 .text.CAN1_RX0_IRQHandler
                0x0000000008000f7c       0x10 CMakeFiles/motor_control_pid.elf.dir/Core/Src/stm32f4xx_it.c.obj
                0x0000000008000f7c                CAN1_RX0_IRQHandler
 .text.SystemInit
                0x0000000008000f8c        0x2 CMakeFiles/motor_control_pid.elf.dir/Core/Src/system_stm32f4xx.c.obj
                0x0000000008000f8c                SystemInit
 *fill*         0x0000000008000f8e        0x2 
 .text.MX_USART6_UART_Init
                0x0000000008000f90       0x34 CMakeFiles/motor_control_pid.elf.dir/Core/Src/usart.c.obj
                0x0000000008000f90                MX_USART6_UART_Init
 .text.HAL_UART_MspInit
                0x0000000008000fc4       0x80 CMakeFiles/motor_control_pid.elf.dir/Core/Src/usart.c.obj
                0x0000000008000fc4                HAL_UART_MspInit
 .text.Reset_Handler
                0x0000000008001044       0x50 CMakeFiles/motor_control_pid.elf.dir/Core/Startup/startup_stm32f407ighx.s.obj
                0x0000000008001044                Reset_Handler
 .text.Default_Handler
                0x0000000008001094        0x2 CMakeFiles/motor_control_pid.elf.dir/Core/Startup/startup_stm32f407ighx.s.obj
                0x0000000008001094                DMA1_Stream3_IRQHandler
                0x0000000008001094                HASH_RNG_IRQHandler
                0x0000000008001094                EXTI2_IRQHandler
                0x0000000008001094                TIM8_CC_IRQHandler
                0x0000000008001094                TIM1_CC_IRQHandler
                0x0000000008001094                DMA2_Stream5_IRQHandler
                0x0000000008001094                DMA1_Stream5_IRQHandler
                0x0000000008001094                PVD_IRQHandler
                0x0000000008001094                SDIO_IRQHandler
                0x0000000008001094                TAMP_STAMP_IRQHandler
                0x0000000008001094                CAN2_RX1_IRQHandler
                0x0000000008001094                EXTI3_IRQHandler
                0x0000000008001094                TIM8_TRG_COM_TIM14_IRQHandler
                0x0000000008001094                TIM1_UP_TIM10_IRQHandler
                0x0000000008001094                TIM8_UP_TIM13_IRQHandler
                0x0000000008001094                I2C3_ER_IRQHandler
                0x0000000008001094                EXTI0_IRQHandler
                0x0000000008001094                I2C2_EV_IRQHandler
                0x0000000008001094                DMA1_Stream2_IRQHandler
                0x0000000008001094                FPU_IRQHandler
                0x0000000008001094                OTG_HS_WKUP_IRQHandler
                0x0000000008001094                CAN2_SCE_IRQHandler
                0x0000000008001094                DMA2_Stream2_IRQHandler
                0x0000000008001094                SPI1_IRQHandler
                0x0000000008001094                TIM6_DAC_IRQHandler
                0x0000000008001094                TIM1_BRK_TIM9_IRQHandler
                0x0000000008001094                DCMI_IRQHandler
                0x0000000008001094                CAN2_RX0_IRQHandler
                0x0000000008001094                DMA2_Stream3_IRQHandler
                0x0000000008001094                USART3_IRQHandler
                0x0000000008001094                CAN1_RX1_IRQHandler
                0x0000000008001094                UART5_IRQHandler
                0x0000000008001094                DMA2_Stream0_IRQHandler
                0x0000000008001094                TIM4_IRQHandler
                0x0000000008001094                I2C1_EV_IRQHandler
                0x0000000008001094                DMA1_Stream6_IRQHandler
                0x0000000008001094                DMA1_Stream1_IRQHandler
                0x0000000008001094                UART4_IRQHandler
                0x0000000008001094                TIM3_IRQHandler
                0x0000000008001094                RCC_IRQHandler
                0x0000000008001094                TIM8_BRK_TIM12_IRQHandler
                0x0000000008001094                Default_Handler
                0x0000000008001094                EXTI15_10_IRQHandler
                0x0000000008001094                ADC_IRQHandler
                0x0000000008001094                DMA1_Stream7_IRQHandler
                0x0000000008001094                TIM7_IRQHandler
                0x0000000008001094                CAN2_TX_IRQHandler
                0x0000000008001094                TIM5_IRQHandler
                0x0000000008001094                DMA2_Stream7_IRQHandler
                0x0000000008001094                I2C3_EV_IRQHandler
                0x0000000008001094                EXTI9_5_IRQHandler
                0x0000000008001094                RTC_WKUP_IRQHandler
                0x0000000008001094                ETH_WKUP_IRQHandler
                0x0000000008001094                SPI2_IRQHandler
                0x0000000008001094                OTG_HS_EP1_IN_IRQHandler
                0x0000000008001094                DMA1_Stream0_IRQHandler
                0x0000000008001094                EXTI4_IRQHandler
                0x0000000008001094                FSMC_IRQHandler
                0x0000000008001094                ETH_IRQHandler
                0x0000000008001094                OTG_HS_EP1_OUT_IRQHandler
                0x0000000008001094                WWDG_IRQHandler
                0x0000000008001094                TIM2_IRQHandler
                0x0000000008001094                OTG_FS_WKUP_IRQHandler
                0x0000000008001094                TIM1_TRG_COM_TIM11_IRQHandler
                0x0000000008001094                OTG_HS_IRQHandler
                0x0000000008001094                EXTI1_IRQHandler
                0x0000000008001094                USART2_IRQHandler
                0x0000000008001094                I2C2_ER_IRQHandler
                0x0000000008001094                DMA2_Stream1_IRQHandler
                0x0000000008001094                CAN1_SCE_IRQHandler
                0x0000000008001094                FLASH_IRQHandler
                0x0000000008001094                DMA2_Stream4_IRQHandler
                0x0000000008001094                USART1_IRQHandler
                0x0000000008001094                OTG_FS_IRQHandler
                0x0000000008001094                SPI3_IRQHandler
                0x0000000008001094                DMA1_Stream4_IRQHandler
                0x0000000008001094                I2C1_ER_IRQHandler
                0x0000000008001094                DMA2_Stream6_IRQHandler
                0x0000000008001094                RTC_Alarm_IRQHandler
 *fill*         0x0000000008001096        0x2 
 .text.HAL_CAN_RxFifo0MsgPendingCallback
                0x0000000008001098       0xa4 CMakeFiles/motor_control_pid.elf.dir/Core/application/CAN_receive.c.obj
                0x0000000008001098                HAL_CAN_RxFifo0MsgPendingCallback
 .text.CAN_cmd_chassis
                0x000000000800113c       0x54 CMakeFiles/motor_control_pid.elf.dir/Core/application/CAN_receive.c.obj
                0x000000000800113c                CAN_cmd_chassis
 .text.get_chassis_motor_measure_point
                0x0000000008001190       0x14 CMakeFiles/motor_control_pid.elf.dir/Core/application/CAN_receive.c.obj
                0x0000000008001190                get_chassis_motor_measure_point
 .text.can_filter_init
                0x00000000080011a4       0x5c CMakeFiles/motor_control_pid.elf.dir/Core/boards/bsp_can.c.obj
                0x00000000080011a4                can_filter_init
 .text.pid_param_init
                0x0000000008001200       0x4e CMakeFiles/motor_control_pid.elf.dir/Core/pid/pid.c.obj
 .text.pid_reset
                0x000000000800124e        0x8 CMakeFiles/motor_control_pid.elf.dir/Core/pid/pid.c.obj
 .text.pid_calculate
                0x0000000008001256       0xd4 CMakeFiles/motor_control_pid.elf.dir/Core/pid/pid.c.obj
 *fill*         0x000000000800132a        0x2 
 .text.pid_init
                0x000000000800132c       0x1c CMakeFiles/motor_control_pid.elf.dir/Core/pid/pid.c.obj
                0x000000000800132c                pid_init
 .text.HAL_InitTick
                0x0000000008001348       0x4c CMakeFiles/motor_control_pid.elf.dir/Drivers/STM32F4xx_HAL_Driver/Src/stm32f4xx_hal.c.obj
                0x0000000008001348                HAL_InitTick
 .text.HAL_Init
                0x0000000008001394       0x34 CMakeFiles/motor_control_pid.elf.dir/Drivers/STM32F4xx_HAL_Driver/Src/stm32f4xx_hal.c.obj
                0x0000000008001394                HAL_Init
 .text.HAL_IncTick
                0x00000000080013c8       0x18 CMakeFiles/motor_control_pid.elf.dir/Drivers/STM32F4xx_HAL_Driver/Src/stm32f4xx_hal.c.obj
                0x00000000080013c8                HAL_IncTick
 .text.HAL_GetTick
                0x00000000080013e0        0xc CMakeFiles/motor_control_pid.elf.dir/Drivers/STM32F4xx_HAL_Driver/Src/stm32f4xx_hal.c.obj
                0x00000000080013e0                HAL_GetTick
 .text.HAL_Delay
                0x00000000080013ec       0x28 CMakeFiles/motor_control_pid.elf.dir/Drivers/STM32F4xx_HAL_Driver/Src/stm32f4xx_hal.c.obj
                0x00000000080013ec                HAL_Delay
 .text.HAL_CAN_Init
                0x0000000008001414      0x14c CMakeFiles/motor_control_pid.elf.dir/Drivers/STM32F4xx_HAL_Driver/Src/stm32f4xx_hal_can.c.obj
                0x0000000008001414                HAL_CAN_Init
 .text.HAL_CAN_ConfigFilter
                0x0000000008001560      0x13c CMakeFiles/motor_control_pid.elf.dir/Drivers/STM32F4xx_HAL_Driver/Src/stm32f4xx_hal_can.c.obj
                0x0000000008001560                HAL_CAN_ConfigFilter
 .text.HAL_CAN_Start
                0x000000000800169c       0x5c CMakeFiles/motor_control_pid.elf.dir/Drivers/STM32F4xx_HAL_Driver/Src/stm32f4xx_hal_can.c.obj
                0x000000000800169c                HAL_CAN_Start
 .text.HAL_CAN_AddTxMessage
                0x00000000080016f8       0xfc CMakeFiles/motor_control_pid.elf.dir/Drivers/STM32F4xx_HAL_Driver/Src/stm32f4xx_hal_can.c.obj
                0x00000000080016f8                HAL_CAN_AddTxMessage
 .text.HAL_CAN_GetRxMessage
                0x00000000080017f4      0x156 CMakeFiles/motor_control_pid.elf.dir/Drivers/STM32F4xx_HAL_Driver/Src/stm32f4xx_hal_can.c.obj
                0x00000000080017f4                HAL_CAN_GetRxMessage
 .text.HAL_CAN_ActivateNotification
                0x000000000800194a       0x24 CMakeFiles/motor_control_pid.elf.dir/Drivers/STM32F4xx_HAL_Driver/Src/stm32f4xx_hal_can.c.obj
                0x000000000800194a                HAL_CAN_ActivateNotification
 .text.HAL_CAN_TxMailbox0CompleteCallback
                0x000000000800196e        0x2 CMakeFiles/motor_control_pid.elf.dir/Drivers/STM32F4xx_HAL_Driver/Src/stm32f4xx_hal_can.c.obj
                0x000000000800196e                HAL_CAN_TxMailbox0CompleteCallback
 .text.HAL_CAN_TxMailbox1CompleteCallback
                0x0000000008001970        0x2 CMakeFiles/motor_control_pid.elf.dir/Drivers/STM32F4xx_HAL_Driver/Src/stm32f4xx_hal_can.c.obj
                0x0000000008001970                HAL_CAN_TxMailbox1CompleteCallback
 .text.HAL_CAN_TxMailbox2CompleteCallback
                0x0000000008001972        0x2 CMakeFiles/motor_control_pid.elf.dir/Drivers/STM32F4xx_HAL_Driver/Src/stm32f4xx_hal_can.c.obj
                0x0000000008001972                HAL_CAN_TxMailbox2CompleteCallback
 .text.HAL_CAN_TxMailbox0AbortCallback
                0x0000000008001974        0x2 CMakeFiles/motor_control_pid.elf.dir/Drivers/STM32F4xx_HAL_Driver/Src/stm32f4xx_hal_can.c.obj
                0x0000000008001974                HAL_CAN_TxMailbox0AbortCallback
 .text.HAL_CAN_TxMailbox1AbortCallback
                0x0000000008001976        0x2 CMakeFiles/motor_control_pid.elf.dir/Drivers/STM32F4xx_HAL_Driver/Src/stm32f4xx_hal_can.c.obj
                0x0000000008001976                HAL_CAN_TxMailbox1AbortCallback
 .text.HAL_CAN_TxMailbox2AbortCallback
                0x0000000008001978        0x2 CMakeFiles/motor_control_pid.elf.dir/Drivers/STM32F4xx_HAL_Driver/Src/stm32f4xx_hal_can.c.obj
                0x0000000008001978                HAL_CAN_TxMailbox2AbortCallback
 .text.HAL_CAN_RxFifo0FullCallback
                0x000000000800197a        0x2 CMakeFiles/motor_control_pid.elf.dir/Drivers/STM32F4xx_HAL_Driver/Src/stm32f4xx_hal_can.c.obj
                0x000000000800197a                HAL_CAN_RxFifo0FullCallback
 .text.HAL_CAN_RxFifo1MsgPendingCallback
                0x000000000800197c        0x2 CMakeFiles/motor_control_pid.elf.dir/Drivers/STM32F4xx_HAL_Driver/Src/stm32f4xx_hal_can.c.obj
                0x000000000800197c                HAL_CAN_RxFifo1MsgPendingCallback
 .text.HAL_CAN_RxFifo1FullCallback
                0x000000000800197e        0x2 CMakeFiles/motor_control_pid.elf.dir/Drivers/STM32F4xx_HAL_Driver/Src/stm32f4xx_hal_can.c.obj
                0x000000000800197e                HAL_CAN_RxFifo1FullCallback
 .text.HAL_CAN_SleepCallback
                0x0000000008001980        0x2 CMakeFiles/motor_control_pid.elf.dir/Drivers/STM32F4xx_HAL_Driver/Src/stm32f4xx_hal_can.c.obj
                0x0000000008001980                HAL_CAN_SleepCallback
 .text.HAL_CAN_WakeUpFromRxMsgCallback
                0x0000000008001982        0x2 CMakeFiles/motor_control_pid.elf.dir/Drivers/STM32F4xx_HAL_Driver/Src/stm32f4xx_hal_can.c.obj
                0x0000000008001982                HAL_CAN_WakeUpFromRxMsgCallback
 .text.HAL_CAN_ErrorCallback
                0x0000000008001984        0x2 CMakeFiles/motor_control_pid.elf.dir/Drivers/STM32F4xx_HAL_Driver/Src/stm32f4xx_hal_can.c.obj
                0x0000000008001984                HAL_CAN_ErrorCallback
 .text.HAL_CAN_IRQHandler
                0x0000000008001986      0x24a CMakeFiles/motor_control_pid.elf.dir/Drivers/STM32F4xx_HAL_Driver/Src/stm32f4xx_hal_can.c.obj
                0x0000000008001986                HAL_CAN_IRQHandler
 .text.HAL_NVIC_SetPriorityGrouping
                0x0000000008001bd0       0x24 CMakeFiles/motor_control_pid.elf.dir/Drivers/STM32F4xx_HAL_Driver/Src/stm32f4xx_hal_cortex.c.obj
                0x0000000008001bd0                HAL_NVIC_SetPriorityGrouping
 .text.HAL_NVIC_SetPriority
                0x0000000008001bf4       0x70 CMakeFiles/motor_control_pid.elf.dir/Drivers/STM32F4xx_HAL_Driver/Src/stm32f4xx_hal_cortex.c.obj
                0x0000000008001bf4                HAL_NVIC_SetPriority
 .text.HAL_NVIC_EnableIRQ
                0x0000000008001c64       0x1c CMakeFiles/motor_control_pid.elf.dir/Drivers/STM32F4xx_HAL_Driver/Src/stm32f4xx_hal_cortex.c.obj
                0x0000000008001c64                HAL_NVIC_EnableIRQ
 .text.HAL_SYSTICK_Config
                0x0000000008001c80       0x28 CMakeFiles/motor_control_pid.elf.dir/Drivers/STM32F4xx_HAL_Driver/Src/stm32f4xx_hal_cortex.c.obj
                0x0000000008001c80                HAL_SYSTICK_Config
 .text.HAL_GPIO_Init
                0x0000000008001ca8      0x1e4 CMakeFiles/motor_control_pid.elf.dir/Drivers/STM32F4xx_HAL_Driver/Src/stm32f4xx_hal_gpio.c.obj
                0x0000000008001ca8                HAL_GPIO_Init
 .text.HAL_GPIO_WritePin
                0x0000000008001e8c        0xc CMakeFiles/motor_control_pid.elf.dir/Drivers/STM32F4xx_HAL_Driver/Src/stm32f4xx_hal_gpio.c.obj
                0x0000000008001e8c                HAL_GPIO_WritePin
 .text.HAL_GPIO_TogglePin
                0x0000000008001e98       0x12 CMakeFiles/motor_control_pid.elf.dir/Drivers/STM32F4xx_HAL_Driver/Src/stm32f4xx_hal_gpio.c.obj
                0x0000000008001e98                HAL_GPIO_TogglePin
 *fill*         0x0000000008001eaa        0x2 
 .text.HAL_RCC_OscConfig
                0x0000000008001eac      0x3f8 CMakeFiles/motor_control_pid.elf.dir/Drivers/STM32F4xx_HAL_Driver/Src/stm32f4xx_hal_rcc.c.obj
                0x0000000008001eac                HAL_RCC_OscConfig
 .text.HAL_RCC_GetSysClockFreq
                0x00000000080022a4       0xa4 CMakeFiles/motor_control_pid.elf.dir/Drivers/STM32F4xx_HAL_Driver/Src/stm32f4xx_hal_rcc.c.obj
                0x00000000080022a4                HAL_RCC_GetSysClockFreq
 .text.HAL_RCC_ClockConfig
                0x0000000008002348      0x160 CMakeFiles/motor_control_pid.elf.dir/Drivers/STM32F4xx_HAL_Driver/Src/stm32f4xx_hal_rcc.c.obj
                0x0000000008002348                HAL_RCC_ClockConfig
 .text.HAL_RCC_GetHCLKFreq
                0x00000000080024a8        0xc CMakeFiles/motor_control_pid.elf.dir/Drivers/STM32F4xx_HAL_Driver/Src/stm32f4xx_hal_rcc.c.obj
                0x00000000080024a8                HAL_RCC_GetHCLKFreq
 .text.HAL_RCC_GetPCLK1Freq
                0x00000000080024b4       0x20 CMakeFiles/motor_control_pid.elf.dir/Drivers/STM32F4xx_HAL_Driver/Src/stm32f4xx_hal_rcc.c.obj
                0x00000000080024b4                HAL_RCC_GetPCLK1Freq
 .text.HAL_RCC_GetPCLK2Freq
                0x00000000080024d4       0x20 CMakeFiles/motor_control_pid.elf.dir/Drivers/STM32F4xx_HAL_Driver/Src/stm32f4xx_hal_rcc.c.obj
                0x00000000080024d4                HAL_RCC_GetPCLK2Freq
 .text.UART_SetConfig
                0x00000000080024f4      0x110 CMakeFiles/motor_control_pid.elf.dir/Drivers/STM32F4xx_HAL_Driver/Src/stm32f4xx_hal_uart.c.obj
 .text.UART_WaitOnFlagUntilTimeout
                0x0000000008002604       0x88 CMakeFiles/motor_control_pid.elf.dir/Drivers/STM32F4xx_HAL_Driver/Src/stm32f4xx_hal_uart.c.obj
 .text.HAL_UART_Init
                0x000000000800268c       0x5e CMakeFiles/motor_control_pid.elf.dir/Drivers/STM32F4xx_HAL_Driver/Src/stm32f4xx_hal_uart.c.obj
                0x000000000800268c                HAL_UART_Init
 .text.HAL_UART_Transmit
                0x00000000080026ea       0xd8 CMakeFiles/motor_control_pid.elf.dir/Drivers/STM32F4xx_HAL_Driver/Src/stm32f4xx_hal_uart.c.obj
                0x00000000080026ea                HAL_UART_Transmit
 *fill*         0x00000000080027c2        0x2 
 .text.__libc_init_array
                0x00000000080027c4       0x48 /usr/local/Cellar/arm-none-eabi-gcc/10.3-2021.07/gcc/bin/../lib/gcc/arm-none-eabi/10.3.1/../../../../arm-none-eabi/lib/thumb/v7e-m/nofp/libg.a(lib_a-init.o)
                0x00000000080027c4                __libc_init_array
 .text.itoa     0x000000000800280c       0x2c /usr/local/Cellar/arm-none-eabi-gcc/10.3-2021.07/gcc/bin/../lib/gcc/arm-none-eabi/10.3.1/../../../../arm-none-eabi/lib/thumb/v7e-m/nofp/libg.a(lib_a-itoa.o)
                0x000000000800280c                itoa
 .text.memset   0x0000000008002838       0xa4 /usr/local/Cellar/arm-none-eabi-gcc/10.3-2021.07/gcc/bin/../lib/gcc/arm-none-eabi/10.3.1/../../../../arm-none-eabi/lib/thumb/v7e-m/nofp/libg.a(lib_a-memset.o)
                0x0000000008002838                memset
 .text.__utoa   0x00000000080028dc       0x9c /usr/local/Cellar/arm-none-eabi-gcc/10.3-2021.07/gcc/bin/../lib/gcc/arm-none-eabi/10.3.1/../../../../arm-none-eabi/lib/thumb/v7e-m/nofp/libg.a(lib_a-utoa.o)
                0x00000000080028dc                __utoa
 .text.startup.register_fini
                0x0000000008002978       0x14 /usr/local/Cellar/arm-none-eabi-gcc/10.3-2021.07/gcc/bin/../lib/gcc/arm-none-eabi/10.3.1/../../../../arm-none-eabi/lib/thumb/v7e-m/nofp/libg.a(lib_a-__call_atexit.o)
 .text.atexit   0x000000000800298c        0xc /usr/local/Cellar/arm-none-eabi-gcc/10.3-2021.07/gcc/bin/../lib/gcc/arm-none-eabi/10.3.1/../../../../arm-none-eabi/lib/thumb/v7e-m/nofp/libg.a(lib_a-atexit.o)
                0x000000000800298c                atexit
 .text.__libc_fini_array
                0x0000000008002998       0x2c /usr/local/Cellar/arm-none-eabi-gcc/10.3-2021.07/gcc/bin/../lib/gcc/arm-none-eabi/10.3.1/../../../../arm-none-eabi/lib/thumb/v7e-m/nofp/libg.a(lib_a-fini.o)
                0x0000000008002998                __libc_fini_array
 .text.__retarget_lock_acquire_recursive
                0x00000000080029c4        0x4 /usr/local/Cellar/arm-none-eabi-gcc/10.3-2021.07/gcc/bin/../lib/gcc/arm-none-eabi/10.3.1/../../../../arm-none-eabi/lib/thumb/v7e-m/nofp/libg.a(lib_a-lock.o)
                0x00000000080029c4                __retarget_lock_acquire_recursive
 .text.__retarget_lock_release_recursive
                0x00000000080029c8        0x4 /usr/local/Cellar/arm-none-eabi-gcc/10.3-2021.07/gcc/bin/../lib/gcc/arm-none-eabi/10.3.1/../../../../arm-none-eabi/lib/thumb/v7e-m/nofp/libg.a(lib_a-lock.o)
                0x00000000080029c8                __retarget_lock_release_recursive
 .text.__register_exitproc
                0x00000000080029cc       0x8c /usr/local/Cellar/arm-none-eabi-gcc/10.3-2021.07/gcc/bin/../lib/gcc/arm-none-eabi/10.3.1/../../../../arm-none-eabi/lib/thumb/v7e-m/nofp/libg.a(lib_a-__atexit.o)
                0x00000000080029cc                __register_exitproc
 *(.glue_7)
 .glue_7        0x0000000008002a58        0x0 linker stubs
 *(.glue_7t)
 .glue_7t       0x0000000008002a58        0x0 linker stubs
 *(.eh_frame)
 .eh_frame      0x0000000008002a58        0x0 /usr/local/Cellar/arm-none-eabi-gcc/10.3-2021.07/gcc/bin/../lib/gcc/arm-none-eabi/10.3.1/thumb/v7e-m/nofp/crtbegin.o
 *(.init)
 .init          0x0000000008002a58        0x4 /usr/local/Cellar/arm-none-eabi-gcc/10.3-2021.07/gcc/bin/../lib/gcc/arm-none-eabi/10.3.1/thumb/v7e-m/nofp/crti.o
                0x0000000008002a58                _init
 .init          0x0000000008002a5c        0x8 /usr/local/Cellar/arm-none-eabi-gcc/10.3-2021.07/gcc/bin/../lib/gcc/arm-none-eabi/10.3.1/thumb/v7e-m/nofp/crtn.o
 *(.fini)
 .fini          0x0000000008002a64        0x4 /usr/local/Cellar/arm-none-eabi-gcc/10.3-2021.07/gcc/bin/../lib/gcc/arm-none-eabi/10.3.1/thumb/v7e-m/nofp/crti.o
                0x0000000008002a64                _fini
 .fini          0x0000000008002a68        0x8 /usr/local/Cellar/arm-none-eabi-gcc/10.3-2021.07/gcc/bin/../lib/gcc/arm-none-eabi/10.3.1/thumb/v7e-m/nofp/crtn.o
                0x0000000008002a70                . = ALIGN (0x4)
                0x0000000008002a70                _etext = .

.vfp11_veneer   0x0000000008002a70        0x0
 .vfp11_veneer  0x0000000008002a70        0x0 linker stubs

.v4_bx          0x0000000008002a70        0x0
 .v4_bx         0x0000000008002a70        0x0 linker stubs

.iplt           0x0000000008002a70        0x0
 .iplt          0x0000000008002a70        0x0 /usr/local/Cellar/arm-none-eabi-gcc/10.3-2021.07/gcc/bin/../lib/gcc/arm-none-eabi/10.3.1/thumb/v7e-m/nofp/crtbegin.o

.rodata         0x0000000008002a70       0x64
                0x0000000008002a70                . = ALIGN (0x4)
 *(.rodata)
 *(.rodata*)
 .rodata.main.str1.4
                0x0000000008002a70       0x1f CMakeFiles/motor_control_pid.elf.dir/Core/Src/main.c.obj
 *fill*         0x0000000008002a8f        0x1 
 .rodata.AHBPrescTable
                0x0000000008002a90       0x10 CMakeFiles/motor_control_pid.elf.dir/Core/Src/system_stm32f4xx.c.obj
                0x0000000008002a90                AHBPrescTable
 .rodata.APBPrescTable
                0x0000000008002aa0        0x8 CMakeFiles/motor_control_pid.elf.dir/Core/Src/system_stm32f4xx.c.obj
                0x0000000008002aa0                APBPrescTable
 .rodata._global_impure_ptr
                0x0000000008002aa8        0x4 /usr/local/Cellar/arm-none-eabi-gcc/10.3-2021.07/gcc/bin/../lib/gcc/arm-none-eabi/10.3.1/../../../../arm-none-eabi/lib/thumb/v7e-m/nofp/libg.a(lib_a-impure.o)
                0x0000000008002aa8                _global_impure_ptr
 .rodata.__utoa.str1.4
                0x0000000008002aac       0x25 /usr/local/Cellar/arm-none-eabi-gcc/10.3-2021.07/gcc/bin/../lib/gcc/arm-none-eabi/10.3.1/../../../../arm-none-eabi/lib/thumb/v7e-m/nofp/libg.a(lib_a-utoa.o)
                0x0000000008002ad4                . = ALIGN (0x4)
 *fill*         0x0000000008002ad1        0x3 

.ARM.extab      0x0000000008002ad4        0x0
                0x0000000008002ad4                . = ALIGN (0x4)
 *(.ARM.extab* .gnu.linkonce.armextab.*)
                0x0000000008002ad4                . = ALIGN (0x4)

.ARM            0x0000000008002ad4        0x8
                0x0000000008002ad4                . = ALIGN (0x4)
                0x0000000008002ad4                __exidx_start = .
 *(.ARM.exidx*)
 .ARM.exidx     0x0000000008002ad4        0x8 /usr/local/Cellar/arm-none-eabi-gcc/10.3-2021.07/gcc/bin/../lib/gcc/arm-none-eabi/10.3.1/thumb/v7e-m/nofp/libgcc.a(_udivmoddi4.o)
                0x0000000008002adc                __exidx_end = .
                0x0000000008002adc                . = ALIGN (0x4)

.rel.dyn        0x0000000008002adc        0x0
 .rel.iplt      0x0000000008002adc        0x0 /usr/local/Cellar/arm-none-eabi-gcc/10.3-2021.07/gcc/bin/../lib/gcc/arm-none-eabi/10.3.1/thumb/v7e-m/nofp/crtbegin.o

.preinit_array  0x0000000008002adc        0x0
                0x0000000008002adc                . = ALIGN (0x4)
                0x0000000008002adc                PROVIDE (__preinit_array_start = .)
 *(.preinit_array*)
                0x0000000008002adc                PROVIDE (__preinit_array_end = .)
                0x0000000008002adc                . = ALIGN (0x4)

.init_array     0x0000000008002adc        0x8
                0x0000000008002adc                . = ALIGN (0x4)
                0x0000000008002adc                PROVIDE (__init_array_start = .)
 *(SORT_BY_NAME(.init_array.*))
 .init_array.00000
                0x0000000008002adc        0x4 /usr/local/Cellar/arm-none-eabi-gcc/10.3-2021.07/gcc/bin/../lib/gcc/arm-none-eabi/10.3.1/../../../../arm-none-eabi/lib/thumb/v7e-m/nofp/libg.a(lib_a-__call_atexit.o)
 *(.init_array*)
 .init_array    0x0000000008002ae0        0x4 /usr/local/Cellar/arm-none-eabi-gcc/10.3-2021.07/gcc/bin/../lib/gcc/arm-none-eabi/10.3.1/thumb/v7e-m/nofp/crtbegin.o
                0x0000000008002ae4                PROVIDE (__init_array_end = .)
                0x0000000008002ae4                . = ALIGN (0x4)

.fini_array     0x0000000008002ae4        0x4
                0x0000000008002ae4                . = ALIGN (0x4)
                0x0000000008002ae4                PROVIDE (__fini_array_start = .)
 *(SORT_BY_NAME(.fini_array.*))
 *(.fini_array*)
 .fini_array    0x0000000008002ae4        0x4 /usr/local/Cellar/arm-none-eabi-gcc/10.3-2021.07/gcc/bin/../lib/gcc/arm-none-eabi/10.3.1/thumb/v7e-m/nofp/crtbegin.o
                0x0000000008002ae8                PROVIDE (__fini_array_end = .)
                0x0000000008002ae8                . = ALIGN (0x4)
                0x0000000008002ae8                _sidata = LOADADDR (.data)

.data           0x0000000020000000      0x43c load address 0x0000000008002ae8
                0x0000000020000000                . = ALIGN (0x4)
                0x0000000020000000                _sdata = .
 *(.data)
 *(.data*)
 .data.SystemCoreClock
                0x0000000020000000        0x4 CMakeFiles/motor_control_pid.elf.dir/Core/Src/system_stm32f4xx.c.obj
                0x0000000020000000                SystemCoreClock
 .data.uwTickFreq
                0x0000000020000004        0x1 CMakeFiles/motor_control_pid.elf.dir/Drivers/STM32F4xx_HAL_Driver/Src/stm32f4xx_hal.c.obj
                0x0000000020000004                uwTickFreq
 *fill*         0x0000000020000005        0x3 
 .data.uwTickPrio
                0x0000000020000008        0x4 CMakeFiles/motor_control_pid.elf.dir/Drivers/STM32F4xx_HAL_Driver/Src/stm32f4xx_hal.c.obj
                0x0000000020000008                uwTickPrio
 *fill*         0x000000002000000c        0x4 
 .data.impure_data
                0x0000000020000010      0x428 /usr/local/Cellar/arm-none-eabi-gcc/10.3-2021.07/gcc/bin/../lib/gcc/arm-none-eabi/10.3.1/../../../../arm-none-eabi/lib/thumb/v7e-m/nofp/libg.a(lib_a-impure.o)
 .data.__atexit_recursive_mutex
                0x0000000020000438        0x4 /usr/local/Cellar/arm-none-eabi-gcc/10.3-2021.07/gcc/bin/../lib/gcc/arm-none-eabi/10.3.1/../../../../arm-none-eabi/lib/thumb/v7e-m/nofp/libg.a(lib_a-__call_atexit.o)
                0x0000000020000438                __atexit_recursive_mutex
 *(.RamFunc)
 *(.RamFunc*)
                0x000000002000043c                . = ALIGN (0x4)
                0x000000002000043c                _edata = .
                0x0000000008002f24                _siccmram = LOADADDR (.ccmram)

.igot.plt       0x000000002000043c        0x0 load address 0x0000000008002f24
 .igot.plt      0x000000002000043c        0x0 /usr/local/Cellar/arm-none-eabi-gcc/10.3-2021.07/gcc/bin/../lib/gcc/arm-none-eabi/10.3.1/thumb/v7e-m/nofp/crtbegin.o

.ccmram         0x0000000010000000        0x0 load address 0x0000000008002f24
                0x0000000010000000                . = ALIGN (0x4)
                0x0000000010000000                _sccmram = .
 *(.ccmram)
 *(.ccmram*)
                0x0000000010000000                . = ALIGN (0x4)
                0x0000000010000000                _eccmram = .
                0x0000000010000000                . = ALIGN (0x4)

.bss            0x000000002000043c      0x2d0
                0x000000002000043c                _sbss = .
                0x000000002000043c                __bss_start__ = _sbss
 *(.bss)
 .bss           0x000000002000043c       0x1c /usr/local/Cellar/arm-none-eabi-gcc/10.3-2021.07/gcc/bin/../lib/gcc/arm-none-eabi/10.3.1/thumb/v7e-m/nofp/crtbegin.o
 *(.bss*)
 .bss.HAL_RCC_CAN1_CLK_ENABLED
                0x0000000020000458        0x4 CMakeFiles/motor_control_pid.elf.dir/Core/Src/can.c.obj
 .bss.hcan1     0x000000002000045c       0x28 CMakeFiles/motor_control_pid.elf.dir/Core/Src/can.c.obj
                0x000000002000045c                hcan1
 .bss.hcan2     0x0000000020000484       0x28 CMakeFiles/motor_control_pid.elf.dir/Core/Src/can.c.obj
                0x0000000020000484                hcan2
 .bss.MsgTimer  0x00000000200004ac        0x4 CMakeFiles/motor_control_pid.elf.dir/Core/Src/main.c.obj
                0x00000000200004ac                MsgTimer
 .bss.motor_data
                0x00000000200004b0       0x10 CMakeFiles/motor_control_pid.elf.dir/Core/Src/main.c.obj
                0x00000000200004b0                motor_data
 .bss.huart6    0x00000000200004c0       0x44 CMakeFiles/motor_control_pid.elf.dir/Core/Src/usart.c.obj
                0x00000000200004c0                huart6
 .bss.FlashTimer
                0x0000000020000504        0x4 CMakeFiles/motor_control_pid.elf.dir/Core/application/CAN_receive.c.obj
                0x0000000020000504                FlashTimer
 .bss.chassis_can_send_data
                0x0000000020000508        0x8 CMakeFiles/motor_control_pid.elf.dir/Core/application/CAN_receive.c.obj
 .bss.chassis_tx_message
                0x0000000020000510       0x18 CMakeFiles/motor_control_pid.elf.dir/Core/application/CAN_receive.c.obj
 .bss.i.0       0x0000000020000528        0x1 CMakeFiles/motor_control_pid.elf.dir/Core/application/CAN_receive.c.obj
 *fill*         0x0000000020000529        0x3 
 .bss.motor_chassis
                0x000000002000052c       0x46 CMakeFiles/motor_control_pid.elf.dir/Core/application/CAN_receive.c.obj
 *fill*         0x0000000020000572        0x2 
 .bss.drive_motor_pid
                0x0000000020000574      0x190 CMakeFiles/motor_control_pid.elf.dir/Core/pid/pid.c.obj
                0x0000000020000574                drive_motor_pid
 .bss.uwTick    0x0000000020000704        0x4 CMakeFiles/motor_control_pid.elf.dir/Drivers/STM32F4xx_HAL_Driver/Src/stm32f4xx_hal.c.obj
                0x0000000020000704                uwTick
 .bss.__lock___atexit_recursive_mutex
                0x0000000020000708        0x1 /usr/local/Cellar/arm-none-eabi-gcc/10.3-2021.07/gcc/bin/../lib/gcc/arm-none-eabi/10.3.1/../../../../arm-none-eabi/lib/thumb/v7e-m/nofp/libg.a(lib_a-lock.o)
                0x0000000020000708                __lock___atexit_recursive_mutex
 *(COMMON)
                0x000000002000070c                . = ALIGN (0x4)
 *fill*         0x0000000020000709        0x3 
                0x000000002000070c                _ebss = .
                0x000000002000070c                __bss_end__ = _ebss

._user_heap_stack
                0x000000002000070c      0x604
                0x0000000020000710                . = ALIGN (0x8)
 *fill*         0x000000002000070c        0x4 
                [!provide]                        PROVIDE (end = .)
                0x0000000020000710                PROVIDE (_end = .)
                0x0000000020000910                . = (. + _Min_Heap_Size)
 *fill*         0x0000000020000710      0x200 
                0x0000000020000d10                . = (. + _Min_Stack_Size)
 *fill*         0x0000000020000910      0x400 
                0x0000000020000d10                . = ALIGN (0x8)

/DISCARD/
 libc.a(*)
 libm.a(*)
 libgcc.a(*)

.ARM.attributes
                0x0000000000000000       0x2a
 *(.ARM.attributes)
 .ARM.attributes
                0x0000000000000000       0x1e /usr/local/Cellar/arm-none-eabi-gcc/10.3-2021.07/gcc/bin/../lib/gcc/arm-none-eabi/10.3.1/thumb/v7e-m/nofp/crti.o
 .ARM.attributes
                0x000000000000001e       0x2e /usr/local/Cellar/arm-none-eabi-gcc/10.3-2021.07/gcc/bin/../lib/gcc/arm-none-eabi/10.3.1/thumb/v7e-m/nofp/crtbegin.o
 .ARM.attributes
                0x000000000000004c       0x2e CMakeFiles/motor_control_pid.elf.dir/Core/Src/can.c.obj
 .ARM.attributes
                0x000000000000007a       0x2e CMakeFiles/motor_control_pid.elf.dir/Core/Src/gpio.c.obj
 .ARM.attributes
                0x00000000000000a8       0x2e CMakeFiles/motor_control_pid.elf.dir/Core/Src/main.c.obj
 .ARM.attributes
                0x00000000000000d6       0x2e CMakeFiles/motor_control_pid.elf.dir/Core/Src/stm32f4xx_hal_msp.c.obj
 .ARM.attributes
                0x0000000000000104       0x2e CMakeFiles/motor_control_pid.elf.dir/Core/Src/stm32f4xx_it.c.obj
 .ARM.attributes
                0x0000000000000132       0x2e CMakeFiles/motor_control_pid.elf.dir/Core/Src/system_stm32f4xx.c.obj
 .ARM.attributes
                0x0000000000000160       0x2e CMakeFiles/motor_control_pid.elf.dir/Core/Src/usart.c.obj
 .ARM.attributes
                0x000000000000018e       0x21 CMakeFiles/motor_control_pid.elf.dir/Core/Startup/startup_stm32f407ighx.s.obj
 .ARM.attributes
                0x00000000000001af       0x2e CMakeFiles/motor_control_pid.elf.dir/Core/application/CAN_receive.c.obj
 .ARM.attributes
                0x00000000000001dd       0x2e CMakeFiles/motor_control_pid.elf.dir/Core/boards/bsp_can.c.obj
 .ARM.attributes
                0x000000000000020b       0x2e CMakeFiles/motor_control_pid.elf.dir/Core/pid/pid.c.obj
 .ARM.attributes
                0x0000000000000239       0x2e CMakeFiles/motor_control_pid.elf.dir/Drivers/STM32F4xx_HAL_Driver/Src/stm32f4xx_hal.c.obj
 .ARM.attributes
                0x0000000000000267       0x2e CMakeFiles/motor_control_pid.elf.dir/Drivers/STM32F4xx_HAL_Driver/Src/stm32f4xx_hal_can.c.obj
 .ARM.attributes
                0x0000000000000295       0x2e CMakeFiles/motor_control_pid.elf.dir/Drivers/STM32F4xx_HAL_Driver/Src/stm32f4xx_hal_cortex.c.obj
 .ARM.attributes
                0x00000000000002c3       0x2e CMakeFiles/motor_control_pid.elf.dir/Drivers/STM32F4xx_HAL_Driver/Src/stm32f4xx_hal_gpio.c.obj
 .ARM.attributes
                0x00000000000002f1       0x2e CMakeFiles/motor_control_pid.elf.dir/Drivers/STM32F4xx_HAL_Driver/Src/stm32f4xx_hal_rcc.c.obj
 .ARM.attributes
                0x000000000000031f       0x2e CMakeFiles/motor_control_pid.elf.dir/Drivers/STM32F4xx_HAL_Driver/Src/stm32f4xx_hal_uart.c.obj
 .ARM.attributes
                0x000000000000034d       0x1e /usr/local/Cellar/arm-none-eabi-gcc/10.3-2021.07/gcc/bin/../lib/gcc/arm-none-eabi/10.3.1/thumb/v7e-m/nofp/libgcc.a(_arm_mulsf3.o)
 .ARM.attributes
                0x000000000000036b       0x1e /usr/local/Cellar/arm-none-eabi-gcc/10.3-2021.07/gcc/bin/../lib/gcc/arm-none-eabi/10.3.1/thumb/v7e-m/nofp/libgcc.a(_arm_addsubsf3.o)
 .ARM.attributes
                0x0000000000000389       0x1e /usr/local/Cellar/arm-none-eabi-gcc/10.3-2021.07/gcc/bin/../lib/gcc/arm-none-eabi/10.3.1/thumb/v7e-m/nofp/libgcc.a(_arm_cmpsf2.o)
 .ARM.attributes
                0x00000000000003a7       0x1e /usr/local/Cellar/arm-none-eabi-gcc/10.3-2021.07/gcc/bin/../lib/gcc/arm-none-eabi/10.3.1/thumb/v7e-m/nofp/libgcc.a(_arm_fixsfsi.o)
 .ARM.attributes
                0x00000000000003c5       0x1e /usr/local/Cellar/arm-none-eabi-gcc/10.3-2021.07/gcc/bin/../lib/gcc/arm-none-eabi/10.3.1/thumb/v7e-m/nofp/libgcc.a(_aeabi_uldivmod.o)
 .ARM.attributes
                0x00000000000003e3       0x2e /usr/local/Cellar/arm-none-eabi-gcc/10.3-2021.07/gcc/bin/../lib/gcc/arm-none-eabi/10.3.1/thumb/v7e-m/nofp/libgcc.a(_udivmoddi4.o)
 .ARM.attributes
                0x0000000000000411       0x1e /usr/local/Cellar/arm-none-eabi-gcc/10.3-2021.07/gcc/bin/../lib/gcc/arm-none-eabi/10.3.1/thumb/v7e-m/nofp/libgcc.a(_dvmd_tls.o)
 .ARM.attributes
                0x000000000000042f       0x2e /usr/local/Cellar/arm-none-eabi-gcc/10.3-2021.07/gcc/bin/../lib/gcc/arm-none-eabi/10.3.1/../../../../arm-none-eabi/lib/thumb/v7e-m/nofp/libg.a(lib_a-impure.o)
 .ARM.attributes
                0x000000000000045d       0x2e /usr/local/Cellar/arm-none-eabi-gcc/10.3-2021.07/gcc/bin/../lib/gcc/arm-none-eabi/10.3.1/../../../../arm-none-eabi/lib/thumb/v7e-m/nofp/libg.a(lib_a-init.o)
 .ARM.attributes
                0x000000000000048b       0x2e /usr/local/Cellar/arm-none-eabi-gcc/10.3-2021.07/gcc/bin/../lib/gcc/arm-none-eabi/10.3.1/../../../../arm-none-eabi/lib/thumb/v7e-m/nofp/libg.a(lib_a-itoa.o)
 .ARM.attributes
                0x00000000000004b9       0x2e /usr/local/Cellar/arm-none-eabi-gcc/10.3-2021.07/gcc/bin/../lib/gcc/arm-none-eabi/10.3.1/../../../../arm-none-eabi/lib/thumb/v7e-m/nofp/libg.a(lib_a-memset.o)
 .ARM.attributes
                0x00000000000004e7       0x2e /usr/local/Cellar/arm-none-eabi-gcc/10.3-2021.07/gcc/bin/../lib/gcc/arm-none-eabi/10.3.1/../../../../arm-none-eabi/lib/thumb/v7e-m/nofp/libg.a(lib_a-utoa.o)
 .ARM.attributes
                0x0000000000000515       0x2e /usr/local/Cellar/arm-none-eabi-gcc/10.3-2021.07/gcc/bin/../lib/gcc/arm-none-eabi/10.3.1/../../../../arm-none-eabi/lib/thumb/v7e-m/nofp/libg.a(lib_a-__call_atexit.o)
 .ARM.attributes
                0x0000000000000543       0x2e /usr/local/Cellar/arm-none-eabi-gcc/10.3-2021.07/gcc/bin/../lib/gcc/arm-none-eabi/10.3.1/../../../../arm-none-eabi/lib/thumb/v7e-m/nofp/libg.a(lib_a-atexit.o)
 .ARM.attributes
                0x0000000000000571       0x2e /usr/local/Cellar/arm-none-eabi-gcc/10.3-2021.07/gcc/bin/../lib/gcc/arm-none-eabi/10.3.1/../../../../arm-none-eabi/lib/thumb/v7e-m/nofp/libg.a(lib_a-fini.o)
 .ARM.attributes
                0x000000000000059f       0x2e /usr/local/Cellar/arm-none-eabi-gcc/10.3-2021.07/gcc/bin/../lib/gcc/arm-none-eabi/10.3.1/../../../../arm-none-eabi/lib/thumb/v7e-m/nofp/libg.a(lib_a-lock.o)
 .ARM.attributes
                0x00000000000005cd       0x2e /usr/local/Cellar/arm-none-eabi-gcc/10.3-2021.07/gcc/bin/../lib/gcc/arm-none-eabi/10.3.1/../../../../arm-none-eabi/lib/thumb/v7e-m/nofp/libg.a(lib_a-__atexit.o)
 .ARM.attributes
                0x00000000000005fb       0x1e /usr/local/Cellar/arm-none-eabi-gcc/10.3-2021.07/gcc/bin/../lib/gcc/arm-none-eabi/10.3.1/thumb/v7e-m/nofp/crtn.o
OUTPUT(motor_control_pid.elf elf32-littlearm)
LOAD linker stubs
LOAD /usr/local/Cellar/arm-none-eabi-gcc/10.3-2021.07/gcc/bin/../lib/gcc/arm-none-eabi/10.3.1/../../../../arm-none-eabi/lib/thumb/v7e-m/nofp/libc.a
LOAD /usr/local/Cellar/arm-none-eabi-gcc/10.3-2021.07/gcc/bin/../lib/gcc/arm-none-eabi/10.3.1/../../../../arm-none-eabi/lib/thumb/v7e-m/nofp/libm.a
LOAD /usr/local/Cellar/arm-none-eabi-gcc/10.3-2021.07/gcc/bin/../lib/gcc/arm-none-eabi/10.3.1/thumb/v7e-m/nofp/libgcc.a

.debug_info     0x0000000000000000     0xd538
 .debug_info    0x0000000000000000      0xcb2 CMakeFiles/motor_control_pid.elf.dir/Core/Src/can.c.obj
 .debug_info    0x0000000000000cb2      0x4b3 CMakeFiles/motor_control_pid.elf.dir/Core/Src/gpio.c.obj
 .debug_info    0x0000000000001165     0x138d CMakeFiles/motor_control_pid.elf.dir/Core/Src/main.c.obj
 .debug_info    0x00000000000024f2      0x2a4 CMakeFiles/motor_control_pid.elf.dir/Core/Src/stm32f4xx_hal_msp.c.obj
 .debug_info    0x0000000000002796      0x581 CMakeFiles/motor_control_pid.elf.dir/Core/Src/stm32f4xx_it.c.obj
 .debug_info    0x0000000000002d17      0x37d CMakeFiles/motor_control_pid.elf.dir/Core/Src/system_stm32f4xx.c.obj
 .debug_info    0x0000000000003094      0xc62 CMakeFiles/motor_control_pid.elf.dir/Core/Src/usart.c.obj
 .debug_info    0x0000000000003cf6       0x22 CMakeFiles/motor_control_pid.elf.dir/Core/Startup/startup_stm32f407ighx.s.obj
 .debug_info    0x0000000000003d18      0xa4d CMakeFiles/motor_control_pid.elf.dir/Core/application/CAN_receive.c.obj
 .debug_info    0x0000000000004765      0x601 CMakeFiles/motor_control_pid.elf.dir/Core/boards/bsp_can.c.obj
 .debug_info    0x0000000000004d66      0x5e0 CMakeFiles/motor_control_pid.elf.dir/Core/pid/pid.c.obj
 .debug_info    0x0000000000005346      0x9f0 CMakeFiles/motor_control_pid.elf.dir/Drivers/STM32F4xx_HAL_Driver/Src/stm32f4xx_hal.c.obj
 .debug_info    0x0000000000005d36     0x1269 CMakeFiles/motor_control_pid.elf.dir/Drivers/STM32F4xx_HAL_Driver/Src/stm32f4xx_hal_can.c.obj
 .debug_info    0x0000000000006f9f     0x1098 CMakeFiles/motor_control_pid.elf.dir/Drivers/STM32F4xx_HAL_Driver/Src/stm32f4xx_hal_cortex.c.obj
 .debug_info    0x0000000000008037      0x7b0 CMakeFiles/motor_control_pid.elf.dir/Drivers/STM32F4xx_HAL_Driver/Src/stm32f4xx_hal_gpio.c.obj
 .debug_info    0x00000000000087e7      0xb03 CMakeFiles/motor_control_pid.elf.dir/Drivers/STM32F4xx_HAL_Driver/Src/stm32f4xx_hal_rcc.c.obj
 .debug_info    0x00000000000092ea     0x424e CMakeFiles/motor_control_pid.elf.dir/Drivers/STM32F4xx_HAL_Driver/Src/stm32f4xx_hal_uart.c.obj

.debug_abbrev   0x0000000000000000     0x2036
 .debug_abbrev  0x0000000000000000      0x1f6 CMakeFiles/motor_control_pid.elf.dir/Core/Src/can.c.obj
 .debug_abbrev  0x00000000000001f6      0x14e CMakeFiles/motor_control_pid.elf.dir/Core/Src/gpio.c.obj
 .debug_abbrev  0x0000000000000344      0x2a7 CMakeFiles/motor_control_pid.elf.dir/Core/Src/main.c.obj
 .debug_abbrev  0x00000000000005eb       0xd1 CMakeFiles/motor_control_pid.elf.dir/Core/Src/stm32f4xx_hal_msp.c.obj
 .debug_abbrev  0x00000000000006bc      0x195 CMakeFiles/motor_control_pid.elf.dir/Core/Src/stm32f4xx_it.c.obj
 .debug_abbrev  0x0000000000000851      0x119 CMakeFiles/motor_control_pid.elf.dir/Core/Src/system_stm32f4xx.c.obj
 .debug_abbrev  0x000000000000096a      0x1e3 CMakeFiles/motor_control_pid.elf.dir/Core/Src/usart.c.obj
 .debug_abbrev  0x0000000000000b4d       0x12 CMakeFiles/motor_control_pid.elf.dir/Core/Startup/startup_stm32f407ighx.s.obj
 .debug_abbrev  0x0000000000000b5f      0x260 CMakeFiles/motor_control_pid.elf.dir/Core/application/CAN_receive.c.obj
 .debug_abbrev  0x0000000000000dbf      0x192 CMakeFiles/motor_control_pid.elf.dir/Core/boards/bsp_can.c.obj
 .debug_abbrev  0x0000000000000f51      0x198 CMakeFiles/motor_control_pid.elf.dir/Core/pid/pid.c.obj
 .debug_abbrev  0x00000000000010e9      0x206 CMakeFiles/motor_control_pid.elf.dir/Drivers/STM32F4xx_HAL_Driver/Src/stm32f4xx_hal.c.obj
 .debug_abbrev  0x00000000000012ef      0x267 CMakeFiles/motor_control_pid.elf.dir/Drivers/STM32F4xx_HAL_Driver/Src/stm32f4xx_hal_can.c.obj
 .debug_abbrev  0x0000000000001556      0x36a CMakeFiles/motor_control_pid.elf.dir/Drivers/STM32F4xx_HAL_Driver/Src/stm32f4xx_hal_cortex.c.obj
 .debug_abbrev  0x00000000000018c0      0x1ef CMakeFiles/motor_control_pid.elf.dir/Drivers/STM32F4xx_HAL_Driver/Src/stm32f4xx_hal_gpio.c.obj
 .debug_abbrev  0x0000000000001aaf      0x28a CMakeFiles/motor_control_pid.elf.dir/Drivers/STM32F4xx_HAL_Driver/Src/stm32f4xx_hal_rcc.c.obj
 .debug_abbrev  0x0000000000001d39      0x2fd CMakeFiles/motor_control_pid.elf.dir/Drivers/STM32F4xx_HAL_Driver/Src/stm32f4xx_hal_uart.c.obj

.debug_loc      0x0000000000000000     0x7021
 .debug_loc     0x0000000000000000       0xcb CMakeFiles/motor_control_pid.elf.dir/Core/Src/can.c.obj
 .debug_loc     0x00000000000000cb       0x45 CMakeFiles/motor_control_pid.elf.dir/Core/Src/main.c.obj
 .debug_loc     0x0000000000000110      0x158 CMakeFiles/motor_control_pid.elf.dir/Core/Src/system_stm32f4xx.c.obj
 .debug_loc     0x0000000000000268       0x84 CMakeFiles/motor_control_pid.elf.dir/Core/Src/usart.c.obj
 .debug_loc     0x00000000000002ec      0x18c CMakeFiles/motor_control_pid.elf.dir/Core/application/CAN_receive.c.obj
 .debug_loc     0x0000000000000478       0xe7 CMakeFiles/motor_control_pid.elf.dir/Core/pid/pid.c.obj
 .debug_loc     0x000000000000055f      0x141 CMakeFiles/motor_control_pid.elf.dir/Drivers/STM32F4xx_HAL_Driver/Src/stm32f4xx_hal.c.obj
 .debug_loc     0x00000000000006a0      0xde6 CMakeFiles/motor_control_pid.elf.dir/Drivers/STM32F4xx_HAL_Driver/Src/stm32f4xx_hal_can.c.obj
 .debug_loc     0x0000000000001486      0x744 CMakeFiles/motor_control_pid.elf.dir/Drivers/STM32F4xx_HAL_Driver/Src/stm32f4xx_hal_cortex.c.obj
 .debug_loc     0x0000000000001bca      0x520 CMakeFiles/motor_control_pid.elf.dir/Drivers/STM32F4xx_HAL_Driver/Src/stm32f4xx_hal_gpio.c.obj
 .debug_loc     0x00000000000020ea      0x58c CMakeFiles/motor_control_pid.elf.dir/Drivers/STM32F4xx_HAL_Driver/Src/stm32f4xx_hal_rcc.c.obj
 .debug_loc     0x0000000000002676     0x49ab CMakeFiles/motor_control_pid.elf.dir/Drivers/STM32F4xx_HAL_Driver/Src/stm32f4xx_hal_uart.c.obj

.debug_aranges  0x0000000000000000      0x800
 .debug_aranges
                0x0000000000000000       0x38 CMakeFiles/motor_control_pid.elf.dir/Core/Src/can.c.obj
 .debug_aranges
                0x0000000000000038       0x20 CMakeFiles/motor_control_pid.elf.dir/Core/Src/gpio.c.obj
 .debug_aranges
                0x0000000000000058       0x38 CMakeFiles/motor_control_pid.elf.dir/Core/Src/main.c.obj
 .debug_aranges
                0x0000000000000090       0x20 CMakeFiles/motor_control_pid.elf.dir/Core/Src/stm32f4xx_hal_msp.c.obj
 .debug_aranges
                0x00000000000000b0       0x70 CMakeFiles/motor_control_pid.elf.dir/Core/Src/stm32f4xx_it.c.obj
 .debug_aranges
                0x0000000000000120       0x28 CMakeFiles/motor_control_pid.elf.dir/Core/Src/system_stm32f4xx.c.obj
 .debug_aranges
                0x0000000000000148       0x30 CMakeFiles/motor_control_pid.elf.dir/Core/Src/usart.c.obj
 .debug_aranges
                0x0000000000000178       0x28 CMakeFiles/motor_control_pid.elf.dir/Core/Startup/startup_stm32f407ighx.s.obj
 .debug_aranges
                0x00000000000001a0       0x58 CMakeFiles/motor_control_pid.elf.dir/Core/application/CAN_receive.c.obj
 .debug_aranges
                0x00000000000001f8       0x20 CMakeFiles/motor_control_pid.elf.dir/Core/boards/bsp_can.c.obj
 .debug_aranges
                0x0000000000000218       0x38 CMakeFiles/motor_control_pid.elf.dir/Core/pid/pid.c.obj
 .debug_aranges
                0x0000000000000250       0xf0 CMakeFiles/motor_control_pid.elf.dir/Drivers/STM32F4xx_HAL_Driver/Src/stm32f4xx_hal.c.obj
 .debug_aranges
                0x0000000000000340      0x138 CMakeFiles/motor_control_pid.elf.dir/Drivers/STM32F4xx_HAL_Driver/Src/stm32f4xx_hal_can.c.obj
 .debug_aranges
                0x0000000000000478       0xa8 CMakeFiles/motor_control_pid.elf.dir/Drivers/STM32F4xx_HAL_Driver/Src/stm32f4xx_hal_cortex.c.obj
 .debug_aranges
                0x0000000000000520       0x58 CMakeFiles/motor_control_pid.elf.dir/Drivers/STM32F4xx_HAL_Driver/Src/stm32f4xx_hal_gpio.c.obj
 .debug_aranges
                0x0000000000000578       0x88 CMakeFiles/motor_control_pid.elf.dir/Drivers/STM32F4xx_HAL_Driver/Src/stm32f4xx_hal_rcc.c.obj
 .debug_aranges
                0x0000000000000600      0x200 CMakeFiles/motor_control_pid.elf.dir/Drivers/STM32F4xx_HAL_Driver/Src/stm32f4xx_hal_uart.c.obj

.debug_ranges   0x0000000000000000      0x788
 .debug_ranges  0x0000000000000000       0x28 CMakeFiles/motor_control_pid.elf.dir/Core/Src/can.c.obj
 .debug_ranges  0x0000000000000028       0x10 CMakeFiles/motor_control_pid.elf.dir/Core/Src/gpio.c.obj
 .debug_ranges  0x0000000000000038       0x28 CMakeFiles/motor_control_pid.elf.dir/Core/Src/main.c.obj
 .debug_ranges  0x0000000000000060       0x10 CMakeFiles/motor_control_pid.elf.dir/Core/Src/stm32f4xx_hal_msp.c.obj
 .debug_ranges  0x0000000000000070       0x60 CMakeFiles/motor_control_pid.elf.dir/Core/Src/stm32f4xx_it.c.obj
 .debug_ranges  0x00000000000000d0       0x18 CMakeFiles/motor_control_pid.elf.dir/Core/Src/system_stm32f4xx.c.obj
 .debug_ranges  0x00000000000000e8       0x20 CMakeFiles/motor_control_pid.elf.dir/Core/Src/usart.c.obj
 .debug_ranges  0x0000000000000108       0x20 CMakeFiles/motor_control_pid.elf.dir/Core/Startup/startup_stm32f407ighx.s.obj
 .debug_ranges  0x0000000000000128       0x48 CMakeFiles/motor_control_pid.elf.dir/Core/application/CAN_receive.c.obj
 .debug_ranges  0x0000000000000170       0x10 CMakeFiles/motor_control_pid.elf.dir/Core/boards/bsp_can.c.obj
 .debug_ranges  0x0000000000000180       0x28 CMakeFiles/motor_control_pid.elf.dir/Core/pid/pid.c.obj
 .debug_ranges  0x00000000000001a8       0xe0 CMakeFiles/motor_control_pid.elf.dir/Drivers/STM32F4xx_HAL_Driver/Src/stm32f4xx_hal.c.obj
 .debug_ranges  0x0000000000000288      0x128 CMakeFiles/motor_control_pid.elf.dir/Drivers/STM32F4xx_HAL_Driver/Src/stm32f4xx_hal_can.c.obj
 .debug_ranges  0x00000000000003b0       0xf8 CMakeFiles/motor_control_pid.elf.dir/Drivers/STM32F4xx_HAL_Driver/Src/stm32f4xx_hal_cortex.c.obj
 .debug_ranges  0x00000000000004a8       0x48 CMakeFiles/motor_control_pid.elf.dir/Drivers/STM32F4xx_HAL_Driver/Src/stm32f4xx_hal_gpio.c.obj
 .debug_ranges  0x00000000000004f0       0x90 CMakeFiles/motor_control_pid.elf.dir/Drivers/STM32F4xx_HAL_Driver/Src/stm32f4xx_hal_rcc.c.obj
 .debug_ranges  0x0000000000000580      0x208 CMakeFiles/motor_control_pid.elf.dir/Drivers/STM32F4xx_HAL_Driver/Src/stm32f4xx_hal_uart.c.obj

.debug_line     0x0000000000000000     0xa077
 .debug_line    0x0000000000000000      0x59b CMakeFiles/motor_control_pid.elf.dir/Core/Src/can.c.obj
 .debug_line    0x000000000000059b      0x268 CMakeFiles/motor_control_pid.elf.dir/Core/Src/gpio.c.obj
 .debug_line    0x0000000000000803      0x6b5 CMakeFiles/motor_control_pid.elf.dir/Core/Src/main.c.obj
 .debug_line    0x0000000000000eb8      0x1c6 CMakeFiles/motor_control_pid.elf.dir/Core/Src/stm32f4xx_hal_msp.c.obj
 .debug_line    0x000000000000107e      0x369 CMakeFiles/motor_control_pid.elf.dir/Core/Src/stm32f4xx_it.c.obj
 .debug_line    0x00000000000013e7      0x28f CMakeFiles/motor_control_pid.elf.dir/Core/Src/system_stm32f4xx.c.obj
 .debug_line    0x0000000000001676      0x3ba CMakeFiles/motor_control_pid.elf.dir/Core/Src/usart.c.obj
 .debug_line    0x0000000000001a30       0xb9 CMakeFiles/motor_control_pid.elf.dir/Core/Startup/startup_stm32f407ighx.s.obj
 .debug_line    0x0000000000001ae9      0x53f CMakeFiles/motor_control_pid.elf.dir/Core/application/CAN_receive.c.obj
 .debug_line    0x0000000000002028      0x28b CMakeFiles/motor_control_pid.elf.dir/Core/boards/bsp_can.c.obj
 .debug_line    0x00000000000022b3      0x39c CMakeFiles/motor_control_pid.elf.dir/Core/pid/pid.c.obj
 .debug_line    0x000000000000264f      0x639 CMakeFiles/motor_control_pid.elf.dir/Drivers/STM32F4xx_HAL_Driver/Src/stm32f4xx_hal.c.obj
 .debug_line    0x0000000000002c88     0x11b1 CMakeFiles/motor_control_pid.elf.dir/Drivers/STM32F4xx_HAL_Driver/Src/stm32f4xx_hal_can.c.obj
 .debug_line    0x0000000000003e39      0x84c CMakeFiles/motor_control_pid.elf.dir/Drivers/STM32F4xx_HAL_Driver/Src/stm32f4xx_hal_cortex.c.obj
 .debug_line    0x0000000000004685      0x781 CMakeFiles/motor_control_pid.elf.dir/Drivers/STM32F4xx_HAL_Driver/Src/stm32f4xx_hal_gpio.c.obj
 .debug_line    0x0000000000004e06      0xbaf CMakeFiles/motor_control_pid.elf.dir/Drivers/STM32F4xx_HAL_Driver/Src/stm32f4xx_hal_rcc.c.obj
 .debug_line    0x00000000000059b5     0x46c2 CMakeFiles/motor_control_pid.elf.dir/Drivers/STM32F4xx_HAL_Driver/Src/stm32f4xx_hal_uart.c.obj

.debug_str      0x0000000000000000     0x31a7
 .debug_str     0x0000000000000000      0xb55 CMakeFiles/motor_control_pid.elf.dir/Core/Src/can.c.obj
                                        0xbd5 (size before relaxing)
 .debug_str     0x0000000000000b55       0x7f CMakeFiles/motor_control_pid.elf.dir/Core/Src/gpio.c.obj
                                        0x3c0 (size before relaxing)
 .debug_str     0x0000000000000bd4      0x7f4 CMakeFiles/motor_control_pid.elf.dir/Core/Src/main.c.obj
                                        0xc06 (size before relaxing)
 .debug_str     0x00000000000013c8       0x5d CMakeFiles/motor_control_pid.elf.dir/Core/Src/stm32f4xx_hal_msp.c.obj
                                        0x30f (size before relaxing)
 .debug_str     0x0000000000001425      0x122 CMakeFiles/motor_control_pid.elf.dir/Core/Src/stm32f4xx_it.c.obj
                                        0x571 (size before relaxing)
 .debug_str     0x0000000000001547       0xb8 CMakeFiles/motor_control_pid.elf.dir/Core/Src/system_stm32f4xx.c.obj
                                        0x375 (size before relaxing)
 .debug_str     0x00000000000015ff       0x82 CMakeFiles/motor_control_pid.elf.dir/Core/Src/usart.c.obj
                                        0xd7a (size before relaxing)
 .debug_str     0x0000000000001681       0x67 CMakeFiles/motor_control_pid.elf.dir/Core/Startup/startup_stm32f407ighx.s.obj
                                         0xad (size before relaxing)
 .debug_str     0x00000000000016e8      0x2c7 CMakeFiles/motor_control_pid.elf.dir/Core/application/CAN_receive.c.obj
                                        0x816 (size before relaxing)
 .debug_str     0x00000000000019af      0x136 CMakeFiles/motor_control_pid.elf.dir/Core/boards/bsp_can.c.obj
                                        0x5b3 (size before relaxing)
 .debug_str     0x0000000000001ae5      0x115 CMakeFiles/motor_control_pid.elf.dir/Core/pid/pid.c.obj
                                        0x440 (size before relaxing)
 .debug_str     0x0000000000001bfa      0x36d CMakeFiles/motor_control_pid.elf.dir/Drivers/STM32F4xx_HAL_Driver/Src/stm32f4xx_hal.c.obj
                                        0xbae (size before relaxing)
 .debug_str     0x0000000000001f67      0x401 CMakeFiles/motor_control_pid.elf.dir/Drivers/STM32F4xx_HAL_Driver/Src/stm32f4xx_hal_can.c.obj
                                        0xa9f (size before relaxing)
 .debug_str     0x0000000000002368      0x4bc CMakeFiles/motor_control_pid.elf.dir/Drivers/STM32F4xx_HAL_Driver/Src/stm32f4xx_hal_cortex.c.obj
                                        0xc80 (size before relaxing)
 .debug_str     0x0000000000002824      0x141 CMakeFiles/motor_control_pid.elf.dir/Drivers/STM32F4xx_HAL_Driver/Src/stm32f4xx_hal_gpio.c.obj
                                        0x534 (size before relaxing)
 .debug_str     0x0000000000002965      0x1d5 CMakeFiles/motor_control_pid.elf.dir/Drivers/STM32F4xx_HAL_Driver/Src/stm32f4xx_hal_rcc.c.obj
                                        0x75a (size before relaxing)
 .debug_str     0x0000000000002b3a      0x66d CMakeFiles/motor_control_pid.elf.dir/Drivers/STM32F4xx_HAL_Driver/Src/stm32f4xx_hal_uart.c.obj
                                        0xdad (size before relaxing)

.comment        0x0000000000000000       0x49
 .comment       0x0000000000000000       0x49 CMakeFiles/motor_control_pid.elf.dir/Core/Src/can.c.obj
                                         0x4a (size before relaxing)
 .comment       0x0000000000000049       0x4a CMakeFiles/motor_control_pid.elf.dir/Core/Src/gpio.c.obj
 .comment       0x0000000000000049       0x4a CMakeFiles/motor_control_pid.elf.dir/Core/Src/main.c.obj
 .comment       0x0000000000000049       0x4a CMakeFiles/motor_control_pid.elf.dir/Core/Src/stm32f4xx_hal_msp.c.obj
 .comment       0x0000000000000049       0x4a CMakeFiles/motor_control_pid.elf.dir/Core/Src/stm32f4xx_it.c.obj
 .comment       0x0000000000000049       0x4a CMakeFiles/motor_control_pid.elf.dir/Core/Src/system_stm32f4xx.c.obj
 .comment       0x0000000000000049       0x4a CMakeFiles/motor_control_pid.elf.dir/Core/Src/usart.c.obj
 .comment       0x0000000000000049       0x4a CMakeFiles/motor_control_pid.elf.dir/Core/application/CAN_receive.c.obj
 .comment       0x0000000000000049       0x4a CMakeFiles/motor_control_pid.elf.dir/Core/boards/bsp_can.c.obj
 .comment       0x0000000000000049       0x4a CMakeFiles/motor_control_pid.elf.dir/Core/pid/pid.c.obj
 .comment       0x0000000000000049       0x4a CMakeFiles/motor_control_pid.elf.dir/Drivers/STM32F4xx_HAL_Driver/Src/stm32f4xx_hal.c.obj
 .comment       0x0000000000000049       0x4a CMakeFiles/motor_control_pid.elf.dir/Drivers/STM32F4xx_HAL_Driver/Src/stm32f4xx_hal_can.c.obj
 .comment       0x0000000000000049       0x4a CMakeFiles/motor_control_pid.elf.dir/Drivers/STM32F4xx_HAL_Driver/Src/stm32f4xx_hal_cortex.c.obj
 .comment       0x0000000000000049       0x4a CMakeFiles/motor_control_pid.elf.dir/Drivers/STM32F4xx_HAL_Driver/Src/stm32f4xx_hal_gpio.c.obj
 .comment       0x0000000000000049       0x4a CMakeFiles/motor_control_pid.elf.dir/Drivers/STM32F4xx_HAL_Driver/Src/stm32f4xx_hal_rcc.c.obj
 .comment       0x0000000000000049       0x4a CMakeFiles/motor_control_pid.elf.dir/Drivers/STM32F4xx_HAL_Driver/Src/stm32f4xx_hal_uart.c.obj

.debug_frame    0x0000000000000000     0x166c
 .debug_frame   0x0000000000000000       0x78 CMakeFiles/motor_control_pid.elf.dir/Core/Src/can.c.obj
 .debug_frame   0x0000000000000078       0x30 CMakeFiles/motor_control_pid.elf.dir/Core/Src/gpio.c.obj
 .debug_frame   0x00000000000000a8       0x80 CMakeFiles/motor_control_pid.elf.dir/Core/Src/main.c.obj
 .debug_frame   0x0000000000000128       0x28 CMakeFiles/motor_control_pid.elf.dir/Core/Src/stm32f4xx_hal_msp.c.obj
 .debug_frame   0x0000000000000150       0xd8 CMakeFiles/motor_control_pid.elf.dir/Core/Src/stm32f4xx_it.c.obj
 .debug_frame   0x0000000000000228       0x30 CMakeFiles/motor_control_pid.elf.dir/Core/Src/system_stm32f4xx.c.obj
 .debug_frame   0x0000000000000258       0x60 CMakeFiles/motor_control_pid.elf.dir/Core/Src/usart.c.obj
 .debug_frame   0x00000000000002b8       0xcc CMakeFiles/motor_control_pid.elf.dir/Core/application/CAN_receive.c.obj
 .debug_frame   0x0000000000000384       0x30 CMakeFiles/motor_control_pid.elf.dir/Core/boards/bsp_can.c.obj
 .debug_frame   0x00000000000003b4       0x70 CMakeFiles/motor_control_pid.elf.dir/Core/pid/pid.c.obj
 .debug_frame   0x0000000000000424      0x1ec CMakeFiles/motor_control_pid.elf.dir/Drivers/STM32F4xx_HAL_Driver/Src/stm32f4xx_hal.c.obj
 .debug_frame   0x0000000000000610      0x2d0 CMakeFiles/motor_control_pid.elf.dir/Drivers/STM32F4xx_HAL_Driver/Src/stm32f4xx_hal_can.c.obj
 .debug_frame   0x00000000000008e0      0x148 CMakeFiles/motor_control_pid.elf.dir/Drivers/STM32F4xx_HAL_Driver/Src/stm32f4xx_hal_cortex.c.obj
 .debug_frame   0x0000000000000a28       0xd8 CMakeFiles/motor_control_pid.elf.dir/Drivers/STM32F4xx_HAL_Driver/Src/stm32f4xx_hal_gpio.c.obj
 .debug_frame   0x0000000000000b00      0x16c CMakeFiles/motor_control_pid.elf.dir/Drivers/STM32F4xx_HAL_Driver/Src/stm32f4xx_hal_rcc.c.obj
 .debug_frame   0x0000000000000c6c      0x5cc CMakeFiles/motor_control_pid.elf.dir/Drivers/STM32F4xx_HAL_Driver/Src/stm32f4xx_hal_uart.c.obj
 .debug_frame   0x0000000000001238       0x24 /usr/local/Cellar/arm-none-eabi-gcc/10.3-2021.07/gcc/bin/../lib/gcc/arm-none-eabi/10.3.1/thumb/v7e-m/nofp/libgcc.a(_arm_mulsf3.o)
 .debug_frame   0x000000000000125c       0x4c /usr/local/Cellar/arm-none-eabi-gcc/10.3-2021.07/gcc/bin/../lib/gcc/arm-none-eabi/10.3.1/thumb/v7e-m/nofp/libgcc.a(_arm_addsubsf3.o)
 .debug_frame   0x00000000000012a8       0xc8 /usr/local/Cellar/arm-none-eabi-gcc/10.3-2021.07/gcc/bin/../lib/gcc/arm-none-eabi/10.3.1/thumb/v7e-m/nofp/libgcc.a(_arm_cmpsf2.o)
 .debug_frame   0x0000000000001370       0x24 /usr/local/Cellar/arm-none-eabi-gcc/10.3-2021.07/gcc/bin/../lib/gcc/arm-none-eabi/10.3.1/thumb/v7e-m/nofp/libgcc.a(_arm_fixsfsi.o)
 .debug_frame   0x0000000000001394       0x2c /usr/local/Cellar/arm-none-eabi-gcc/10.3-2021.07/gcc/bin/../lib/gcc/arm-none-eabi/10.3.1/thumb/v7e-m/nofp/libgcc.a(_aeabi_uldivmod.o)
 .debug_frame   0x00000000000013c0       0x34 /usr/local/Cellar/arm-none-eabi-gcc/10.3-2021.07/gcc/bin/../lib/gcc/arm-none-eabi/10.3.1/thumb/v7e-m/nofp/libgcc.a(_udivmoddi4.o)
 .debug_frame   0x00000000000013f4       0x2c /usr/local/Cellar/arm-none-eabi-gcc/10.3-2021.07/gcc/bin/../lib/gcc/arm-none-eabi/10.3.1/../../../../arm-none-eabi/lib/thumb/v7e-m/nofp/libg.a(lib_a-init.o)
 .debug_frame   0x0000000000001420       0x40 /usr/local/Cellar/arm-none-eabi-gcc/10.3-2021.07/gcc/bin/../lib/gcc/arm-none-eabi/10.3.1/../../../../arm-none-eabi/lib/thumb/v7e-m/nofp/libg.a(lib_a-itoa.o)
 .debug_frame   0x0000000000001460       0x2c /usr/local/Cellar/arm-none-eabi-gcc/10.3-2021.07/gcc/bin/../lib/gcc/arm-none-eabi/10.3.1/../../../../arm-none-eabi/lib/thumb/v7e-m/nofp/libg.a(lib_a-memset.o)
 .debug_frame   0x000000000000148c       0x4c /usr/local/Cellar/arm-none-eabi-gcc/10.3-2021.07/gcc/bin/../lib/gcc/arm-none-eabi/10.3.1/../../../../arm-none-eabi/lib/thumb/v7e-m/nofp/libg.a(lib_a-utoa.o)
 .debug_frame   0x00000000000014d8       0x5c /usr/local/Cellar/arm-none-eabi-gcc/10.3-2021.07/gcc/bin/../lib/gcc/arm-none-eabi/10.3.1/../../../../arm-none-eabi/lib/thumb/v7e-m/nofp/libg.a(lib_a-__call_atexit.o)
 .debug_frame   0x0000000000001534       0x20 /usr/local/Cellar/arm-none-eabi-gcc/10.3-2021.07/gcc/bin/../lib/gcc/arm-none-eabi/10.3.1/../../../../arm-none-eabi/lib/thumb/v7e-m/nofp/libg.a(lib_a-atexit.o)
 .debug_frame   0x0000000000001554       0x34 /usr/local/Cellar/arm-none-eabi-gcc/10.3-2021.07/gcc/bin/../lib/gcc/arm-none-eabi/10.3.1/../../../../arm-none-eabi/lib/thumb/v7e-m/nofp/libg.a(lib_a-fini.o)
 .debug_frame   0x0000000000001588       0xb0 /usr/local/Cellar/arm-none-eabi-gcc/10.3-2021.07/gcc/bin/../lib/gcc/arm-none-eabi/10.3.1/../../../../arm-none-eabi/lib/thumb/v7e-m/nofp/libg.a(lib_a-lock.o)
 .debug_frame   0x0000000000001638       0x34 /usr/local/Cellar/arm-none-eabi-gcc/10.3-2021.07/gcc/bin/../lib/gcc/arm-none-eabi/10.3.1/../../../../arm-none-eabi/lib/thumb/v7e-m/nofp/libg.a(lib_a-__atexit.o)
