Archive member included to satisfy reference by file (symbol)

/usr/local/Cellar/arm-none-eabi-gcc/10.3-2021.07/gcc/bin/../lib/gcc/arm-none-eabi/10.3.1/thumb/v7e-m/nofp/libgcc.a(_arm_mulsf3.o)
                              CMakeFiles/motor_control_pid.elf.dir/Core/pid/pid.c.obj (__aeabi_fmul)
/usr/local/Cellar/arm-none-eabi-gcc/10.3-2021.07/gcc/bin/../lib/gcc/arm-none-eabi/10.3.1/thumb/v7e-m/nofp/libgcc.a(_arm_addsubsf3.o)
                              CMakeFiles/motor_control_pid.elf.dir/Core/pid/pid.c.obj (__aeabi_fsub)
/usr/local/Cellar/arm-none-eabi-gcc/10.3-2021.07/gcc/bin/../lib/gcc/arm-none-eabi/10.3.1/thumb/v7e-m/nofp/libgcc.a(_arm_cmpsf2.o)
                              CMakeFiles/motor_control_pid.elf.dir/Core/pid/pid.c.obj (__aeabi_fcmplt)
/usr/local/Cellar/arm-none-eabi-gcc/10.3-2021.07/gcc/bin/../lib/gcc/arm-none-eabi/10.3.1/thumb/v7e-m/nofp/libgcc.a(_arm_fixsfsi.o)
                              CMakeFiles/motor_control_pid.elf.dir/Core/Src/main.c.obj (__aeabi_f2iz)
/usr/local/Cellar/arm-none-eabi-gcc/10.3-2021.07/gcc/bin/../lib/gcc/arm-none-eabi/10.3.1/thumb/v7e-m/nofp/libgcc.a(_aeabi_uldivmod.o)
                              CMakeFiles/motor_control_pid.elf.dir/Drivers/STM32F4xx_HAL_Driver/Src/stm32f4xx_hal_rcc.c.obj (__aeabi_uldivmod)
/usr/local/Cellar/arm-none-eabi-gcc/10.3-2021.07/gcc/bin/../lib/gcc/arm-none-eabi/10.3.1/thumb/v7e-m/nofp/libgcc.a(_udivmoddi4.o)
                              /usr/local/Cellar/arm-none-eabi-gcc/10.3-2021.07/gcc/bin/../lib/gcc/arm-none-eabi/10.3.1/thumb/v7e-m/nofp/libgcc.a(_aeabi_uldivmod.o) (__udivmoddi4)
/usr/local/Cellar/arm-none-eabi-gcc/10.3-2021.07/gcc/bin/../lib/gcc/arm-none-eabi/10.3.1/thumb/v7e-m/nofp/libgcc.a(_dvmd_tls.o)
                              /usr/local/Cellar/arm-none-eabi-gcc/10.3-2021.07/gcc/bin/../lib/gcc/arm-none-eabi/10.3.1/thumb/v7e-m/nofp/libgcc.a(_aeabi_uldivmod.o) (__aeabi_ldiv0)
/usr/local/Cellar/arm-none-eabi-gcc/10.3-2021.07/gcc/bin/../lib/gcc/arm-none-eabi/10.3.1/../../../../arm-none-eabi/lib/thumb/v7e-m/nofp/libg.a(lib_a-errno.o)
                              CMakeFiles/motor_control_pid.elf.dir/Core/Src/syscalls.c.obj (__errno)
/usr/local/Cellar/arm-none-eabi-gcc/10.3-2021.07/gcc/bin/../lib/gcc/arm-none-eabi/10.3.1/../../../../arm-none-eabi/lib/thumb/v7e-m/nofp/libg.a(lib_a-exit.o)
                              /usr/local/Cellar/arm-none-eabi-gcc/10.3-2021.07/gcc/bin/../lib/gcc/arm-none-eabi/10.3.1/../../../../arm-none-eabi/lib/thumb/v7e-m/nofp/crt0.o (exit)
/usr/local/Cellar/arm-none-eabi-gcc/10.3-2021.07/gcc/bin/../lib/gcc/arm-none-eabi/10.3.1/../../../../arm-none-eabi/lib/thumb/v7e-m/nofp/libg.a(lib_a-impure.o)
                              /usr/local/Cellar/arm-none-eabi-gcc/10.3-2021.07/gcc/bin/../lib/gcc/arm-none-eabi/10.3.1/../../../../arm-none-eabi/lib/thumb/v7e-m/nofp/libg.a(lib_a-exit.o) (_global_impure_ptr)
/usr/local/Cellar/arm-none-eabi-gcc/10.3-2021.07/gcc/bin/../lib/gcc/arm-none-eabi/10.3.1/../../../../arm-none-eabi/lib/thumb/v7e-m/nofp/libg.a(lib_a-init.o)
                              /usr/local/Cellar/arm-none-eabi-gcc/10.3-2021.07/gcc/bin/../lib/gcc/arm-none-eabi/10.3.1/../../../../arm-none-eabi/lib/thumb/v7e-m/nofp/crt0.o (__libc_init_array)
/usr/local/Cellar/arm-none-eabi-gcc/10.3-2021.07/gcc/bin/../lib/gcc/arm-none-eabi/10.3.1/../../../../arm-none-eabi/lib/thumb/v7e-m/nofp/libg.a(lib_a-memset.o)
                              /usr/local/Cellar/arm-none-eabi-gcc/10.3-2021.07/gcc/bin/../lib/gcc/arm-none-eabi/10.3.1/../../../../arm-none-eabi/lib/thumb/v7e-m/nofp/crt0.o (memset)
/usr/local/Cellar/arm-none-eabi-gcc/10.3-2021.07/gcc/bin/../lib/gcc/arm-none-eabi/10.3.1/../../../../arm-none-eabi/lib/thumb/v7e-m/nofp/libg.a(lib_a-__call_atexit.o)
                              /usr/local/Cellar/arm-none-eabi-gcc/10.3-2021.07/gcc/bin/../lib/gcc/arm-none-eabi/10.3.1/../../../../arm-none-eabi/lib/thumb/v7e-m/nofp/libg.a(lib_a-exit.o) (__call_exitprocs)
/usr/local/Cellar/arm-none-eabi-gcc/10.3-2021.07/gcc/bin/../lib/gcc/arm-none-eabi/10.3.1/../../../../arm-none-eabi/lib/thumb/v7e-m/nofp/libg.a(lib_a-atexit.o)
                              /usr/local/Cellar/arm-none-eabi-gcc/10.3-2021.07/gcc/bin/../lib/gcc/arm-none-eabi/10.3.1/../../../../arm-none-eabi/lib/thumb/v7e-m/nofp/libg.a(lib_a-__call_atexit.o) (atexit)
/usr/local/Cellar/arm-none-eabi-gcc/10.3-2021.07/gcc/bin/../lib/gcc/arm-none-eabi/10.3.1/../../../../arm-none-eabi/lib/thumb/v7e-m/nofp/libg.a(lib_a-fini.o)
                              /usr/local/Cellar/arm-none-eabi-gcc/10.3-2021.07/gcc/bin/../lib/gcc/arm-none-eabi/10.3.1/../../../../arm-none-eabi/lib/thumb/v7e-m/nofp/libg.a(lib_a-__call_atexit.o) (__libc_fini_array)
/usr/local/Cellar/arm-none-eabi-gcc/10.3-2021.07/gcc/bin/../lib/gcc/arm-none-eabi/10.3.1/../../../../arm-none-eabi/lib/thumb/v7e-m/nofp/libg.a(lib_a-lock.o)
[...]
Memory Configuration

Name             Origin             Length             Attributes
CCMRAM           0x0000000010000000 0x0000000000010000 xrw
RAM              0x0000000020000000 0x0000000000020000 xrw
FLASH            0x0000000008000000 0x0000000000100000 xr
*default*        0x0000000000000000 0xffffffffffffffff

Linker script and memory map

LOAD /usr/local/Cellar/arm-none-eabi-gcc/10.3-2021.07/gcc/bin/../lib/gcc/arm-none-eabi/10.3.1/thumb/v7e-m/nofp/crti.o
LOAD /usr/local/Cellar/arm-none-eabi-gcc/10.3-2021.07/gcc/bin/../lib/gcc/arm-none-eabi/10.3.1/thumb/v7e-m/nofp/crtbegin.o
LOAD /usr/local/Cellar/arm-none-eabi-gcc/10.3-2021.07/gcc/bin/../lib/gcc/arm-none-eabi/10.3.1/../../../../arm-none-eabi/lib/thumb/v7e-m/nofp/crt0.o
LOAD CMakeFiles/motor_control_pid.elf.dir/Core/Src/can.c.obj
LOAD CMakeFiles/motor_control_pid.elf.dir/Core/Src/gpio.c.obj
LOAD CMakeFiles/motor_control_pid.elf.dir/Core/Src/main.c.obj
LOAD CMakeFiles/motor_control_pid.elf.dir/Core/Src/stm32f4xx_hal_msp.c.obj
LOAD CMakeFiles/motor_control_pid.elf.dir/Core/Src/stm32f4xx_it.c.obj
LOAD CMakeFiles/motor_control_pid.elf.dir/Core/Src/syscalls.c.obj
LOAD CMakeFiles/motor_control_pid.elf.dir/Core/Src/sysmem.c.obj
LOAD CMakeFiles/motor_control_pid.elf.dir/Core/Src/system_stm32f4xx.c.obj
LOAD CMakeFiles/motor_control_pid.elf.dir/Core/Startup/startup_stm32f407ighx.s.obj
LOAD CMakeFiles/motor_control_pid.elf.dir/Core/application/CAN_receive.c.obj
LOAD CMakeFiles/motor_control_pid.elf.dir/Core/boards/bsp_can.c.obj
LOAD CMakeFiles/motor_control_pid.elf.dir/Core/pid/pid.c.obj
LOAD CMakeFiles/motor_control_pid.elf.dir/Drivers/STM32F4xx_HAL_Driver/Src/stm32f4xx_hal.c.obj
LOAD CMakeFiles/motor_control_pid.elf.dir/Drivers/STM32F4xx_HAL_Driver/Src/stm32f4xx_hal_can.c.obj
LOAD CMakeFiles/motor_control_pid.elf.dir/Drivers/STM32F4xx_HAL_Driver/Src/stm32f4xx_hal_cortex.c.obj
LOAD CMakeFiles/motor_control_pid.elf.dir/Drivers/STM32F4xx_HAL_Driver/Src/stm32f4xx_hal_dma.c.obj
LOAD CMakeFiles/motor_control_pid.elf.dir/Drivers/STM32F4xx_HAL_Driver/Src/stm32f4xx_hal_dma_ex.c.obj
LOAD CMakeFiles/motor_control_pid.elf.dir/Drivers/STM32F4xx_HAL_Driver/Src/stm32f4xx_hal_exti.c.obj
LOAD CMakeFiles/motor_control_pid.elf.dir/Drivers/STM32F4xx_HAL_Driver/Src/stm32f4xx_hal_flash.c.obj
LOAD CMakeFiles/motor_control_pid.elf.dir/Drivers/STM32F4xx_HAL_Driver/Src/stm32f4xx_hal_flash_ex.c.obj
LOAD CMakeFiles/motor_control_pid.elf.dir/Drivers/STM32F4xx_HAL_Driver/Src/stm32f4xx_hal_flash_ramfunc.c.obj
LOAD CMakeFiles/motor_control_pid.elf.dir/Drivers/STM32F4xx_HAL_Driver/Src/stm32f4xx_hal_gpio.c.obj
LOAD CMakeFiles/motor_control_pid.elf.dir/Drivers/STM32F4xx_HAL_Driver/Src/stm32f4xx_hal_pwr.c.obj
LOAD CMakeFiles/motor_control_pid.elf.dir/Drivers/STM32F4xx_HAL_Driver/Src/stm32f4xx_hal_pwr_ex.c.obj
LOAD CMakeFiles/motor_control_pid.elf.dir/Drivers/STM32F4xx_HAL_Driver/Src/stm32f4xx_hal_rcc.c.obj
LOAD CMakeFiles/motor_control_pid.elf.dir/Drivers/STM32F4xx_HAL_Driver/Src/stm32f4xx_hal_rcc_ex.c.obj
LOAD CMakeFiles/motor_control_pid.elf.dir/Drivers/STM32F4xx_HAL_Driver/Src/stm32f4xx_hal_tim.c.obj
LOAD CMakeFiles/motor_control_pid.elf.dir/Drivers/STM32F4xx_HAL_Driver/Src/stm32f4xx_hal_tim_ex.c.obj
START GROUP
LOAD /usr/local/Cellar/arm-none-eabi-gcc/10.3-2021.07/gcc/bin/../lib/gcc/arm-none-eabi/10.3.1/thumb/v7e-m/nofp/libgcc.a
LOAD /usr/local/Cellar/arm-none-eabi-gcc/10.3-2021.07/gcc/bin/../lib/gcc/arm-none-eabi/10.3.1/../../../../arm-none-eabi/lib/thumb/v7e-m/nofp/libg.a
LOAD /usr/local/Cellar/arm-none-eabi-gcc/10.3-2021.07/gcc/bin/../lib/gcc/arm-none-eabi/10.3.1/../../../../arm-none-eabi/lib/thumb/v7e-m/nofp/libc.a
END GROUP
LOAD /usr/local/Cellar/arm-none-eabi-gcc/10.3-2021.07/gcc/bin/../lib/gcc/arm-none-eabi/10.3.1/thumb/v7e-m/nofp/crtend.o
LOAD /usr/local/Cellar/arm-none-eabi-gcc/10.3-2021.07/gcc/bin/../lib/gcc/arm-none-eabi/10.3.1/thumb/v7e-m/nofp/crtn.o
                0x0000000020020000                _estack = (ORIGIN (RAM) + LENGTH (RAM))
                0x0000000000000200                _Min_Heap_Size = 0x200
                0x0000000000000400                _Min_Stack_Size = 0x400

.isr_vector     0x0000000008000000      0x188
                0x0000000008000000                . = ALIGN (0x4)
 *(.isr_vector)
 .isr_vector    0x0000000008000000      0x188 CMakeFiles/motor_control_pid.elf.dir/Core/Startup/startup_stm32f407ighx.s.obj
                0x0000000008000000                g_pfnVectors
                0x0000000008000188                . = ALIGN (0x4)

.text           0x0000000008000188     0x22c4
                0x0000000008000188                . = ALIGN (0x4)
 *(.text)
 .text          0x0000000008000188       0x40 /usr/local/Cellar/arm-none-eabi-gcc/10.3-2021.07/gcc/bin/../lib/gcc/arm-none-eabi/10.3.1/thumb/v7e-m/nofp/crtbegin.o
 .text          0x00000000080001c8      0x168 /usr/local/Cellar/arm-none-eabi-gcc/10.3-2021.07/gcc/bin/../lib/gcc/arm-none-eabi/10.3.1/thumb/v7e-m/nofp/libgcc.a(_arm_mulsf3.o)
                0x00000000080001c8                __mulsf3
                0x00000000080001c8                __aeabi_fmul
 .text          0x0000000008000330      0x21c /usr/local/Cellar/arm-none-eabi-gcc/10.3-2021.07/gcc/bin/../lib/gcc/arm-none-eabi/10.3.1/thumb/v7e-m/nofp/libgcc.a(_arm_addsubsf3.o)
                0x0000000008000330                __aeabi_frsub
                0x0000000008000338                __aeabi_fsub
                0x0000000008000338                __subsf3
                0x000000000800033c                __aeabi_fadd
                0x000000000800033c                __addsf3
                0x000000000800049c                __aeabi_ui2f
                0x000000000800049c                __floatunsisf
                0x00000000080004a4                __floatsisf
                0x00000000080004a4                __aeabi_i2f
                0x00000000080004c0                __aeabi_ul2f
                0x00000000080004c0                __floatundisf
                0x00000000080004d0                __aeabi_l2f
                0x00000000080004d0                __floatdisf
 .text          0x000000000800054c       0xec /usr/local/Cellar/arm-none-eabi-gcc/10.3-2021.07/gcc/bin/../lib/gcc/arm-none-eabi/10.3.1/thumb/v7e-m/nofp/libgcc.a(_arm_cmpsf2.o)
                0x000000000800054c                __gesf2
                0x000000000800054c                __gtsf2
                0x0000000008000554                __ltsf2
                0x0000000008000554                __lesf2
                0x000000000800055c                __nesf2
                0x000000000800055c                __eqsf2
                0x000000000800055c                __cmpsf2
                0x00000000080005bc                __aeabi_cfrcmple
                0x00000000080005c4                __aeabi_cfcmpeq
                0x00000000080005c4                __aeabi_cfcmple
                0x00000000080005d4                __aeabi_fcmpeq
                0x00000000080005e8                __aeabi_fcmplt
                0x00000000080005fc                __aeabi_fcmple
                0x0000000008000610                __aeabi_fcmpge
                0x0000000008000624                __aeabi_fcmpgt
 .text          0x0000000008000638       0x4c /usr/local/Cellar/arm-none-eabi-gcc/10.3-2021.07/gcc/bin/../lib/gcc/arm-none-eabi/10.3.1/thumb/v7e-m/nofp/libgcc.a(_arm_fixsfsi.o)
                0x0000000008000638                __fixsfsi
                0x0000000008000638                __aeabi_f2iz
 .text          0x0000000008000684       0x30 /usr/local/Cellar/arm-none-eabi-gcc/10.3-2021.07/gcc/bin/../lib/gcc/arm-none-eabi/10.3.1/thumb/v7e-m/nofp/libgcc.a(_aeabi_uldivmod.o)
                0x0000000008000684                __aeabi_uldivmod
 .text          0x00000000080006b4      0x2d0 /usr/local/Cellar/arm-none-eabi-gcc/10.3-2021.07/gcc/bin/../lib/gcc/arm-none-eabi/10.3.1/thumb/v7e-m/nofp/libgcc.a(_udivmoddi4.o)
                0x00000000080006b4                __udivmoddi4
 .text          0x0000000008000984        0x4 /usr/local/Cellar/arm-none-eabi-gcc/10.3-2021.07/gcc/bin/../lib/gcc/arm-none-eabi/10.3.1/thumb/v7e-m/nofp/libgcc.a(_dvmd_tls.o)
                0x0000000008000984                __aeabi_ldiv0
                0x0000000008000984                __aeabi_idiv0
 *(.text*)
 .text.MX_CAN1_Init
                0x0000000008000988       0x40 CMakeFiles/motor_control_pid.elf.dir/Core/Src/can.c.obj
                0x0000000008000988                MX_CAN1_Init
 .text.MX_CAN2_Init
                0x00000000080009c8       0x40 CMakeFiles/motor_control_pid.elf.dir/Core/Src/can.c.obj
                0x00000000080009c8                MX_CAN2_Init
 .text.HAL_CAN_MspInit
                0x0000000008000a08      0x120 CMakeFiles/motor_control_pid.elf.dir/Core/Src/can.c.obj
                0x0000000008000a08                HAL_CAN_MspInit
 .text.MX_GPIO_Init
                0x0000000008000b28       0xa8 CMakeFiles/motor_control_pid.elf.dir/Core/Src/gpio.c.obj
                0x0000000008000b28                MX_GPIO_Init
 .text.Error_Handler
                0x0000000008000bd0        0x4 CMakeFiles/motor_control_pid.elf.dir/Core/Src/main.c.obj
                0x0000000008000bd0                Error_Handler
 .text.SystemClock_Config
                0x0000000008000bd4       0xa8 CMakeFiles/motor_control_pid.elf.dir/Core/Src/main.c.obj
                0x0000000008000bd4                SystemClock_Config
 .text.main     0x0000000008000c7c      0x148 CMakeFiles/motor_control_pid.elf.dir/Core/Src/main.c.obj
                0x0000000008000c7c                main
 .text.HAL_MspInit
                0x0000000008000dc4       0x38 CMakeFiles/motor_control_pid.elf.dir/Core/Src/stm32f4xx_hal_msp.c.obj
                0x0000000008000dc4                HAL_MspInit
 .text.NMI_Handler
                0x0000000008000dfc        0x2 CMakeFiles/motor_control_pid.elf.dir/Core/Src/stm32f4xx_it.c.obj
                0x0000000008000dfc                NMI_Handler
 .text.HardFault_Handler
                0x0000000008000dfe        0x2 CMakeFiles/motor_control_pid.elf.dir/Core/Src/stm32f4xx_it.c.obj
                0x0000000008000dfe                HardFault_Handler
 .text.MemManage_Handler
                0x0000000008000e00        0x2 CMakeFiles/motor_control_pid.elf.dir/Core/Src/stm32f4xx_it.c.obj
                0x0000000008000e00                MemManage_Handler
 .text.BusFault_Handler
                0x0000000008000e02        0x2 CMakeFiles/motor_control_pid.elf.dir/Core/Src/stm32f4xx_it.c.obj
                0x0000000008000e02                BusFault_Handler
 .text.UsageFault_Handler
                0x0000000008000e04        0x2 CMakeFiles/motor_control_pid.elf.dir/Core/Src/stm32f4xx_it.c.obj
                0x0000000008000e04                UsageFault_Handler
 .text.SVC_Handler
                0x0000000008000e06        0x2 CMakeFiles/motor_control_pid.elf.dir/Core/Src/stm32f4xx_it.c.obj
                0x0000000008000e06                SVC_Handler
 .text.DebugMon_Handler
                0x0000000008000e08        0x2 CMakeFiles/motor_control_pid.elf.dir/Core/Src/stm32f4xx_it.c.obj
                0x0000000008000e08                DebugMon_Handler
 .text.PendSV_Handler
                0x0000000008000e0a        0x2 CMakeFiles/motor_control_pid.elf.dir/Core/Src/stm32f4xx_it.c.obj
                0x0000000008000e0a                PendSV_Handler
 .text.SysTick_Handler
                0x0000000008000e0c        0x8 CMakeFiles/motor_control_pid.elf.dir/Core/Src/stm32f4xx_it.c.obj
                0x0000000008000e0c                SysTick_Handler
 .text.CAN1_TX_IRQHandler
                0x0000000008000e14       0x10 CMakeFiles/motor_control_pid.elf.dir/Core/Src/stm32f4xx_it.c.obj
                0x0000000008000e14                CAN1_TX_IRQHandler
 .text.CAN1_RX0_IRQHandler
                0x0000000008000e24       0x10 CMakeFiles/motor_control_pid.elf.dir/Core/Src/stm32f4xx_it.c.obj
                0x0000000008000e24                CAN1_RX0_IRQHandler
 .text.SystemInit
                0x0000000008000e34        0x2 CMakeFiles/motor_control_pid.elf.dir/Core/Src/system_stm32f4xx.c.obj
                0x0000000008000e34                SystemInit
 *fill*         0x0000000008000e36        0x2 
 .text.Reset_Handler
                0x0000000008000e38       0x50 CMakeFiles/motor_control_pid.elf.dir/Core/Startup/startup_stm32f407ighx.s.obj
                0x0000000008000e38                Reset_Handler
 .text.Default_Handler
                0x0000000008000e88        0x2 CMakeFiles/motor_control_pid.elf.dir/Core/Startup/startup_stm32f407ighx.s.obj
                0x0000000008000e88                DMA1_Stream3_IRQHandler
                0x0000000008000e88                HASH_RNG_IRQHandler
                0x0000000008000e88                EXTI2_IRQHandler
                0x0000000008000e88                TIM8_CC_IRQHandler
                0x0000000008000e88                TIM1_CC_IRQHandler
                0x0000000008000e88                DMA2_Stream5_IRQHandler
                0x0000000008000e88                DMA1_Stream5_IRQHandler
                0x0000000008000e88                PVD_IRQHandler
                0x0000000008000e88                SDIO_IRQHandler
                0x0000000008000e88                TAMP_STAMP_IRQHandler
                0x0000000008000e88                CAN2_RX1_IRQHandler
                0x0000000008000e88                EXTI3_IRQHandler
                0x0000000008000e88                TIM8_TRG_COM_TIM14_IRQHandler
                0x0000000008000e88                TIM1_UP_TIM10_IRQHandler
                0x0000000008000e88                TIM8_UP_TIM13_IRQHandler
                0x0000000008000e88                I2C3_ER_IRQHandler
                0x0000000008000e88                EXTI0_IRQHandler
                0x0000000008000e88                I2C2_EV_IRQHandler
                0x0000000008000e88                DMA1_Stream2_IRQHandler
                0x0000000008000e88                FPU_IRQHandler
                0x0000000008000e88                OTG_HS_WKUP_IRQHandler
                0x0000000008000e88                CAN2_SCE_IRQHandler
                0x0000000008000e88                DMA2_Stream2_IRQHandler
                0x0000000008000e88                SPI1_IRQHandler
                0x0000000008000e88                TIM6_DAC_IRQHandler
                0x0000000008000e88                TIM1_BRK_TIM9_IRQHandler
                0x0000000008000e88                DCMI_IRQHandler
                0x0000000008000e88                CAN2_RX0_IRQHandler
                0x0000000008000e88                DMA2_Stream3_IRQHandler
                0x0000000008000e88                USART6_IRQHandler
                0x0000000008000e88                USART3_IRQHandler
                0x0000000008000e88                CAN1_RX1_IRQHandler
                0x0000000008000e88                UART5_IRQHandler
                0x0000000008000e88                DMA2_Stream0_IRQHandler
                0x0000000008000e88                TIM4_IRQHandler
                0x0000000008000e88                I2C1_EV_IRQHandler
                0x0000000008000e88                DMA1_Stream6_IRQHandler
                0x0000000008000e88                DMA1_Stream1_IRQHandler
                0x0000000008000e88                UART4_IRQHandler
                0x0000000008000e88                TIM3_IRQHandler
                0x0000000008000e88                RCC_IRQHandler
                0x0000000008000e88                TIM8_BRK_TIM12_IRQHandler
                0x0000000008000e88                Default_Handler
                0x0000000008000e88                EXTI15_10_IRQHandler
                0x0000000008000e88                ADC_IRQHandler
                0x0000000008000e88                DMA1_Stream7_IRQHandler
                0x0000000008000e88                TIM7_IRQHandler
                0x0000000008000e88                CAN2_TX_IRQHandler
                0x0000000008000e88                TIM5_IRQHandler
                0x0000000008000e88                DMA2_Stream7_IRQHandler
                0x0000000008000e88                I2C3_EV_IRQHandler
                0x0000000008000e88                EXTI9_5_IRQHandler
                0x0000000008000e88                RTC_WKUP_IRQHandler
                0x0000000008000e88                ETH_WKUP_IRQHandler
                0x0000000008000e88                SPI2_IRQHandler
                0x0000000008000e88                OTG_HS_EP1_IN_IRQHandler
                0x0000000008000e88                DMA1_Stream0_IRQHandler
                0x0000000008000e88                EXTI4_IRQHandler
                0x0000000008000e88                FSMC_IRQHandler
                0x0000000008000e88                ETH_IRQHandler
                0x0000000008000e88                OTG_HS_EP1_OUT_IRQHandler
                0x0000000008000e88                WWDG_IRQHandler
                0x0000000008000e88                TIM2_IRQHandler
                0x0000000008000e88                OTG_FS_WKUP_IRQHandler
                0x0000000008000e88                TIM1_TRG_COM_TIM11_IRQHandler
                0x0000000008000e88                OTG_HS_IRQHandler
                0x0000000008000e88                EXTI1_IRQHandler
                0x0000000008000e88                USART2_IRQHandler
                0x0000000008000e88                I2C2_ER_IRQHandler
                0x0000000008000e88                DMA2_Stream1_IRQHandler
                0x0000000008000e88                CAN1_SCE_IRQHandler
                0x0000000008000e88                FLASH_IRQHandler
                0x0000000008000e88                DMA2_Stream4_IRQHandler
                0x0000000008000e88                USART1_IRQHandler
                0x0000000008000e88                OTG_FS_IRQHandler
                0x0000000008000e88                SPI3_IRQHandler
                0x0000000008000e88                DMA1_Stream4_IRQHandler
                0x0000000008000e88                I2C1_ER_IRQHandler
                0x0000000008000e88                DMA2_Stream6_IRQHandler
                0x0000000008000e88                RTC_Alarm_IRQHandler
 *fill*         0x0000000008000e8a        0x2 
 .text.HAL_CAN_RxFifo0MsgPendingCallback
                0x0000000008000e8c       0x84 CMakeFiles/motor_control_pid.elf.dir/Core/application/CAN_receive.c.obj
                0x0000000008000e8c                HAL_CAN_RxFifo0MsgPendingCallback
 .text.CAN_cmd_chassis
                0x0000000008000f10       0x54 CMakeFiles/motor_control_pid.elf.dir/Core/application/CAN_receive.c.obj
                0x0000000008000f10                CAN_cmd_chassis
 .text.get_chassis_motor_measure_point
                0x0000000008000f64       0x14 CMakeFiles/motor_control_pid.elf.dir/Core/application/CAN_receive.c.obj
                0x0000000008000f64                get_chassis_motor_measure_point
 .text.can_filter_init
                0x0000000008000f78       0x5c CMakeFiles/motor_control_pid.elf.dir/Core/boards/bsp_can.c.obj
                0x0000000008000f78                can_filter_init
 .text.pid_param_init
                0x0000000008000fd4       0x4e CMakeFiles/motor_control_pid.elf.dir/Core/pid/pid.c.obj
 .text.pid_reset
                0x0000000008001022        0x8 CMakeFiles/motor_control_pid.elf.dir/Core/pid/pid.c.obj
 .text.pid_calculate
                0x000000000800102a       0xd4 CMakeFiles/motor_control_pid.elf.dir/Core/pid/pid.c.obj
 *fill*         0x00000000080010fe        0x2 
 .text.pid_init
                0x0000000008001100       0x1c CMakeFiles/motor_control_pid.elf.dir/Core/pid/pid.c.obj
                0x0000000008001100                pid_init
 .text.HAL_InitTick
                0x000000000800111c       0x4c CMakeFiles/motor_control_pid.elf.dir/Drivers/STM32F4xx_HAL_Driver/Src/stm32f4xx_hal.c.obj
                0x000000000800111c                HAL_InitTick
 .text.HAL_Init
                0x0000000008001168       0x34 CMakeFiles/motor_control_pid.elf.dir/Drivers/STM32F4xx_HAL_Driver/Src/stm32f4xx_hal.c.obj
                0x0000000008001168                HAL_Init
 .text.HAL_IncTick
                0x000000000800119c       0x18 CMakeFiles/motor_control_pid.elf.dir/Drivers/STM32F4xx_HAL_Driver/Src/stm32f4xx_hal.c.obj
                0x000000000800119c                HAL_IncTick
 .text.HAL_GetTick
                0x00000000080011b4        0xc CMakeFiles/motor_control_pid.elf.dir/Drivers/STM32F4xx_HAL_Driver/Src/stm32f4xx_hal.c.obj
                0x00000000080011b4                HAL_GetTick
 .text.HAL_Delay
                0x00000000080011c0       0x28 CMakeFiles/motor_control_pid.elf.dir/Drivers/STM32F4xx_HAL_Driver/Src/stm32f4xx_hal.c.obj
                0x00000000080011c0                HAL_Delay
 .text.HAL_CAN_Init
                0x00000000080011e8      0x14c CMakeFiles/motor_control_pid.elf.dir/Drivers/STM32F4xx_HAL_Driver/Src/stm32f4xx_hal_can.c.obj
                0x00000000080011e8                HAL_CAN_Init
 .text.HAL_CAN_ConfigFilter
                0x0000000008001334      0x13c CMakeFiles/motor_control_pid.elf.dir/Drivers/STM32F4xx_HAL_Driver/Src/stm32f4xx_hal_can.c.obj
                0x0000000008001334                HAL_CAN_ConfigFilter
 .text.HAL_CAN_Start
                0x0000000008001470       0x5c CMakeFiles/motor_control_pid.elf.dir/Drivers/STM32F4xx_HAL_Driver/Src/stm32f4xx_hal_can.c.obj
                0x0000000008001470                HAL_CAN_Start
 .text.HAL_CAN_AddTxMessage
                0x00000000080014cc       0xfc CMakeFiles/motor_control_pid.elf.dir/Drivers/STM32F4xx_HAL_Driver/Src/stm32f4xx_hal_can.c.obj
                0x00000000080014cc                HAL_CAN_AddTxMessage
 .text.HAL_CAN_GetRxMessage
                0x00000000080015c8      0x156 CMakeFiles/motor_control_pid.elf.dir/Drivers/STM32F4xx_HAL_Driver/Src/stm32f4xx_hal_can.c.obj
                0x00000000080015c8                HAL_CAN_GetRxMessage
 .text.HAL_CAN_ActivateNotification
                0x000000000800171e       0x24 CMakeFiles/motor_control_pid.elf.dir/Drivers/STM32F4xx_HAL_Driver/Src/stm32f4xx_hal_can.c.obj
                0x000000000800171e                HAL_CAN_ActivateNotification
 .text.HAL_CAN_TxMailbox0CompleteCallback
                0x0000000008001742        0x2 CMakeFiles/motor_control_pid.elf.dir/Drivers/STM32F4xx_HAL_Driver/Src/stm32f4xx_hal_can.c.obj
                0x0000000008001742                HAL_CAN_TxMailbox0CompleteCallback
 .text.HAL_CAN_TxMailbox1CompleteCallback
                0x0000000008001744        0x2 CMakeFiles/motor_control_pid.elf.dir/Drivers/STM32F4xx_HAL_Driver/Src/stm32f4xx_hal_can.c.obj
                0x0000000008001744                HAL_CAN_TxMailbox1CompleteCallback
 .text.HAL_CAN_TxMailbox2CompleteCallback
                0x0000000008001746        0x2 CMakeFiles/motor_control_pid.elf.dir/Drivers/STM32F4xx_HAL_Driver/Src/stm32f4xx_hal_can.c.obj
                0x0000000008001746                HAL_CAN_TxMailbox2CompleteCallback
 .text.HAL_CAN_TxMailbox0AbortCallback
                0x0000000008001748        0x2 CMakeFiles/motor_control_pid.elf.dir/Drivers/STM32F4xx_HAL_Driver/Src/stm32f4xx_hal_can.c.obj
                0x0000000008001748                HAL_CAN_TxMailbox0AbortCallback
 .text.HAL_CAN_TxMailbox1AbortCallback
                0x000000000800174a        0x2 CMakeFiles/motor_control_pid.elf.dir/Drivers/STM32F4xx_HAL_Driver/Src/stm32f4xx_hal_can.c.obj
                0x000000000800174a                HAL_CAN_TxMailbox1AbortCallback
 .text.HAL_CAN_TxMailbox2AbortCallback
                0x000000000800174c        0x2 CMakeFiles/motor_control_pid.elf.dir/Drivers/STM32F4xx_HAL_Driver/Src/stm32f4xx_hal_can.c.obj
                0x000000000800174c                HAL_CAN_TxMailbox2AbortCallback
 .text.HAL_CAN_RxFifo0FullCallback
                0x000000000800174e        0x2 CMakeFiles/motor_control_pid.elf.dir/Drivers/STM32F4xx_HAL_Driver/Src/stm32f4xx_hal_can.c.obj
                0x000000000800174e                HAL_CAN_RxFifo0FullCallback
 .text.HAL_CAN_RxFifo1MsgPendingCallback
                0x0000000008001750        0x2 CMakeFiles/motor_control_pid.elf.dir/Drivers/STM32F4xx_HAL_Driver/Src/stm32f4xx_hal_can.c.obj
                0x0000000008001750                HAL_CAN_RxFifo1MsgPendingCallback
 .text.HAL_CAN_RxFifo1FullCallback
                0x0000000008001752        0x2 CMakeFiles/motor_control_pid.elf.dir/Drivers/STM32F4xx_HAL_Driver/Src/stm32f4xx_hal_can.c.obj
                0x0000000008001752                HAL_CAN_RxFifo1FullCallback
 .text.HAL_CAN_SleepCallback
                0x0000000008001754        0x2 CMakeFiles/motor_control_pid.elf.dir/Drivers/STM32F4xx_HAL_Driver/Src/stm32f4xx_hal_can.c.obj
                0x0000000008001754                HAL_CAN_SleepCallback
 .text.HAL_CAN_WakeUpFromRxMsgCallback
                0x0000000008001756        0x2 CMakeFiles/motor_control_pid.elf.dir/Drivers/STM32F4xx_HAL_Driver/Src/stm32f4xx_hal_can.c.obj
                0x0000000008001756                HAL_CAN_WakeUpFromRxMsgCallback
 .text.HAL_CAN_ErrorCallback
                0x0000000008001758        0x2 CMakeFiles/motor_control_pid.elf.dir/Drivers/STM32F4xx_HAL_Driver/Src/stm32f4xx_hal_can.c.obj
                0x0000000008001758                HAL_CAN_ErrorCallback
 .text.HAL_CAN_IRQHandler
                0x000000000800175a      0x24a CMakeFiles/motor_control_pid.elf.dir/Drivers/STM32F4xx_HAL_Driver/Src/stm32f4xx_hal_can.c.obj
                0x000000000800175a                HAL_CAN_IRQHandler
 .text.HAL_NVIC_SetPriorityGrouping
                0x00000000080019a4       0x24 CMakeFiles/motor_control_pid.elf.dir/Drivers/STM32F4xx_HAL_Driver/Src/stm32f4xx_hal_cortex.c.obj
                0x00000000080019a4                HAL_NVIC_SetPriorityGrouping
 .text.HAL_NVIC_SetPriority
                0x00000000080019c8       0x70 CMakeFiles/motor_control_pid.elf.dir/Drivers/STM32F4xx_HAL_Driver/Src/stm32f4xx_hal_cortex.c.obj
                0x00000000080019c8                HAL_NVIC_SetPriority
 .text.HAL_NVIC_EnableIRQ
                0x0000000008001a38       0x1c CMakeFiles/motor_control_pid.elf.dir/Drivers/STM32F4xx_HAL_Driver/Src/stm32f4xx_hal_cortex.c.obj
                0x0000000008001a38                HAL_NVIC_EnableIRQ
 .text.HAL_SYSTICK_Config
                0x0000000008001a54       0x28 CMakeFiles/motor_control_pid.elf.dir/Drivers/STM32F4xx_HAL_Driver/Src/stm32f4xx_hal_cortex.c.obj
                0x0000000008001a54                HAL_SYSTICK_Config
 .text.HAL_GPIO_Init
                0x0000000008001a7c      0x1e4 CMakeFiles/motor_control_pid.elf.dir/Drivers/STM32F4xx_HAL_Driver/Src/stm32f4xx_hal_gpio.c.obj
                0x0000000008001a7c                HAL_GPIO_Init
 .text.HAL_GPIO_WritePin
                0x0000000008001c60        0xc CMakeFiles/motor_control_pid.elf.dir/Drivers/STM32F4xx_HAL_Driver/Src/stm32f4xx_hal_gpio.c.obj
                0x0000000008001c60                HAL_GPIO_WritePin
 .text.HAL_RCC_OscConfig
                0x0000000008001c6c      0x3f8 CMakeFiles/motor_control_pid.elf.dir/Drivers/STM32F4xx_HAL_Driver/Src/stm32f4xx_hal_rcc.c.obj
                0x0000000008001c6c                HAL_RCC_OscConfig
 .text.HAL_RCC_GetSysClockFreq
                0x0000000008002064       0xa4 CMakeFiles/motor_control_pid.elf.dir/Drivers/STM32F4xx_HAL_Driver/Src/stm32f4xx_hal_rcc.c.obj
                0x0000000008002064                HAL_RCC_GetSysClockFreq
 .text.HAL_RCC_ClockConfig
                0x0000000008002108      0x160 CMakeFiles/motor_control_pid.elf.dir/Drivers/STM32F4xx_HAL_Driver/Src/stm32f4xx_hal_rcc.c.obj
                0x0000000008002108                HAL_RCC_ClockConfig
 .text.__libc_init_array
                0x0000000008002268       0x48 /usr/local/Cellar/arm-none-eabi-gcc/10.3-2021.07/gcc/bin/../lib/gcc/arm-none-eabi/10.3.1/../../../../arm-none-eabi/lib/thumb/v7e-m/nofp/libg.a(lib_a-init.o)
                0x0000000008002268                __libc_init_array
 .text.memset   0x00000000080022b0       0xa4 /usr/local/Cellar/arm-none-eabi-gcc/10.3-2021.07/gcc/bin/../lib/gcc/arm-none-eabi/10.3.1/../../../../arm-none-eabi/lib/thumb/v7e-m/nofp/libg.a(lib_a-memset.o)
                0x00000000080022b0                memset
 .text.startup.register_fini
                0x0000000008002354       0x14 /usr/local/Cellar/arm-none-eabi-gcc/10.3-2021.07/gcc/bin/../lib/gcc/arm-none-eabi/10.3.1/../../../../arm-none-eabi/lib/thumb/v7e-m/nofp/libg.a(lib_a-__call_atexit.o)
 .text.atexit   0x0000000008002368        0xc /usr/local/Cellar/arm-none-eabi-gcc/10.3-2021.07/gcc/bin/../lib/gcc/arm-none-eabi/10.3.1/../../../../arm-none-eabi/lib/thumb/v7e-m/nofp/libg.a(lib_a-atexit.o)
                0x0000000008002368                atexit
 .text.__libc_fini_array
                0x0000000008002374       0x2c /usr/local/Cellar/arm-none-eabi-gcc/10.3-2021.07/gcc/bin/../lib/gcc/arm-none-eabi/10.3.1/../../../../arm-none-eabi/lib/thumb/v7e-m/nofp/libg.a(lib_a-fini.o)
                0x0000000008002374                __libc_fini_array
 .text.__retarget_lock_acquire_recursive
                0x00000000080023a0        0x4 /usr/local/Cellar/arm-none-eabi-gcc/10.3-2021.07/gcc/bin/../lib/gcc/arm-none-eabi/10.3.1/../../../../arm-none-eabi/lib/thumb/v7e-m/nofp/libg.a(lib_a-lock.o)
                0x00000000080023a0                __retarget_lock_acquire_recursive
 .text.__retarget_lock_release_recursive
                0x00000000080023a4        0x4 /usr/local/Cellar/arm-none-eabi-gcc/10.3-2021.07/gcc/bin/../lib/gcc/arm-none-eabi/10.3.1/../../../../arm-none-eabi/lib/thumb/v7e-m/nofp/libg.a(lib_a-lock.o)
                0x00000000080023a4                __retarget_lock_release_recursive
 .text.__register_exitproc
                0x00000000080023a8       0x8c /usr/local/Cellar/arm-none-eabi-gcc/10.3-2021.07/gcc/bin/../lib/gcc/arm-none-eabi/10.3.1/../../../../arm-none-eabi/lib/thumb/v7e-m/nofp/libg.a(lib_a-__atexit.o)
                0x00000000080023a8                __register_exitproc
 *(.glue_7)
 .glue_7        0x0000000008002434        0x0 linker stubs
 *(.glue_7t)
 .glue_7t       0x0000000008002434        0x0 linker stubs
 *(.eh_frame)
 .eh_frame      0x0000000008002434        0x0 /usr/local/Cellar/arm-none-eabi-gcc/10.3-2021.07/gcc/bin/../lib/gcc/arm-none-eabi/10.3.1/thumb/v7e-m/nofp/crtbegin.o
 *(.init)
 .init          0x0000000008002434        0x4 /usr/local/Cellar/arm-none-eabi-gcc/10.3-2021.07/gcc/bin/../lib/gcc/arm-none-eabi/10.3.1/thumb/v7e-m/nofp/crti.o
                0x0000000008002434                _init
 .init          0x0000000008002438        0x8 /usr/local/Cellar/arm-none-eabi-gcc/10.3-2021.07/gcc/bin/../lib/gcc/arm-none-eabi/10.3.1/thumb/v7e-m/nofp/crtn.o
 *(.fini)
 .fini          0x0000000008002440        0x4 /usr/local/Cellar/arm-none-eabi-gcc/10.3-2021.07/gcc/bin/../lib/gcc/arm-none-eabi/10.3.1/thumb/v7e-m/nofp/crti.o
                0x0000000008002440                _fini
 .fini          0x0000000008002444        0x8 /usr/local/Cellar/arm-none-eabi-gcc/10.3-2021.07/gcc/bin/../lib/gcc/arm-none-eabi/10.3.1/thumb/v7e-m/nofp/crtn.o
                0x000000000800244c                . = ALIGN (0x4)
                0x000000000800244c                _etext = .

.vfp11_veneer   0x000000000800244c        0x0
 .vfp11_veneer  0x000000000800244c        0x0 linker stubs

.v4_bx          0x000000000800244c        0x0
 .v4_bx         0x000000000800244c        0x0 linker stubs

.iplt           0x000000000800244c        0x0
 .iplt          0x000000000800244c        0x0 /usr/local/Cellar/arm-none-eabi-gcc/10.3-2021.07/gcc/bin/../lib/gcc/arm-none-eabi/10.3.1/thumb/v7e-m/nofp/crtbegin.o

.rodata         0x000000000800244c       0x14
                0x000000000800244c                . = ALIGN (0x4)
 *(.rodata)
 *(.rodata*)
 .rodata.AHBPrescTable
                0x000000000800244c       0x10 CMakeFiles/motor_control_pid.elf.dir/Core/Src/system_stm32f4xx.c.obj
                0x000000000800244c                AHBPrescTable
 .rodata._global_impure_ptr
                0x000000000800245c        0x4 /usr/local/Cellar/arm-none-eabi-gcc/10.3-2021.07/gcc/bin/../lib/gcc/arm-none-eabi/10.3.1/../../../../arm-none-eabi/lib/thumb/v7e-m/nofp/libg.a(lib_a-impure.o)
                0x000000000800245c                _global_impure_ptr
                0x0000000008002460                . = ALIGN (0x4)

.ARM.extab      0x0000000008002460        0x0
                0x0000000008002460                . = ALIGN (0x4)
 *(.ARM.extab* .gnu.linkonce.armextab.*)
                0x0000000008002460                . = ALIGN (0x4)

.ARM            0x0000000008002460        0x8
                0x0000000008002460                . = ALIGN (0x4)
                0x0000000008002460                __exidx_start = .
 *(.ARM.exidx*)
 .ARM.exidx     0x0000000008002460        0x8 /usr/local/Cellar/arm-none-eabi-gcc/10.3-2021.07/gcc/bin/../lib/gcc/arm-none-eabi/10.3.1/thumb/v7e-m/nofp/libgcc.a(_udivmoddi4.o)
                0x0000000008002468                __exidx_end = .
                0x0000000008002468                . = ALIGN (0x4)

.rel.dyn        0x0000000008002468        0x0
 .rel.iplt      0x0000000008002468        0x0 /usr/local/Cellar/arm-none-eabi-gcc/10.3-2021.07/gcc/bin/../lib/gcc/arm-none-eabi/10.3.1/thumb/v7e-m/nofp/crtbegin.o

.preinit_array  0x0000000008002468        0x0
                0x0000000008002468                . = ALIGN (0x4)
                0x0000000008002468                PROVIDE (__preinit_array_start = .)
 *(.preinit_array*)
                0x0000000008002468                PROVIDE (__preinit_array_end = .)
                0x0000000008002468                . = ALIGN (0x4)

.init_array     0x0000000008002468        0x8
                0x0000000008002468                . = ALIGN (0x4)
                0x0000000008002468                PROVIDE (__init_array_start = .)
 *(SORT_BY_NAME(.init_array.*))
 .init_array.00000
                0x0000000008002468        0x4 /usr/local/Cellar/arm-none-eabi-gcc/10.3-2021.07/gcc/bin/../lib/gcc/arm-none-eabi/10.3.1/../../../../arm-none-eabi/lib/thumb/v7e-m/nofp/libg.a(lib_a-__call_atexit.o)
 *(.init_array*)
 .init_array    0x000000000800246c        0x4 /usr/local/Cellar/arm-none-eabi-gcc/10.3-2021.07/gcc/bin/../lib/gcc/arm-none-eabi/10.3.1/thumb/v7e-m/nofp/crtbegin.o
                0x0000000008002470                PROVIDE (__init_array_end = .)
                0x0000000008002470                . = ALIGN (0x4)

.fini_array     0x0000000008002470        0x4
                0x0000000008002470                . = ALIGN (0x4)
                0x0000000008002470                PROVIDE (__fini_array_start = .)
 *(SORT_BY_NAME(.fini_array.*))
 *(.fini_array*)
 .fini_array    0x0000000008002470        0x4 /usr/local/Cellar/arm-none-eabi-gcc/10.3-2021.07/gcc/bin/../lib/gcc/arm-none-eabi/10.3.1/thumb/v7e-m/nofp/crtbegin.o
                0x0000000008002474                PROVIDE (__fini_array_end = .)
                0x0000000008002474                . = ALIGN (0x4)
                0x0000000008002474                _sidata = LOADADDR (.data)

.data           0x0000000020000000      0x43c load address 0x0000000008002474
                0x0000000020000000                . = ALIGN (0x4)
                0x0000000020000000                _sdata = .
 *(.data)
 *(.data*)
 .data.SystemCoreClock
                0x0000000020000000        0x4 CMakeFiles/motor_control_pid.elf.dir/Core/Src/system_stm32f4xx.c.obj
                0x0000000020000000                SystemCoreClock
 .data.uwTickFreq
                0x0000000020000004        0x1 CMakeFiles/motor_control_pid.elf.dir/Drivers/STM32F4xx_HAL_Driver/Src/stm32f4xx_hal.c.obj
                0x0000000020000004                uwTickFreq
 *fill*         0x0000000020000005        0x3 
 .data.uwTickPrio
                0x0000000020000008        0x4 CMakeFiles/motor_control_pid.elf.dir/Drivers/STM32F4xx_HAL_Driver/Src/stm32f4xx_hal.c.obj
                0x0000000020000008                uwTickPrio
 *fill*         0x000000002000000c        0x4 
 .data.impure_data
                0x0000000020000010      0x428 /usr/local/Cellar/arm-none-eabi-gcc/10.3-2021.07/gcc/bin/../lib/gcc/arm-none-eabi/10.3.1/../../../../arm-none-eabi/lib/thumb/v7e-m/nofp/libg.a(lib_a-impure.o)
 .data.__atexit_recursive_mutex
                0x0000000020000438        0x4 /usr/local/Cellar/arm-none-eabi-gcc/10.3-2021.07/gcc/bin/../lib/gcc/arm-none-eabi/10.3.1/../../../../arm-none-eabi/lib/thumb/v7e-m/nofp/libg.a(lib_a-__call_atexit.o)
                0x0000000020000438                __atexit_recursive_mutex
 *(.RamFunc)
 *(.RamFunc*)
                0x000000002000043c                . = ALIGN (0x4)
                0x000000002000043c                _edata = .
                0x00000000080028b0                _siccmram = LOADADDR (.ccmram)

.igot.plt       0x000000002000043c        0x0 load address 0x00000000080028b0
 .igot.plt      0x000000002000043c        0x0 /usr/local/Cellar/arm-none-eabi-gcc/10.3-2021.07/gcc/bin/../lib/gcc/arm-none-eabi/10.3.1/thumb/v7e-m/nofp/crtbegin.o

.ccmram         0x0000000010000000        0x0 load address 0x00000000080028b0
                0x0000000010000000                . = ALIGN (0x4)
                0x0000000010000000                _sccmram = .
 *(.ccmram)
 *(.ccmram*)
                0x0000000010000000                . = ALIGN (0x4)
                0x0000000010000000                _eccmram = .
                0x0000000010000000                . = ALIGN (0x4)

.bss            0x000000002000043c      0x284
                0x000000002000043c                _sbss = .
                0x000000002000043c                __bss_start__ = _sbss
 *(.bss)
 .bss           0x000000002000043c       0x1c /usr/local/Cellar/arm-none-eabi-gcc/10.3-2021.07/gcc/bin/../lib/gcc/arm-none-eabi/10.3.1/thumb/v7e-m/nofp/crtbegin.o
 *(.bss*)
 .bss.HAL_RCC_CAN1_CLK_ENABLED
                0x0000000020000458        0x4 CMakeFiles/motor_control_pid.elf.dir/Core/Src/can.c.obj
 .bss.hcan1     0x000000002000045c       0x28 CMakeFiles/motor_control_pid.elf.dir/Core/Src/can.c.obj
                0x000000002000045c                hcan1
 .bss.hcan2     0x0000000020000484       0x28 CMakeFiles/motor_control_pid.elf.dir/Core/Src/can.c.obj
                0x0000000020000484                hcan2
 .bss.motor_data
                0x00000000200004ac       0x10 CMakeFiles/motor_control_pid.elf.dir/Core/Src/main.c.obj
                0x00000000200004ac                motor_data
 .bss.chassis_can_send_data
                0x00000000200004bc        0x8 CMakeFiles/motor_control_pid.elf.dir/Core/application/CAN_receive.c.obj
 .bss.chassis_tx_message
                0x00000000200004c4       0x18 CMakeFiles/motor_control_pid.elf.dir/Core/application/CAN_receive.c.obj
 .bss.i.0       0x00000000200004dc        0x1 CMakeFiles/motor_control_pid.elf.dir/Core/application/CAN_receive.c.obj
 *fill*         0x00000000200004dd        0x3 
 .bss.motor_chassis
                0x00000000200004e0       0x46 CMakeFiles/motor_control_pid.elf.dir/Core/application/CAN_receive.c.obj
 *fill*         0x0000000020000526        0x2 
 .bss.drive_motor_pid
                0x0000000020000528      0x190 CMakeFiles/motor_control_pid.elf.dir/Core/pid/pid.c.obj
                0x0000000020000528                drive_motor_pid
 .bss.uwTick    0x00000000200006b8        0x4 CMakeFiles/motor_control_pid.elf.dir/Drivers/STM32F4xx_HAL_Driver/Src/stm32f4xx_hal.c.obj
                0x00000000200006b8                uwTick
 .bss.__lock___atexit_recursive_mutex
                0x00000000200006bc        0x1 /usr/local/Cellar/arm-none-eabi-gcc/10.3-2021.07/gcc/bin/../lib/gcc/arm-none-eabi/10.3.1/../../../../arm-none-eabi/lib/thumb/v7e-m/nofp/libg.a(lib_a-lock.o)
                0x00000000200006bc                __lock___atexit_recursive_mutex
 *(COMMON)
                0x00000000200006c0                . = ALIGN (0x4)
 *fill*         0x00000000200006bd        0x3 
                0x00000000200006c0                _ebss = .
                0x00000000200006c0                __bss_end__ = _ebss

._user_heap_stack
                0x00000000200006c0      0x600
                0x00000000200006c0                . = ALIGN (0x8)
                [!provide]                        PROVIDE (end = .)
                0x00000000200006c0                PROVIDE (_end = .)
                0x00000000200008c0                . = (. + _Min_Heap_Size)
 *fill*         0x00000000200006c0      0x200 
                0x0000000020000cc0                . = (. + _Min_Stack_Size)
 *fill*         0x00000000200008c0      0x400 
                0x0000000020000cc0                . = ALIGN (0x8)

/DISCARD/
 libc.a(*)
 libm.a(*)
 libgcc.a(*)

.ARM.attributes
                0x0000000000000000       0x2a
 *(.ARM.attributes)
 .ARM.attributes
                0x0000000000000000       0x1e /usr/local/Cellar/arm-none-eabi-gcc/10.3-2021.07/gcc/bin/../lib/gcc/arm-none-eabi/10.3.1/thumb/v7e-m/nofp/crti.o
 .ARM.attributes
                0x000000000000001e       0x2e /usr/local/Cellar/arm-none-eabi-gcc/10.3-2021.07/gcc/bin/../lib/gcc/arm-none-eabi/10.3.1/thumb/v7e-m/nofp/crtbegin.o
 .ARM.attributes
                0x000000000000004c       0x2e CMakeFiles/motor_control_pid.elf.dir/Core/Src/can.c.obj
 .ARM.attributes
                0x000000000000007a       0x2e CMakeFiles/motor_control_pid.elf.dir/Core/Src/gpio.c.obj
 .ARM.attributes
                0x00000000000000a8       0x2e CMakeFiles/motor_control_pid.elf.dir/Core/Src/main.c.obj
 .ARM.attributes
                0x00000000000000d6       0x2e CMakeFiles/motor_control_pid.elf.dir/Core/Src/stm32f4xx_hal_msp.c.obj
 .ARM.attributes
                0x0000000000000104       0x2e CMakeFiles/motor_control_pid.elf.dir/Core/Src/stm32f4xx_it.c.obj
 .ARM.attributes
                0x0000000000000132       0x2e CMakeFiles/motor_control_pid.elf.dir/Core/Src/system_stm32f4xx.c.obj
 .ARM.attributes
                0x0000000000000160       0x21 CMakeFiles/motor_control_pid.elf.dir/Core/Startup/startup_stm32f407ighx.s.obj
 .ARM.attributes
                0x0000000000000181       0x2e CMakeFiles/motor_control_pid.elf.dir/Core/application/CAN_receive.c.obj
 .ARM.attributes
                0x00000000000001af       0x2e CMakeFiles/motor_control_pid.elf.dir/Core/boards/bsp_can.c.obj
 .ARM.attributes
                0x00000000000001dd       0x2e CMakeFiles/motor_control_pid.elf.dir/Core/pid/pid.c.obj
 .ARM.attributes
                0x000000000000020b       0x2e CMakeFiles/motor_control_pid.elf.dir/Drivers/STM32F4xx_HAL_Driver/Src/stm32f4xx_hal.c.obj
 .ARM.attributes
                0x0000000000000239       0x2e CMakeFiles/motor_control_pid.elf.dir/Drivers/STM32F4xx_HAL_Driver/Src/stm32f4xx_hal_can.c.obj
 .ARM.attributes
                0x0000000000000267       0x2e CMakeFiles/motor_control_pid.elf.dir/Drivers/STM32F4xx_HAL_Driver/Src/stm32f4xx_hal_cortex.c.obj
 .ARM.attributes
                0x0000000000000295       0x2e CMakeFiles/motor_control_pid.elf.dir/Drivers/STM32F4xx_HAL_Driver/Src/stm32f4xx_hal_gpio.c.obj
 .ARM.attributes
                0x00000000000002c3       0x2e CMakeFiles/motor_control_pid.elf.dir/Drivers/STM32F4xx_HAL_Driver/Src/stm32f4xx_hal_rcc.c.obj
 .ARM.attributes
                0x00000000000002f1       0x1e /usr/local/Cellar/arm-none-eabi-gcc/10.3-2021.07/gcc/bin/../lib/gcc/arm-none-eabi/10.3.1/thumb/v7e-m/nofp/libgcc.a(_arm_mulsf3.o)
 .ARM.attributes
                0x000000000000030f       0x1e /usr/local/Cellar/arm-none-eabi-gcc/10.3-2021.07/gcc/bin/../lib/gcc/arm-none-eabi/10.3.1/thumb/v7e-m/nofp/libgcc.a(_arm_addsubsf3.o)
 .ARM.attributes
                0x000000000000032d       0x1e /usr/local/Cellar/arm-none-eabi-gcc/10.3-2021.07/gcc/bin/../lib/gcc/arm-none-eabi/10.3.1/thumb/v7e-m/nofp/libgcc.a(_arm_cmpsf2.o)
 .ARM.attributes
                0x000000000000034b       0x1e /usr/local/Cellar/arm-none-eabi-gcc/10.3-2021.07/gcc/bin/../lib/gcc/arm-none-eabi/10.3.1/thumb/v7e-m/nofp/libgcc.a(_arm_fixsfsi.o)
 .ARM.attributes
                0x0000000000000369       0x1e /usr/local/Cellar/arm-none-eabi-gcc/10.3-2021.07/gcc/bin/../lib/gcc/arm-none-eabi/10.3.1/thumb/v7e-m/nofp/libgcc.a(_aeabi_uldivmod.o)
 .ARM.attributes
                0x0000000000000387       0x2e /usr/local/Cellar/arm-none-eabi-gcc/10.3-2021.07/gcc/bin/../lib/gcc/arm-none-eabi/10.3.1/thumb/v7e-m/nofp/libgcc.a(_udivmoddi4.o)
 .ARM.attributes
                0x00000000000003b5       0x1e /usr/local/Cellar/arm-none-eabi-gcc/10.3-2021.07/gcc/bin/../lib/gcc/arm-none-eabi/10.3.1/thumb/v7e-m/nofp/libgcc.a(_dvmd_tls.o)
 .ARM.attributes
                0x00000000000003d3       0x2e /usr/local/Cellar/arm-none-eabi-gcc/10.3-2021.07/gcc/bin/../lib/gcc/arm-none-eabi/10.3.1/../../../../arm-none-eabi/lib/thumb/v7e-m/nofp/libg.a(lib_a-impure.o)
 .ARM.attributes
                0x0000000000000401       0x2e /usr/local/Cellar/arm-none-eabi-gcc/10.3-2021.07/gcc/bin/../lib/gcc/arm-none-eabi/10.3.1/../../../../arm-none-eabi/lib/thumb/v7e-m/nofp/libg.a(lib_a-init.o)
 .ARM.attributes
                0x000000000000042f       0x2e /usr/local/Cellar/arm-none-eabi-gcc/10.3-2021.07/gcc/bin/../lib/gcc/arm-none-eabi/10.3.1/../../../../arm-none-eabi/lib/thumb/v7e-m/nofp/libg.a(lib_a-memset.o)
 .ARM.attributes
                0x000000000000045d       0x2e /usr/local/Cellar/arm-none-eabi-gcc/10.3-2021.07/gcc/bin/../lib/gcc/arm-none-eabi/10.3.1/../../../../arm-none-eabi/lib/thumb/v7e-m/nofp/libg.a(lib_a-__call_atexit.o)
 .ARM.attributes
                0x000000000000048b       0x2e /usr/local/Cellar/arm-none-eabi-gcc/10.3-2021.07/gcc/bin/../lib/gcc/arm-none-eabi/10.3.1/../../../../arm-none-eabi/lib/thumb/v7e-m/nofp/libg.a(lib_a-atexit.o)
 .ARM.attributes
                0x00000000000004b9       0x2e /usr/local/Cellar/arm-none-eabi-gcc/10.3-2021.07/gcc/bin/../lib/gcc/arm-none-eabi/10.3.1/../../../../arm-none-eabi/lib/thumb/v7e-m/nofp/libg.a(lib_a-fini.o)
 .ARM.attributes
                0x00000000000004e7       0x2e /usr/local/Cellar/arm-none-eabi-gcc/10.3-2021.07/gcc/bin/../lib/gcc/arm-none-eabi/10.3.1/../../../../arm-none-eabi/lib/thumb/v7e-m/nofp/libg.a(lib_a-lock.o)
 .ARM.attributes
                0x0000000000000515       0x2e /usr/local/Cellar/arm-none-eabi-gcc/10.3-2021.07/gcc/bin/../lib/gcc/arm-none-eabi/10.3.1/../../../../arm-none-eabi/lib/thumb/v7e-m/nofp/libg.a(lib_a-__atexit.o)
 .ARM.attributes
                0x0000000000000543       0x1e /usr/local/Cellar/arm-none-eabi-gcc/10.3-2021.07/gcc/bin/../lib/gcc/arm-none-eabi/10.3.1/thumb/v7e-m/nofp/crtn.o
OUTPUT(motor_control_pid.elf elf32-littlearm)
LOAD linker stubs
LOAD /usr/local/Cellar/arm-none-eabi-gcc/10.3-2021.07/gcc/bin/../lib/gcc/arm-none-eabi/10.3.1/../../../../arm-none-eabi/lib/thumb/v7e-m/nofp/libc.a
LOAD /usr/local/Cellar/arm-none-eabi-gcc/10.3-2021.07/gcc/bin/../lib/gcc/arm-none-eabi/10.3.1/../../../../arm-none-eabi/lib/thumb/v7e-m/nofp/libm.a
LOAD /usr/local/Cellar/arm-none-eabi-gcc/10.3-2021.07/gcc/bin/../lib/gcc/arm-none-eabi/10.3.1/thumb/v7e-m/nofp/libgcc.a

.debug_info     0x0000000000000000     0x7c72
 .debug_info    0x0000000000000000      0xcb2 CMakeFiles/motor_control_pid.elf.dir/Core/Src/can.c.obj
 .debug_info    0x0000000000000cb2      0x496 CMakeFiles/motor_control_pid.elf.dir/Core/Src/gpio.c.obj
 .debug_info    0x0000000000001148      0xa9c CMakeFiles/motor_control_pid.elf.dir/Core/Src/main.c.obj
 .debug_info    0x0000000000001be4      0x2a4 CMakeFiles/motor_control_pid.elf.dir/Core/Src/stm32f4xx_hal_msp.c.obj
 .debug_info    0x0000000000001e88      0x581 CMakeFiles/motor_control_pid.elf.dir/Core/Src/stm32f4xx_it.c.obj
 .debug_info    0x0000000000002409      0x37d CMakeFiles/motor_control_pid.elf.dir/Core/Src/system_stm32f4xx.c.obj
 .debug_info    0x0000000000002786       0x22 CMakeFiles/motor_control_pid.elf.dir/Core/Startup/startup_stm32f407ighx.s.obj
 .debug_info    0x00000000000027a8      0x945 CMakeFiles/motor_control_pid.elf.dir/Core/application/CAN_receive.c.obj
 .debug_info    0x00000000000030ed      0x601 CMakeFiles/motor_control_pid.elf.dir/Core/boards/bsp_can.c.obj
 .debug_info    0x00000000000036ee      0x5e0 CMakeFiles/motor_control_pid.elf.dir/Core/pid/pid.c.obj
 .debug_info    0x0000000000003cce      0x9f0 CMakeFiles/motor_control_pid.elf.dir/Drivers/STM32F4xx_HAL_Driver/Src/stm32f4xx_hal.c.obj
 .debug_info    0x00000000000046be     0x1269 CMakeFiles/motor_control_pid.elf.dir/Drivers/STM32F4xx_HAL_Driver/Src/stm32f4xx_hal_can.c.obj
 .debug_info    0x0000000000005927     0x1098 CMakeFiles/motor_control_pid.elf.dir/Drivers/STM32F4xx_HAL_Driver/Src/stm32f4xx_hal_cortex.c.obj
 .debug_info    0x00000000000069bf      0x7b0 CMakeFiles/motor_control_pid.elf.dir/Drivers/STM32F4xx_HAL_Driver/Src/stm32f4xx_hal_gpio.c.obj
 .debug_info    0x000000000000716f      0xb03 CMakeFiles/motor_control_pid.elf.dir/Drivers/STM32F4xx_HAL_Driver/Src/stm32f4xx_hal_rcc.c.obj

.debug_abbrev   0x0000000000000000     0x1ad4
 .debug_abbrev  0x0000000000000000      0x1f6 CMakeFiles/motor_control_pid.elf.dir/Core/Src/can.c.obj
 .debug_abbrev  0x00000000000001f6      0x14e CMakeFiles/motor_control_pid.elf.dir/Core/Src/gpio.c.obj
 .debug_abbrev  0x0000000000000344      0x272 CMakeFiles/motor_control_pid.elf.dir/Core/Src/main.c.obj
 .debug_abbrev  0x00000000000005b6       0xd1 CMakeFiles/motor_control_pid.elf.dir/Core/Src/stm32f4xx_hal_msp.c.obj
 .debug_abbrev  0x0000000000000687      0x195 CMakeFiles/motor_control_pid.elf.dir/Core/Src/stm32f4xx_it.c.obj
 .debug_abbrev  0x000000000000081c      0x119 CMakeFiles/motor_control_pid.elf.dir/Core/Src/system_stm32f4xx.c.obj
 .debug_abbrev  0x0000000000000935       0x12 CMakeFiles/motor_control_pid.elf.dir/Core/Startup/startup_stm32f407ighx.s.obj
 .debug_abbrev  0x0000000000000947      0x213 CMakeFiles/motor_control_pid.elf.dir/Core/application/CAN_receive.c.obj
 .debug_abbrev  0x0000000000000b5a      0x192 CMakeFiles/motor_control_pid.elf.dir/Core/boards/bsp_can.c.obj
 .debug_abbrev  0x0000000000000cec      0x198 CMakeFiles/motor_control_pid.elf.dir/Core/pid/pid.c.obj
 .debug_abbrev  0x0000000000000e84      0x206 CMakeFiles/motor_control_pid.elf.dir/Drivers/STM32F4xx_HAL_Driver/Src/stm32f4xx_hal.c.obj
 .debug_abbrev  0x000000000000108a      0x267 CMakeFiles/motor_control_pid.elf.dir/Drivers/STM32F4xx_HAL_Driver/Src/stm32f4xx_hal_can.c.obj
 .debug_abbrev  0x00000000000012f1      0x36a CMakeFiles/motor_control_pid.elf.dir/Drivers/STM32F4xx_HAL_Driver/Src/stm32f4xx_hal_cortex.c.obj
 .debug_abbrev  0x000000000000165b      0x1ef CMakeFiles/motor_control_pid.elf.dir/Drivers/STM32F4xx_HAL_Driver/Src/stm32f4xx_hal_gpio.c.obj
 .debug_abbrev  0x000000000000184a      0x28a CMakeFiles/motor_control_pid.elf.dir/Drivers/STM32F4xx_HAL_Driver/Src/stm32f4xx_hal_rcc.c.obj

.debug_loc      0x0000000000000000     0x25b6
 .debug_loc     0x0000000000000000       0xcb CMakeFiles/motor_control_pid.elf.dir/Core/Src/can.c.obj
 .debug_loc     0x00000000000000cb       0x23 CMakeFiles/motor_control_pid.elf.dir/Core/Src/main.c.obj
 .debug_loc     0x00000000000000ee      0x158 CMakeFiles/motor_control_pid.elf.dir/Core/Src/system_stm32f4xx.c.obj
 .debug_loc     0x0000000000000246      0x172 CMakeFiles/motor_control_pid.elf.dir/Core/application/CAN_receive.c.obj
 .debug_loc     0x00000000000003b8       0xe7 CMakeFiles/motor_control_pid.elf.dir/Core/pid/pid.c.obj
 .debug_loc     0x000000000000049f      0x141 CMakeFiles/motor_control_pid.elf.dir/Drivers/STM32F4xx_HAL_Driver/Src/stm32f4xx_hal.c.obj
 .debug_loc     0x00000000000005e0      0xde6 CMakeFiles/motor_control_pid.elf.dir/Drivers/STM32F4xx_HAL_Driver/Src/stm32f4xx_hal_can.c.obj
 .debug_loc     0x00000000000013c6      0x744 CMakeFiles/motor_control_pid.elf.dir/Drivers/STM32F4xx_HAL_Driver/Src/stm32f4xx_hal_cortex.c.obj
 .debug_loc     0x0000000000001b0a      0x520 CMakeFiles/motor_control_pid.elf.dir/Drivers/STM32F4xx_HAL_Driver/Src/stm32f4xx_hal_gpio.c.obj
 .debug_loc     0x000000000000202a      0x58c CMakeFiles/motor_control_pid.elf.dir/Drivers/STM32F4xx_HAL_Driver/Src/stm32f4xx_hal_rcc.c.obj

.debug_aranges  0x0000000000000000      0x5c8
 .debug_aranges
                0x0000000000000000       0x38 CMakeFiles/motor_control_pid.elf.dir/Core/Src/can.c.obj
 .debug_aranges
                0x0000000000000038       0x20 CMakeFiles/motor_control_pid.elf.dir/Core/Src/gpio.c.obj
 .debug_aranges
                0x0000000000000058       0x30 CMakeFiles/motor_control_pid.elf.dir/Core/Src/main.c.obj
 .debug_aranges
                0x0000000000000088       0x20 CMakeFiles/motor_control_pid.elf.dir/Core/Src/stm32f4xx_hal_msp.c.obj
 .debug_aranges
                0x00000000000000a8       0x70 CMakeFiles/motor_control_pid.elf.dir/Core/Src/stm32f4xx_it.c.obj
 .debug_aranges
                0x0000000000000118       0x28 CMakeFiles/motor_control_pid.elf.dir/Core/Src/system_stm32f4xx.c.obj
 .debug_aranges
                0x0000000000000140       0x28 CMakeFiles/motor_control_pid.elf.dir/Core/Startup/startup_stm32f407ighx.s.obj
 .debug_aranges
                0x0000000000000168       0x58 CMakeFiles/motor_control_pid.elf.dir/Core/application/CAN_receive.c.obj
 .debug_aranges
                0x00000000000001c0       0x20 CMakeFiles/motor_control_pid.elf.dir/Core/boards/bsp_can.c.obj
 .debug_aranges
                0x00000000000001e0       0x38 CMakeFiles/motor_control_pid.elf.dir/Core/pid/pid.c.obj
 .debug_aranges
                0x0000000000000218       0xf0 CMakeFiles/motor_control_pid.elf.dir/Drivers/STM32F4xx_HAL_Driver/Src/stm32f4xx_hal.c.obj
 .debug_aranges
                0x0000000000000308      0x138 CMakeFiles/motor_control_pid.elf.dir/Drivers/STM32F4xx_HAL_Driver/Src/stm32f4xx_hal_can.c.obj
 .debug_aranges
                0x0000000000000440       0xa8 CMakeFiles/motor_control_pid.elf.dir/Drivers/STM32F4xx_HAL_Driver/Src/stm32f4xx_hal_cortex.c.obj
 .debug_aranges
                0x00000000000004e8       0x58 CMakeFiles/motor_control_pid.elf.dir/Drivers/STM32F4xx_HAL_Driver/Src/stm32f4xx_hal_gpio.c.obj
 .debug_aranges
                0x0000000000000540       0x88 CMakeFiles/motor_control_pid.elf.dir/Drivers/STM32F4xx_HAL_Driver/Src/stm32f4xx_hal_rcc.c.obj

.debug_ranges   0x0000000000000000      0x558
 .debug_ranges  0x0000000000000000       0x28 CMakeFiles/motor_control_pid.elf.dir/Core/Src/can.c.obj
 .debug_ranges  0x0000000000000028       0x10 CMakeFiles/motor_control_pid.elf.dir/Core/Src/gpio.c.obj
 .debug_ranges  0x0000000000000038       0x20 CMakeFiles/motor_control_pid.elf.dir/Core/Src/main.c.obj
 .debug_ranges  0x0000000000000058       0x10 CMakeFiles/motor_control_pid.elf.dir/Core/Src/stm32f4xx_hal_msp.c.obj
 .debug_ranges  0x0000000000000068       0x60 CMakeFiles/motor_control_pid.elf.dir/Core/Src/stm32f4xx_it.c.obj
 .debug_ranges  0x00000000000000c8       0x18 CMakeFiles/motor_control_pid.elf.dir/Core/Src/system_stm32f4xx.c.obj
 .debug_ranges  0x00000000000000e0       0x20 CMakeFiles/motor_control_pid.elf.dir/Core/Startup/startup_stm32f407ighx.s.obj
 .debug_ranges  0x0000000000000100       0x48 CMakeFiles/motor_control_pid.elf.dir/Core/application/CAN_receive.c.obj
 .debug_ranges  0x0000000000000148       0x10 CMakeFiles/motor_control_pid.elf.dir/Core/boards/bsp_can.c.obj
 .debug_ranges  0x0000000000000158       0x28 CMakeFiles/motor_control_pid.elf.dir/Core/pid/pid.c.obj
 .debug_ranges  0x0000000000000180       0xe0 CMakeFiles/motor_control_pid.elf.dir/Drivers/STM32F4xx_HAL_Driver/Src/stm32f4xx_hal.c.obj
 .debug_ranges  0x0000000000000260      0x128 CMakeFiles/motor_control_pid.elf.dir/Drivers/STM32F4xx_HAL_Driver/Src/stm32f4xx_hal_can.c.obj
 .debug_ranges  0x0000000000000388       0xf8 CMakeFiles/motor_control_pid.elf.dir/Drivers/STM32F4xx_HAL_Driver/Src/stm32f4xx_hal_cortex.c.obj
 .debug_ranges  0x0000000000000480       0x48 CMakeFiles/motor_control_pid.elf.dir/Drivers/STM32F4xx_HAL_Driver/Src/stm32f4xx_hal_gpio.c.obj
 .debug_ranges  0x00000000000004c8       0x90 CMakeFiles/motor_control_pid.elf.dir/Drivers/STM32F4xx_HAL_Driver/Src/stm32f4xx_hal_rcc.c.obj

.debug_line     0x0000000000000000     0x54d1
 .debug_line    0x0000000000000000      0x59b CMakeFiles/motor_control_pid.elf.dir/Core/Src/can.c.obj
 .debug_line    0x000000000000059b      0x262 CMakeFiles/motor_control_pid.elf.dir/Core/Src/gpio.c.obj
 .debug_line    0x00000000000007fd      0x5db CMakeFiles/motor_control_pid.elf.dir/Core/Src/main.c.obj
 .debug_line    0x0000000000000dd8      0x1c6 CMakeFiles/motor_control_pid.elf.dir/Core/Src/stm32f4xx_hal_msp.c.obj
 .debug_line    0x0000000000000f9e      0x369 CMakeFiles/motor_control_pid.elf.dir/Core/Src/stm32f4xx_it.c.obj
 .debug_line    0x0000000000001307      0x28f CMakeFiles/motor_control_pid.elf.dir/Core/Src/system_stm32f4xx.c.obj
 .debug_line    0x0000000000001596       0xb9 CMakeFiles/motor_control_pid.elf.dir/Core/Startup/startup_stm32f407ighx.s.obj
 .debug_line    0x000000000000164f      0x4f5 CMakeFiles/motor_control_pid.elf.dir/Core/application/CAN_receive.c.obj
 .debug_line    0x0000000000001b44      0x28b CMakeFiles/motor_control_pid.elf.dir/Core/boards/bsp_can.c.obj
 .debug_line    0x0000000000001dcf      0x39c CMakeFiles/motor_control_pid.elf.dir/Core/pid/pid.c.obj
 .debug_line    0x000000000000216b      0x639 CMakeFiles/motor_control_pid.elf.dir/Drivers/STM32F4xx_HAL_Driver/Src/stm32f4xx_hal.c.obj
 .debug_line    0x00000000000027a4     0x11b1 CMakeFiles/motor_control_pid.elf.dir/Drivers/STM32F4xx_HAL_Driver/Src/stm32f4xx_hal_can.c.obj
 .debug_line    0x0000000000003955      0x84c CMakeFiles/motor_control_pid.elf.dir/Drivers/STM32F4xx_HAL_Driver/Src/stm32f4xx_hal_cortex.c.obj
 .debug_line    0x00000000000041a1      0x781 CMakeFiles/motor_control_pid.elf.dir/Drivers/STM32F4xx_HAL_Driver/Src/stm32f4xx_hal_gpio.c.obj
 .debug_line    0x0000000000004922      0xbaf CMakeFiles/motor_control_pid.elf.dir/Drivers/STM32F4xx_HAL_Driver/Src/stm32f4xx_hal_rcc.c.obj

.debug_str      0x0000000000000000     0x2689
 .debug_str     0x0000000000000000      0xb55 CMakeFiles/motor_control_pid.elf.dir/Core/Src/can.c.obj
                                        0xbd5 (size before relaxing)
 .debug_str     0x0000000000000b55       0x7f CMakeFiles/motor_control_pid.elf.dir/Core/Src/gpio.c.obj
                                        0x3c0 (size before relaxing)
 .debug_str     0x0000000000000bd4      0x386 CMakeFiles/motor_control_pid.elf.dir/Core/Src/main.c.obj
                                        0x6e2 (size before relaxing)
 .debug_str     0x0000000000000f5a       0x5d CMakeFiles/motor_control_pid.elf.dir/Core/Src/stm32f4xx_hal_msp.c.obj
                                        0x30f (size before relaxing)
 .debug_str     0x0000000000000fb7      0x122 CMakeFiles/motor_control_pid.elf.dir/Core/Src/stm32f4xx_it.c.obj
                                        0x571 (size before relaxing)
 .debug_str     0x00000000000010d9       0xb8 CMakeFiles/motor_control_pid.elf.dir/Core/Src/system_stm32f4xx.c.obj
                                        0x375 (size before relaxing)
 .debug_str     0x0000000000001191       0x67 CMakeFiles/motor_control_pid.elf.dir/Core/Startup/startup_stm32f407ighx.s.obj
                                         0xad (size before relaxing)
 .debug_str     0x00000000000011f8      0x2c4 CMakeFiles/motor_control_pid.elf.dir/Core/application/CAN_receive.c.obj
                                        0x7ba (size before relaxing)
 .debug_str     0x00000000000014bc      0x136 CMakeFiles/motor_control_pid.elf.dir/Core/boards/bsp_can.c.obj
                                        0x5b3 (size before relaxing)
 .debug_str     0x00000000000015f2      0x12e CMakeFiles/motor_control_pid.elf.dir/Core/pid/pid.c.obj
                                        0x440 (size before relaxing)
 .debug_str     0x0000000000001720      0x36d CMakeFiles/motor_control_pid.elf.dir/Drivers/STM32F4xx_HAL_Driver/Src/stm32f4xx_hal.c.obj
                                        0xbae (size before relaxing)
 .debug_str     0x0000000000001a8d      0x401 CMakeFiles/motor_control_pid.elf.dir/Drivers/STM32F4xx_HAL_Driver/Src/stm32f4xx_hal_can.c.obj
                                        0xa9f (size before relaxing)
 .debug_str     0x0000000000001e8e      0x4cd CMakeFiles/motor_control_pid.elf.dir/Drivers/STM32F4xx_HAL_Driver/Src/stm32f4xx_hal_cortex.c.obj
                                        0xc80 (size before relaxing)
 .debug_str     0x000000000000235b      0x159 CMakeFiles/motor_control_pid.elf.dir/Drivers/STM32F4xx_HAL_Driver/Src/stm32f4xx_hal_gpio.c.obj
                                        0x534 (size before relaxing)
 .debug_str     0x00000000000024b4      0x1d5 CMakeFiles/motor_control_pid.elf.dir/Drivers/STM32F4xx_HAL_Driver/Src/stm32f4xx_hal_rcc.c.obj
                                        0x75a (size before relaxing)

.comment        0x0000000000000000       0x49
 .comment       0x0000000000000000       0x49 CMakeFiles/motor_control_pid.elf.dir/Core/Src/can.c.obj
                                         0x4a (size before relaxing)
 .comment       0x0000000000000049       0x4a CMakeFiles/motor_control_pid.elf.dir/Core/Src/gpio.c.obj
 .comment       0x0000000000000049       0x4a CMakeFiles/motor_control_pid.elf.dir/Core/Src/main.c.obj
 .comment       0x0000000000000049       0x4a CMakeFiles/motor_control_pid.elf.dir/Core/Src/stm32f4xx_hal_msp.c.obj
 .comment       0x0000000000000049       0x4a CMakeFiles/motor_control_pid.elf.dir/Core/Src/stm32f4xx_it.c.obj
 .comment       0x0000000000000049       0x4a CMakeFiles/motor_control_pid.elf.dir/Core/Src/system_stm32f4xx.c.obj
 .comment       0x0000000000000049       0x4a CMakeFiles/motor_control_pid.elf.dir/Core/application/CAN_receive.c.obj
 .comment       0x0000000000000049       0x4a CMakeFiles/motor_control_pid.elf.dir/Core/boards/bsp_can.c.obj
 .comment       0x0000000000000049       0x4a CMakeFiles/motor_control_pid.elf.dir/Core/pid/pid.c.obj
 .comment       0x0000000000000049       0x4a CMakeFiles/motor_control_pid.elf.dir/Drivers/STM32F4xx_HAL_Driver/Src/stm32f4xx_hal.c.obj
 .comment       0x0000000000000049       0x4a CMakeFiles/motor_control_pid.elf.dir/Drivers/STM32F4xx_HAL_Driver/Src/stm32f4xx_hal_can.c.obj
 .comment       0x0000000000000049       0x4a CMakeFiles/motor_control_pid.elf.dir/Drivers/STM32F4xx_HAL_Driver/Src/stm32f4xx_hal_cortex.c.obj
 .comment       0x0000000000000049       0x4a CMakeFiles/motor_control_pid.elf.dir/Drivers/STM32F4xx_HAL_Driver/Src/stm32f4xx_hal_gpio.c.obj
 .comment       0x0000000000000049       0x4a CMakeFiles/motor_control_pid.elf.dir/Drivers/STM32F4xx_HAL_Driver/Src/stm32f4xx_hal_rcc.c.obj

.debug_frame    0x0000000000000000      0xf94
 .debug_frame   0x0000000000000000       0x78 CMakeFiles/motor_control_pid.elf.dir/Core/Src/can.c.obj
 .debug_frame   0x0000000000000078       0x30 CMakeFiles/motor_control_pid.elf.dir/Core/Src/gpio.c.obj
 .debug_frame   0x00000000000000a8       0x64 CMakeFiles/motor_control_pid.elf.dir/Core/Src/main.c.obj
 .debug_frame   0x000000000000010c       0x28 CMakeFiles/motor_control_pid.elf.dir/Core/Src/stm32f4xx_hal_msp.c.obj
 .debug_frame   0x0000000000000134       0xd8 CMakeFiles/motor_control_pid.elf.dir/Core/Src/stm32f4xx_it.c.obj
 .debug_frame   0x000000000000020c       0x30 CMakeFiles/motor_control_pid.elf.dir/Core/Src/system_stm32f4xx.c.obj
 .debug_frame   0x000000000000023c       0xc8 CMakeFiles/motor_control_pid.elf.dir/Core/application/CAN_receive.c.obj
 .debug_frame   0x0000000000000304       0x30 CMakeFiles/motor_control_pid.elf.dir/Core/boards/bsp_can.c.obj
 .debug_frame   0x0000000000000334       0x70 CMakeFiles/motor_control_pid.elf.dir/Core/pid/pid.c.obj
 .debug_frame   0x00000000000003a4      0x1ec CMakeFiles/motor_control_pid.elf.dir/Drivers/STM32F4xx_HAL_Driver/Src/stm32f4xx_hal.c.obj
 .debug_frame   0x0000000000000590      0x2d0 CMakeFiles/motor_control_pid.elf.dir/Drivers/STM32F4xx_HAL_Driver/Src/stm32f4xx_hal_can.c.obj
 .debug_frame   0x0000000000000860      0x148 CMakeFiles/motor_control_pid.elf.dir/Drivers/STM32F4xx_HAL_Driver/Src/stm32f4xx_hal_cortex.c.obj
 .debug_frame   0x00000000000009a8       0xd8 CMakeFiles/motor_control_pid.elf.dir/Drivers/STM32F4xx_HAL_Driver/Src/stm32f4xx_hal_gpio.c.obj
 .debug_frame   0x0000000000000a80      0x16c CMakeFiles/motor_control_pid.elf.dir/Drivers/STM32F4xx_HAL_Driver/Src/stm32f4xx_hal_rcc.c.obj
 .debug_frame   0x0000000000000bec       0x24 /usr/local/Cellar/arm-none-eabi-gcc/10.3-2021.07/gcc/bin/../lib/gcc/arm-none-eabi/10.3.1/thumb/v7e-m/nofp/libgcc.a(_arm_mulsf3.o)
 .debug_frame   0x0000000000000c10       0x4c /usr/local/Cellar/arm-none-eabi-gcc/10.3-2021.07/gcc/bin/../lib/gcc/arm-none-eabi/10.3.1/thumb/v7e-m/nofp/libgcc.a(_arm_addsubsf3.o)
 .debug_frame   0x0000000000000c5c       0xc8 /usr/local/Cellar/arm-none-eabi-gcc/10.3-2021.07/gcc/bin/../lib/gcc/arm-none-eabi/10.3.1/thumb/v7e-m/nofp/libgcc.a(_arm_cmpsf2.o)
 .debug_frame   0x0000000000000d24       0x24 /usr/local/Cellar/arm-none-eabi-gcc/10.3-2021.07/gcc/bin/../lib/gcc/arm-none-eabi/10.3.1/thumb/v7e-m/nofp/libgcc.a(_arm_fixsfsi.o)
 .debug_frame   0x0000000000000d48       0x2c /usr/local/Cellar/arm-none-eabi-gcc/10.3-2021.07/gcc/bin/../lib/gcc/arm-none-eabi/10.3.1/thumb/v7e-m/nofp/libgcc.a(_aeabi_uldivmod.o)
 .debug_frame   0x0000000000000d74       0x34 /usr/local/Cellar/arm-none-eabi-gcc/10.3-2021.07/gcc/bin/../lib/gcc/arm-none-eabi/10.3.1/thumb/v7e-m/nofp/libgcc.a(_udivmoddi4.o)
 .debug_frame   0x0000000000000da8       0x2c /usr/local/Cellar/arm-none-eabi-gcc/10.3-2021.07/gcc/bin/../lib/gcc/arm-none-eabi/10.3.1/../../../../arm-none-eabi/lib/thumb/v7e-m/nofp/libg.a(lib_a-init.o)
 .debug_frame   0x0000000000000dd4       0x2c /usr/local/Cellar/arm-none-eabi-gcc/10.3-2021.07/gcc/bin/../lib/gcc/arm-none-eabi/10.3.1/../../../../arm-none-eabi/lib/thumb/v7e-m/nofp/libg.a(lib_a-memset.o)
 .debug_frame   0x0000000000000e00       0x5c /usr/local/Cellar/arm-none-eabi-gcc/10.3-2021.07/gcc/bin/../lib/gcc/arm-none-eabi/10.3.1/../../../../arm-none-eabi/lib/thumb/v7e-m/nofp/libg.a(lib_a-__call_atexit.o)
 .debug_frame   0x0000000000000e5c       0x20 /usr/local/Cellar/arm-none-eabi-gcc/10.3-2021.07/gcc/bin/../lib/gcc/arm-none-eabi/10.3.1/../../../../arm-none-eabi/lib/thumb/v7e-m/nofp/libg.a(lib_a-atexit.o)
 .debug_frame   0x0000000000000e7c       0x34 /usr/local/Cellar/arm-none-eabi-gcc/10.3-2021.07/gcc/bin/../lib/gcc/arm-none-eabi/10.3.1/../../../../arm-none-eabi/lib/thumb/v7e-m/nofp/libg.a(lib_a-fini.o)
 .debug_frame   0x0000000000000eb0       0xb0 /usr/local/Cellar/arm-none-eabi-gcc/10.3-2021.07/gcc/bin/../lib/gcc/arm-none-eabi/10.3.1/../../../../arm-none-eabi/lib/thumb/v7e-m/nofp/libg.a(lib_a-lock.o)
 .debug_frame   0x0000000000000f60       0x34 /usr/local/Cellar/arm-none-eabi-gcc/10.3-2021.07/gcc/bin/../lib/gcc/arm-none-eabi/10.3.1/../../../../arm-none-eabi/lib/thumb/v7e-m/nofp/libg.a(lib_a-__atexit.o)
